Archive member included to satisfy reference by file (symbol)

./iapbuild/\libSTMCore.a(system_stm32yyxx.o)
                              ./iapbuild/./IAP/src/main.o (SystemCoreClock)
./iapbuild/\libSTMCore.a(stm32h7xx_hal_cortex.o)
                              ./iapbuild/./IAP/src/main.o (HAL_NVIC_DisableIRQ)
./iapbuild/\libSTMCore.a(stm32h7xx_hal_flash.o)
                              ./iapbuild/./IAP/src/main.o (HAL_FLASH_Unlock)
./iapbuild/\libSTMCore.a(stm32h7xx_hal_flash_ex.o)
                              ./iapbuild/\libSTMCore.a(stm32h7xx_hal_flash.o) (FLASH_Erase_Sector)
./iapbuild/\libSTMCore.a(Cache.o)
                              ./iapbuild/./IAP/src/main.o (Cache::Init())
./iapbuild/\libSTMCore.a(CoreIO.o)
                              ./iapbuild/./RepRapFirmware/src/targets/STM32/FatFS/SDCardSPI.o (millis)
./iapbuild/\libSTMCore.a(Startup.o)
                              c:/program files (x86)/gnu arm embedded toolchain/10 2021.10/bin/../lib/gcc/arm-none-eabi/10.3.1/../../../../arm-none-eabi/lib/thumb/v7e-m+fp/hard/crt0.o (main)
./iapbuild/\libSTMCore.a(variant.o)
                              ./iapbuild/\libSTMCore.a(Startup.o) (SystemClock_Config)
./iapbuild/\libSTMCore.a(HardwareSDIO.o)
                              ./iapbuild/./IAP/src/main.o (HardwareSDIO::InitPins(unsigned long))
./iapbuild/\libSTMCore.a(startup_stm32yyxx.o)
                              (Reset_Handler)
./iapbuild/\libSTMCore.a(dwt.o)
                              ./iapbuild/\libSTMCore.a(Startup.o) (dwt_init)
./iapbuild/\libSTMCore.a(pinmap.o)
                              ./iapbuild/\libSTMCore.a(CoreIO.o) (pin_function)
./iapbuild/\libSTMCore.a(PortNames.o)
                              ./iapbuild/\libSTMCore.a(pinmap.o) (set_GPIO_Port_Clock)
./iapbuild/\libSTMCore.a(stm32_def.o)
                              ./iapbuild/\libSTMCore.a(variant.o) (_Error_Handler)
./iapbuild/\libSTMCore.a(stm32h7xx_hal.o)
                              ./iapbuild/\libSTMCore.a(Startup.o) (HAL_Init)
./iapbuild/\libSTMCore.a(stm32h7xx_hal_iwdg.o)
                              ./iapbuild/\libSTMCore.a(CoreIO.o) (HAL_IWDG_Init)
./iapbuild/\libSTMCore.a(stm32h7xx_hal_pwr_ex.o)
                              ./iapbuild/\libSTMCore.a(variant.o) (HAL_PWREx_ConfigSupply)
./iapbuild/\libSTMCore.a(stm32h7xx_hal_rcc.o)
                              ./iapbuild/\libSTMCore.a(variant.o) (HAL_RCC_OscConfig)
./iapbuild/\libSTMCore.a(stm32h7xx_hal_rcc_ex.o)
                              ./iapbuild/\libSTMCore.a(variant.o) (HAL_RCCEx_PeriphCLKConfig)
./iapbuild/\libSTMCore.a(stm32h7xx_hal_sd.o)
                              ./iapbuild/\libSTMCore.a(HardwareSDIO.o) (HAL_SD_DeInit)
./iapbuild/\libSTMCore.a(stm32h7xx_ll_sdmmc.o)
                              ./iapbuild/\libSTMCore.a(stm32h7xx_hal_sd.o) (SDMMC_Init)
./iapbuild/\libSTMCore.a(PeripheralPins.o)
                              ./iapbuild/\libSTMCore.a(HardwareSDIO.o) (PinMap_SD)
./iapbuild/\libSTMCore.a(stm32h7xx_hal_gpio.o)
                              ./iapbuild/\libSTMCore.a(stm32h7xx_hal_rcc.o) (HAL_GPIO_Init)
./iapbuild/\libSTMCore.a(stm32h7xx_hal_pwr.o)
                              ./iapbuild/\libSTMCore.a(stm32h7xx_hal_pwr_ex.o) (HAL_PWR_PVDCallback)
./iapbuild/\libRRFLibraries.a(SafeStrtod.o)
                              ./iapbuild/./RepRapFirmware/src/libc/strptime.o (StrToI32(char const*, char const**))
./iapbuild/\libRRFLibraries.a(NumericConverter.o)
                              ./iapbuild/\libRRFLibraries.a(SafeStrtod.o) (NumericConverter::FitsInInt32() const)
c:/program files (x86)/gnu arm embedded toolchain/10 2021.10/bin/../lib/gcc/arm-none-eabi/10.3.1/../../../../arm-none-eabi/lib/thumb/v7e-m+fp/hard\libc.a(lib_a-init.o)
                              c:/program files (x86)/gnu arm embedded toolchain/10 2021.10/bin/../lib/gcc/arm-none-eabi/10.3.1/../../../../arm-none-eabi/lib/thumb/v7e-m+fp/hard/crt0.o (__libc_init_array)
c:/program files (x86)/gnu arm embedded toolchain/10 2021.10/bin/../lib/gcc/arm-none-eabi/10.3.1/../../../../arm-none-eabi/lib/thumb/v7e-m+fp/hard\libc.a(lib_a-isspace.o)
                              ./iapbuild/./RepRapFirmware/src/libc/strptime.o (isspace)
c:/program files (x86)/gnu arm embedded toolchain/10 2021.10/bin/../lib/gcc/arm-none-eabi/10.3.1/../../../../arm-none-eabi/lib/thumb/v7e-m+fp/hard\libc.a(lib_a-isxdigit.o)
                              ./iapbuild/\libRRFLibraries.a(NumericConverter.o) (isxdigit)
c:/program files (x86)/gnu arm embedded toolchain/10 2021.10/bin/../lib/gcc/arm-none-eabi/10.3.1/../../../../arm-none-eabi/lib/thumb/v7e-m+fp/hard\libc.a(lib_a-rand_r.o)
                              ./iapbuild/\libSTMCore.a(CoreIO.o) (rand_r)
c:/program files (x86)/gnu arm embedded toolchain/10 2021.10/bin/../lib/gcc/arm-none-eabi/10.3.1/../../../../arm-none-eabi/lib/thumb/v7e-m+fp/hard\libc.a(lib_a-strchr.o)
                              ./iapbuild/./RepRapFirmware/src/targets/common/FatFS/ff.o (strchr)
[...]
Memory Configuration

Name             Origin             Length             Attributes
DTCMRAM          0x20000000         0x00020000         xrw
ITCMRAM          0x00000000         0x00010000         xrw
RAM_D1           0x24000000         0x00070000         xrw
RAM_D1NC         0x24070000         0x00010000         xrw
RAM_D2           0x30000000         0x00048000         xrw
RAM_D3           0x38000000         0x00010000         xrw
FLASH            0x08000000         0x00020000         xr
*default*        0x00000000         0xffffffff

Linker script and memory map

LOAD c:/program files (x86)/gnu arm embedded toolchain/10 2021.10/bin/../lib/gcc/arm-none-eabi/10.3.1/thumb/v7e-m+fp/hard/crti.o
LOAD c:/program files (x86)/gnu arm embedded toolchain/10 2021.10/bin/../lib/gcc/arm-none-eabi/10.3.1/thumb/v7e-m+fp/hard/crtbegin.o
LOAD c:/program files (x86)/gnu arm embedded toolchain/10 2021.10/bin/../lib/gcc/arm-none-eabi/10.3.1/../../../../arm-none-eabi/lib/thumb/v7e-m+fp/hard/crt0.o
                0x00200000                LD_MAX_SIZE = 0x200000
                0x00080000                LD_MAX_DATA_SIZE = 0x80000
                0x00000000                LD_FLASH_OFFSET = 0x0
START GROUP
LOAD ./iapbuild/./RepRapFirmware/src/libc/errno.o
LOAD ./iapbuild/./RepRapFirmware/src/libc/memcmp.o
LOAD ./iapbuild/./RepRapFirmware/src/libc/memcpy.o
LOAD ./iapbuild/./RepRapFirmware/src/libc/memmove.o
LOAD ./iapbuild/./RepRapFirmware/src/libc/memset.o
LOAD ./iapbuild/./RepRapFirmware/src/libc/nano-mallocr.o
LOAD ./iapbuild/./RepRapFirmware/src/targets/common/FatFS/ff.o
LOAD ./iapbuild/./RepRapFirmware/src/targets/common/FatFS/ffunicode.o
LOAD ./iapbuild/./RepRapFirmware/src/libc/strptime.o
LOAD ./iapbuild/./RepRapFirmware/src/libcpp/eh_alloc.o
LOAD ./iapbuild/./RepRapFirmware/src/targets/STM32/FatFS/sd_mmc_wrapper.o
LOAD ./iapbuild/./RepRapFirmware/src/targets/STM32/FatFS/SDCardSDIO.o
LOAD ./iapbuild/./RepRapFirmware/src/targets/STM32/FatFS/SDCardSPI.o
LOAD ./iapbuild/./RepRapFirmware/src/libcpp/vterminate.o
LOAD ./iapbuild/./IAP/src/main.o
LOAD ./iapbuild/./IAP/src/new.o
LOAD ./iapbuild/./IAP/src/FatFS/diskio.o
LOAD ./iapbuild/./IAP/src/FatFS/fattime_rtc.o
LOAD ./iapbuild/\libSTMCore.a
LOAD ./iapbuild/\libRRFLibraries.a
LOAD ./CoreN2G/src/STM32/system/CMSIS/CMSIS/DSP/Lib/GCC\libarm_cortexM7l_math.a
LOAD c:/program files (x86)/gnu arm embedded toolchain/10 2021.10/bin/../lib/gcc/arm-none-eabi/10.3.1/../../../../arm-none-eabi/lib/thumb/v7e-m+fp/hard\libc.a
LOAD c:/program files (x86)/gnu arm embedded toolchain/10 2021.10/bin/../lib/gcc/arm-none-eabi/10.3.1/../../../../arm-none-eabi/lib/thumb/v7e-m+fp/hard\libm.a
LOAD c:/program files (x86)/gnu arm embedded toolchain/10 2021.10/bin/../lib/gcc/arm-none-eabi/10.3.1/thumb/v7e-m+fp/hard\libgcc.a
LOAD c:/program files (x86)/gnu arm embedded toolchain/10 2021.10/bin/../lib/gcc/arm-none-eabi/10.3.1/../../../../arm-none-eabi/lib/thumb/v7e-m+fp/hard\libstdc++.a
END GROUP
START GROUP
LOAD c:/program files (x86)/gnu arm embedded toolchain/10 2021.10/bin/../lib/gcc/arm-none-eabi/10.3.1/thumb/v7e-m+fp/hard\libgcc.a
LOAD c:/program files (x86)/gnu arm embedded toolchain/10 2021.10/bin/../lib/gcc/arm-none-eabi/10.3.1/../../../../arm-none-eabi/lib/thumb/v7e-m+fp/hard\libc.a
END GROUP
START GROUP
LOAD c:/program files (x86)/gnu arm embedded toolchain/10 2021.10/bin/../lib/gcc/arm-none-eabi/10.3.1/thumb/v7e-m+fp/hard\libgcc.a
LOAD c:/program files (x86)/gnu arm embedded toolchain/10 2021.10/bin/../lib/gcc/arm-none-eabi/10.3.1/../../../../arm-none-eabi/lib/thumb/v7e-m+fp/hard\libc.a
LOAD c:/program files (x86)/gnu arm embedded toolchain/10 2021.10/bin/../lib/gcc/arm-none-eabi/10.3.1/../../../../arm-none-eabi/lib/thumb/v7e-m+fp/hard\libnosys.a
END GROUP
LOAD c:/program files (x86)/gnu arm embedded toolchain/10 2021.10/bin/../lib/gcc/arm-none-eabi/10.3.1/thumb/v7e-m+fp/hard/crtend.o
LOAD c:/program files (x86)/gnu arm embedded toolchain/10 2021.10/bin/../lib/gcc/arm-none-eabi/10.3.1/thumb/v7e-m+fp/hard/crtn.o
                0x00000200                _Min_Heap_Size = 0x200
                0x00000400                _Min_Stack_Size = 0x400

.isr_vector     0x08000000      0x298
                0x08000000                . = ALIGN (0x4)
 *(.isr_vector)
 .isr_vector    0x08000000      0x298 ./iapbuild/\libSTMCore.a(startup_stm32yyxx.o)
                0x08000000                g_pfnVectors
                0x08000298                . = ALIGN (0x4)

.text           0x08000298     0x6ee4
                0x08000298                . = ALIGN (0x4)
                0x08000298                __etext_start = .
 *(.text)
 .text          0x08000298       0x40 c:/program files (x86)/gnu arm embedded toolchain/10 2021.10/bin/../lib/gcc/arm-none-eabi/10.3.1/thumb/v7e-m+fp/hard/crtbegin.o
 *(.text*)
 .text.memcmp   0x080002d8       0x20 ./iapbuild/./RepRapFirmware/src/libc/memcmp.o
                0x080002d8                memcmp
 .text.memcpy   0x080002f8       0x1a ./iapbuild/./RepRapFirmware/src/libc/memcpy.o
                0x080002f8                memcpy
 .text.memset   0x08000312       0x10 ./iapbuild/./RepRapFirmware/src/libc/memset.o
                0x08000312                memset
 *fill*         0x08000322        0x2 
 .text.malloc   0x08000324       0x9c ./iapbuild/./RepRapFirmware/src/libc/nano-mallocr.o
                0x08000324                malloc
 .text.free     0x080003c0       0x98 ./iapbuild/./RepRapFirmware/src/libc/nano-mallocr.o
                0x080003c0                free
 .text.ld_dword
                0x08000458       0x16 ./iapbuild/./RepRapFirmware/src/targets/common/FatFS/ff.o
 .text.st_dword
                0x0800046e       0x10 ./iapbuild/./RepRapFirmware/src/targets/common/FatFS/ff.o
 .text.clst2sect
                0x0800047e       0x16 ./iapbuild/./RepRapFirmware/src/targets/common/FatFS/ff.o
 .text.st_clust
                0x08000494       0x18 ./iapbuild/./RepRapFirmware/src/targets/common/FatFS/ff.o
 .text.sum_sfn  0x080004ac       0x1e ./iapbuild/./RepRapFirmware/src/targets/common/FatFS/ff.o
 .text.get_ldnumber
                0x080004ca       0x3a ./iapbuild/./RepRapFirmware/src/targets/common/FatFS/ff.o
 .text.validate
                0x08000504       0x34 ./iapbuild/./RepRapFirmware/src/targets/common/FatFS/ff.o
 .text.sync_window
                0x08000538       0x44 ./iapbuild/./RepRapFirmware/src/targets/common/FatFS/ff.o
 .text.move_window
                0x0800057c       0x30 ./iapbuild/./RepRapFirmware/src/targets/common/FatFS/ff.o
 .text.check_fs
                0x080005ac       0xbc ./iapbuild/./RepRapFirmware/src/targets/common/FatFS/ff.o
 .text.put_fat  0x08000668       0xf4 ./iapbuild/./RepRapFirmware/src/targets/common/FatFS/ff.o
 .text.dir_clear
                0x0800075c       0x52 ./iapbuild/./RepRapFirmware/src/targets/common/FatFS/ff.o
 .text.sync_fs  0x080007ae       0x94 ./iapbuild/./RepRapFirmware/src/targets/common/FatFS/ff.o
 *fill*         0x08000842        0x2 
 .text.mount_volume
                0x08000844      0x294 ./iapbuild/./RepRapFirmware/src/targets/common/FatFS/ff.o
 .text.ld_clust.isra.0
                0x08000ad8       0x1c ./iapbuild/./RepRapFirmware/src/targets/common/FatFS/ff.o
 .text.get_fat.isra.0
                0x08000af4       0xae ./iapbuild/./RepRapFirmware/src/targets/common/FatFS/ff.o
 .text.remove_chain
                0x08000ba2       0x70 ./iapbuild/./RepRapFirmware/src/targets/common/FatFS/ff.o
 .text.create_chain
                0x08000c12       0xe8 ./iapbuild/./RepRapFirmware/src/targets/common/FatFS/ff.o
 .text.dir_next
                0x08000cfa       0xaa ./iapbuild/./RepRapFirmware/src/targets/common/FatFS/ff.o
 .text.dir_read.constprop.0
                0x08000da4      0x10c ./iapbuild/./RepRapFirmware/src/targets/common/FatFS/ff.o
 .text.dir_sdi  0x08000eb0       0x82 ./iapbuild/./RepRapFirmware/src/targets/common/FatFS/ff.o
 .text.dir_remove
                0x08000f32       0x4e ./iapbuild/./RepRapFirmware/src/targets/common/FatFS/ff.o
 .text.dir_find
                0x08000f80      0x158 ./iapbuild/./RepRapFirmware/src/targets/common/FatFS/ff.o
 .text.follow_path
                0x080010d8      0x330 ./iapbuild/./RepRapFirmware/src/targets/common/FatFS/ff.o
 .text.dir_register
                0x08001408      0x288 ./iapbuild/./RepRapFirmware/src/targets/common/FatFS/ff.o
 .text.f_mount  0x08001690       0x48 ./iapbuild/./RepRapFirmware/src/targets/common/FatFS/ff.o
                0x08001690                f_mount
 .text.f_open   0x080016d8      0x1a8 ./iapbuild/./RepRapFirmware/src/targets/common/FatFS/ff.o
                0x080016d8                f_open
 .text.f_read   0x08001880      0x144 ./iapbuild/./RepRapFirmware/src/targets/common/FatFS/ff.o
                0x08001880                f_read
 .text.f_sync   0x080019c4       0x6e ./iapbuild/./RepRapFirmware/src/targets/common/FatFS/ff.o
                0x080019c4                f_sync
 .text.f_close  0x08001a32       0x1a ./iapbuild/./RepRapFirmware/src/targets/common/FatFS/ff.o
                0x08001a32                f_close
 .text.f_unlink
                0x08001a4c       0xa2 ./iapbuild/./RepRapFirmware/src/targets/common/FatFS/ff.o
                0x08001a4c                f_unlink
 .text.f_rename
                0x08001aee      0x104 ./iapbuild/./RepRapFirmware/src/targets/common/FatFS/ff.o
                0x08001aee                f_rename
 *fill*         0x08001bf2        0x2 
 .text.ff_uni2oem
                0x08001bf4       0x40 ./iapbuild/./RepRapFirmware/src/targets/common/FatFS/ffunicode.o
                0x08001bf4                ff_uni2oem
 .text.ff_wtoupper
                0x08001c34       0x90 ./iapbuild/./RepRapFirmware/src/targets/common/FatFS/ffunicode.o
                0x08001c34                ff_wtoupper
 .text._Z20sd_mmc_setSSPChannelh10SSPChannel7PinName
                0x08001cc4       0x40 ./iapbuild/./RepRapFirmware/src/targets/STM32/FatFS/sd_mmc_wrapper.o
                0x08001cc4                sd_mmc_setSSPChannel(unsigned char, SSPChannel, PinName)
 .text._ZN10SDCardSDIOD2Ev
                0x08001d04        0x2 ./iapbuild/./RepRapFirmware/src/targets/STM32/FatFS/SDCardSDIO.o
                0x08001d04                SDCardSDIO::~SDCardSDIO()
                0x08001d04                SDCardSDIO::~SDCardSDIO()
 .text._ZN10SDCardSDIO17set_max_frequencyEm
                0x08001d06        0x2 ./iapbuild/./RepRapFirmware/src/targets/STM32/FatFS/SDCardSDIO.o
                0x08001d06                SDCardSDIO::set_max_frequency(unsigned long)
 .text._ZN10SDCardSDIO7unmountEv
                0x08001d08       0x14 ./iapbuild/./RepRapFirmware/src/targets/STM32/FatFS/SDCardSDIO.o
                0x08001d08                SDCardSDIO::unmount()
 .text._ZN10SDCardSDIO11disk_statusEv
                0x08001d1c        0x4 ./iapbuild/./RepRapFirmware/src/targets/STM32/FatFS/SDCardSDIO.o
                0x08001d1c                SDCardSDIO::disk_status()
 .text._ZN10SDCardSDIO15disk_initializeEv
                0x08001d20       0x54 ./iapbuild/./RepRapFirmware/src/targets/STM32/FatFS/SDCardSDIO.o
                0x08001d20                SDCardSDIO::disk_initialize()
 .text._ZN10SDCardSDIO10disk_ioctlEhPv
                0x08001d74       0x54 ./iapbuild/./RepRapFirmware/src/targets/STM32/FatFS/SDCardSDIO.o
                0x08001d74                SDCardSDIO::disk_ioctl(unsigned char, void*)
 .text._ZN10SDCardSDIOD0Ev
                0x08001dc8        0xe ./iapbuild/./RepRapFirmware/src/targets/STM32/FatFS/SDCardSDIO.o
                0x08001dc8                SDCardSDIO::~SDCardSDIO()
 *fill*         0x08001dd6        0x2 
 .text._ZN10SDCardSDIO9disk_readEPhmm
                0x08001dd8       0x38 ./iapbuild/./RepRapFirmware/src/targets/STM32/FatFS/SDCardSDIO.o
                0x08001dd8                SDCardSDIO::disk_read(unsigned char*, unsigned long, unsigned long)
 .text._ZN10SDCardSDIO10disk_writeEPKhmm
                0x08001e10       0x44 ./iapbuild/./RepRapFirmware/src/targets/STM32/FatFS/SDCardSDIO.o
                0x08001e10                SDCardSDIO::disk_write(unsigned char const*, unsigned long, unsigned long)
 .text._ZN10SDCardSDIOC2Ev
                0x08001e54       0x2c ./iapbuild/./RepRapFirmware/src/targets/STM32/FatFS/SDCardSDIO.o
                0x08001e54                SDCardSDIO::SDCardSDIO()
                0x08001e54                SDCardSDIO::SDCardSDIO()
 .text._sbrk    0x08001e80       0x20 ./iapbuild/./IAP/src/main.o
                0x08001e80                _sbrk
 .text.SysTick_Handler
                0x08001ea0        0xe ./iapbuild/./IAP/src/main.o
                0x08001ea0                SysTick_Handler
 .text.WWDG_IRQHandler
                0x08001eae        0x0 ./iapbuild/./IAP/src/main.o
                0x08001eae                WWDG_IRQHandler
 .text.debugPrintf
                0x08001eae        0x6 ./iapbuild/./IAP/src/main.o
                0x08001eae                debugPrintf
 .text.assert_failed
                0x08001eb4        0x2 ./iapbuild/./IAP/src/main.o
                0x08001eb4                assert_failed
 .text.vAssertCalled
                0x08001eb6        0x2 ./iapbuild/./IAP/src/main.o
                0x08001eb6                vAssertCalled
 .text.GetMallocMutex
                0x08001eb8        0x2 ./iapbuild/./IAP/src/main.o
                0x08001eb8                GetMallocMutex
 .text.ReleaseMallocMutex
                0x08001eba        0x2 ./iapbuild/./IAP/src/main.o
                0x08001eba                ReleaseMallocMutex
 .text._Z8FlushECCPvi
                0x08001ebc       0x4a ./iapbuild/./IAP/src/main.o
                0x08001ebc                FlushECC(void*, int)
 *fill*         0x08001f06        0x2 
 .text._Z12GetParamsPtrv
                0x08001f08       0x10 ./iapbuild/./IAP/src/main.o
                0x08001f08                GetParamsPtr()
 .text._Z7AppInitv
                0x08001f18        0x6 ./iapbuild/./IAP/src/main.o
                0x08001f18                AppInit()
 *fill*         0x08001f1e        0x2 
 .text._Z4Initb
                0x08001f20       0x60 ./iapbuild/./IAP/src/main.o
                0x08001f20                Init(bool)
 .text._Z11FlashVerifymPKhj
                0x08001f80       0x24 ./iapbuild/./IAP/src/main.o
                0x08001f80                FlashVerify(unsigned long, unsigned char const*, unsigned int)
 .text._Z13FlashEraseAllv
                0x08001fa4      0x128 ./iapbuild/./IAP/src/main.o
                0x08001fa4                FlashEraseAll()
 .text._Z9GetParamsv
                0x080020cc       0x20 ./iapbuild/./IAP/src/main.o
                0x080020cc                GetParams()
 .text._Z9SetParamsm
                0x080020ec       0x20 ./iapbuild/./IAP/src/main.o
                0x080020ec                SetParams(unsigned long)
 .text._Z13StartFirmwarev
                0x0800210c       0x38 ./iapbuild/./IAP/src/main.o
                0x0800210c                StartFirmware()
 .text._Z18CheckValidFirmwarePK13DeviceVectors
                0x08002144       0x44 ./iapbuild/./IAP/src/main.o
                0x08002144                CheckValidFirmware(DeviceVectors const*)
 .text._Z10AppPreInitv
                0x08002188       0x28 ./iapbuild/./IAP/src/main.o
                0x08002188                AppPreInit()
 .text._Z19TransferDataToFlashP3FIL
                0x080021b0       0xe4 ./iapbuild/./IAP/src/main.o
                0x080021b0                TransferDataToFlash(FIL*)
 .text._Z7AppMainv
                0x08002294       0x98 ./iapbuild/./IAP/src/main.o
                0x08002294                AppMain()
 .text._Znwj    0x0800232c       0x1a ./iapbuild/./IAP/src/new.o
                0x0800232c                operator new(unsigned int)
 .text._ZdlPvj  0x08002346        0x4 ./iapbuild/./IAP/src/new.o
                0x08002346                operator delete(void*, unsigned int)
 *fill*         0x0800234a        0x2 
 .text.disk_initialize
                0x0800234c       0x10 ./iapbuild/./IAP/src/FatFS/diskio.o
                0x0800234c                disk_initialize
 .text.disk_status
                0x0800235c       0x10 ./iapbuild/./IAP/src/FatFS/diskio.o
                0x0800235c                disk_status
 .text.disk_read
                0x0800236c       0x58 ./iapbuild/./IAP/src/FatFS/diskio.o
                0x0800236c                disk_read
 .text.disk_write
                0x080023c4       0x58 ./iapbuild/./IAP/src/FatFS/diskio.o
                0x080023c4                disk_write
 .text.disk_ioctl
                0x0800241c       0x10 ./iapbuild/./IAP/src/FatFS/diskio.o
                0x0800241c                disk_ioctl
 .text.get_fattime
                0x0800242c        0x8 ./iapbuild/./IAP/src/FatFS/fattime_rtc.o
                0x0800242c                get_fattime
 .text.SystemInit
                0x08002434       0x68 ./iapbuild/\libSTMCore.a(system_stm32yyxx.o)
                0x08002434                SystemInit
 .text.SystemCoreClockUpdate
                0x0800249c      0x144 ./iapbuild/\libSTMCore.a(system_stm32yyxx.o)
                0x0800249c                SystemCoreClockUpdate
 .text.HAL_NVIC_SetPriorityGrouping
                0x080025e0       0x38 ./iapbuild/\libSTMCore.a(stm32h7xx_hal_cortex.o)
                0x080025e0                HAL_NVIC_SetPriorityGrouping
 .text.HAL_NVIC_SetPriority
                0x08002618       0x88 ./iapbuild/\libSTMCore.a(stm32h7xx_hal_cortex.o)
                0x08002618                HAL_NVIC_SetPriority
 .text.HAL_NVIC_DisableIRQ
                0x080026a0       0x34 ./iapbuild/\libSTMCore.a(stm32h7xx_hal_cortex.o)
                0x080026a0                HAL_NVIC_DisableIRQ
 .text.HAL_SYSTICK_Config
                0x080026d4       0x28 ./iapbuild/\libSTMCore.a(stm32h7xx_hal_cortex.o)
                0x080026d4                HAL_SYSTICK_Config
 .text.HAL_SYSTICK_CLKSourceConfig
                0x080026fc       0x30 ./iapbuild/\libSTMCore.a(stm32h7xx_hal_cortex.o)
                0x080026fc                HAL_SYSTICK_CLKSourceConfig
 .text.HAL_FLASH_Unlock
                0x0800272c       0x4c ./iapbuild/\libSTMCore.a(stm32h7xx_hal_flash.o)
                0x0800272c                HAL_FLASH_Unlock
 .text.HAL_FLASH_Lock
                0x08002778       0x30 ./iapbuild/\libSTMCore.a(stm32h7xx_hal_flash.o)
                0x08002778                HAL_FLASH_Lock
 .text.FLASH_WaitForLastOperation
                0x080027a8       0xd8 ./iapbuild/\libSTMCore.a(stm32h7xx_hal_flash.o)
                0x080027a8                FLASH_WaitForLastOperation
 .text.HAL_FLASH_Program
                0x08002880       0xcc ./iapbuild/\libSTMCore.a(stm32h7xx_hal_flash.o)
                0x08002880                HAL_FLASH_Program
 .text.FLASH_MassErase
                0x0800294c       0xac ./iapbuild/\libSTMCore.a(stm32h7xx_hal_flash_ex.o)
 .text.FLASH_Erase_Sector
                0x080029f8       0x84 ./iapbuild/\libSTMCore.a(stm32h7xx_hal_flash_ex.o)
                0x080029f8                FLASH_Erase_Sector
 .text.HAL_FLASHEx_Erase
                0x08002a7c      0x14c ./iapbuild/\libSTMCore.a(stm32h7xx_hal_flash_ex.o)
                0x08002a7c                HAL_FLASHEx_Erase
 .text._ZN5Cache4InitEv
                0x08002bc8        0x2 ./iapbuild/\libSTMCore.a(Cache.o)
                0x08002bc8                Cache::Init()
 *fill*         0x08002bca        0x2 
 .text._ZN5Cache6EnableEv
                0x08002bcc       0x94 ./iapbuild/\libSTMCore.a(Cache.o)
                0x08002bcc                Cache::Enable()
 .text._ZN5Cache7DisableEv
                0x08002c60       0x94 ./iapbuild/\libSTMCore.a(Cache.o)
                0x08002c60                Cache::Disable()
 .text.millis   0x08002cf4        0xc ./iapbuild/\libSTMCore.a(CoreIO.o)
                0x08002cf4                millis
 .text.delay    0x08002d00       0x1c ./iapbuild/\libSTMCore.a(CoreIO.o)
                0x08002d00                delay
 .text._Z11CoreSysTickv
                0x08002d1c       0x1c ./iapbuild/\libSTMCore.a(CoreIO.o)
                0x08002d1c                CoreSysTick()
 .text._Z8CoreInitv
                0x08002d38        0x2 ./iapbuild/\libSTMCore.a(CoreIO.o)
                0x08002d38                CoreInit()
 *fill*         0x08002d3a        0x2 
 .text._Z12WatchdogInitv
                0x08002d3c       0x20 ./iapbuild/\libSTMCore.a(CoreIO.o)
                0x08002d3c                WatchdogInit()
 .text._Z13WatchdogResetv
                0x08002d5c        0xc ./iapbuild/\libSTMCore.a(CoreIO.o)
                0x08002d5c                WatchdogReset()
 .text._Z14ResetProcessorv
                0x08002d68       0x24 ./iapbuild/\libSTMCore.a(CoreIO.o)
                0x08002d68                ResetProcessor()
 .text._Z11initVariantv
                0x08002d8c        0x2 ./iapbuild/\libSTMCore.a(Startup.o)
                0x08002d8c                initVariant()
 *fill*         0x08002d8e        0x2 
 .text.startup._Z7premainv
                0x08002d90       0x50 ./iapbuild/\libSTMCore.a(Startup.o)
                0x08002d90                premain()
 .text.startup.main
                0x08002de0        0xe ./iapbuild/\libSTMCore.a(Startup.o)
                0x08002de0                main
 *fill*         0x08002dee        0x2 
 .text.SystemClockStartupInit.part.0
                0x08002df0      0x1f0 ./iapbuild/\libSTMCore.a(variant.o)
 .text.SystemClockStartupInit
                0x08002fe0       0x10 ./iapbuild/\libSTMCore.a(variant.o)
                0x08002fe0                SystemClockStartupInit
 .text.MPU_Convert_Bytes_To_POT
                0x08002ff0       0x14 ./iapbuild/\libSTMCore.a(variant.o)
                0x08002ff0                MPU_Convert_Bytes_To_POT
 .text.MPU_Set_Protection
                0x08003004       0x78 ./iapbuild/\libSTMCore.a(variant.o)
                0x08003004                MPU_Set_Protection
 .text.MPU_Memory_Protection
                0x0800307c       0x7c ./iapbuild/\libSTMCore.a(variant.o)
                0x0800307c                MPU_Memory_Protection
 .text.SystemClock_Config
                0x080030f8       0x5c ./iapbuild/\libSTMCore.a(variant.o)
                0x080030f8                SystemClock_Config
 .text.HAL_SD_TxCpltCallback
                0x08003154       0x10 ./iapbuild/\libSTMCore.a(HardwareSDIO.o)
                0x08003154                HAL_SD_TxCpltCallback
 .text.HAL_SD_RxCpltCallback
                0x08003164       0x10 ./iapbuild/\libSTMCore.a(HardwareSDIO.o)
                0x08003164                HAL_SD_RxCpltCallback
 .text.SDMMC1_IRQHandler
                0x08003174        0xc ./iapbuild/\libSTMCore.a(HardwareSDIO.o)
                0x08003174                SDMMC1_IRQHandler
 .text._ZN12HardwareSDIO7tryInitEb
                0x08003180       0xd4 ./iapbuild/\libSTMCore.a(HardwareSDIO.o)
                0x08003180                HardwareSDIO::tryInit(bool)
 .text._ZN12HardwareSDIO8InitPinsEm
                0x08003254        0x6 ./iapbuild/\libSTMCore.a(HardwareSDIO.o)
                0x08003254                HardwareSDIO::InitPins(unsigned long)
 *fill*         0x0800325a        0x2 
 .text._ZN12HardwareSDIO4InitEv
                0x0800325c       0x90 ./iapbuild/\libSTMCore.a(HardwareSDIO.o)
                0x0800325c                HardwareSDIO::Init()
 .text._ZN12HardwareSDIO10ReadBlocksEPmmmm
                0x080032ec       0x94 ./iapbuild/\libSTMCore.a(HardwareSDIO.o)
                0x080032ec                HardwareSDIO::ReadBlocks(unsigned long*, unsigned long, unsigned long, unsigned long)
 .text._ZN12HardwareSDIO11WriteBlocksEPmmmm
                0x08003380       0x8c ./iapbuild/\libSTMCore.a(HardwareSDIO.o)
                0x08003380                HardwareSDIO::WriteBlocks(unsigned long*, unsigned long, unsigned long, unsigned long)
 .text._ZN12HardwareSDIO12GetCardStateEv
                0x0800340c        0xe ./iapbuild/\libSTMCore.a(HardwareSDIO.o)
                0x0800340c                HardwareSDIO::GetCardState()
 .text._ZN12HardwareSDIO11GetCardInfoEP22HAL_SD_CardInfoTypeDef
                0x0800341a        0x4 ./iapbuild/\libSTMCore.a(HardwareSDIO.o)
                0x0800341a                HardwareSDIO::GetCardInfo(HAL_SD_CardInfoTypeDef*)
 *fill*         0x0800341e        0x2 
 .text.Reset_Handler
                0x08003420       0x54 ./iapbuild/\libSTMCore.a(startup_stm32yyxx.o)
                0x08003420                Reset_Handler
 .text.Default_Handler
                0x08003474        0x2 ./iapbuild/\libSTMCore.a(startup_stm32yyxx.o)
                0x08003474                RTC_Alarm_IRQHandler
                0x08003474                EXTI2_IRQHandler
                0x08003474                TIM8_CC_IRQHandler
                0x08003474                HRTIM1_Master_IRQHandler
                0x08003474                DebugMon_Handler
                0x08003474                UART8_IRQHandler
                0x08003474                SPI4_IRQHandler
                0x08003474                TIM1_CC_IRQHandler
                0x08003474                BDMA_Channel6_IRQHandler
                0x08003474                DMA2_Stream5_IRQHandler
                0x08003474                HardFault_Handler
                0x08003474                HRTIM1_FLT_IRQHandler
                0x08003474                JPEG_IRQHandler
                0x08003474                DMA1_Stream5_IRQHandler
                0x08003474                BDMA_Channel1_IRQHandler
                0x08003474                HRTIM1_TIMD_IRQHandler
                0x08003474                TAMP_STAMP_IRQHandler
                0x08003474                PendSV_Handler
                0x08003474                NMI_Handler
                0x08003474                EXTI3_IRQHandler
                0x08003474                LPTIM4_IRQHandler
                0x08003474                TIM8_TRG_COM_TIM14_IRQHandler
                0x08003474                LPTIM2_IRQHandler
                0x08003474                DFSDM1_FLT1_IRQHandler
                0x08003474                DMAMUX2_OVR_IRQHandler
                0x08003474                TIM8_UP_TIM13_IRQHandler
                0x08003474                I2C3_ER_IRQHandler
                0x08003474                DFSDM1_FLT2_IRQHandler
                0x08003474                MDMA_IRQHandler
                0x08003474                LPTIM3_IRQHandler
                0x08003474                HSEM1_IRQHandler
                0x08003474                EXTI0_IRQHandler
                0x08003474                I2C2_EV_IRQHandler
                0x08003474                DMA1_Stream2_IRQHandler
                0x08003474                FPU_IRQHandler
                0x08003474                OTG_HS_WKUP_IRQHandler
                0x08003474                FDCAN1_IT1_IRQHandler
                0x08003474                UsageFault_Handler
                0x08003474                LTDC_ER_IRQHandler
                0x08003474                DMA2_Stream2_IRQHandler
                0x08003474                HRTIM1_TIME_IRQHandler
                0x08003474                SPI1_IRQHandler
                0x08003474                TIM6_DAC_IRQHandler
                0x08003474                DCMI_IRQHandler
                0x08003474                HRTIM1_TIMC_IRQHandler
                0x08003474                DMA2_Stream3_IRQHandler
                0x08003474                SAI2_IRQHandler
                0x08003474                DFSDM1_FLT3_IRQHandler
                0x08003474                USART6_IRQHandler
                0x08003474                TIM17_IRQHandler
                0x08003474                USART3_IRQHandler
                0x08003474                BDMA_Channel7_IRQHandler
                0x08003474                LPTIM5_IRQHandler
                0x08003474                UART5_IRQHandler
                0x08003474                ADC3_IRQHandler
                0x08003474                DMA2_Stream0_IRQHandler
                0x08003474                TIM4_IRQHandler
                0x08003474                BDMA_Channel2_IRQHandler
                0x08003474                QUADSPI_IRQHandler
                0x08003474                I2C1_EV_IRQHandler
                0x08003474                DMA1_Stream6_IRQHandler
                0x08003474                DMAMUX1_OVR_IRQHandler
                0x08003474                DMA1_Stream1_IRQHandler
                0x08003474                TIM16_IRQHandler
                0x08003474                UART4_IRQHandler
                0x08003474                BDMA_Channel5_IRQHandler
                0x08003474                TIM3_IRQHandler
                0x08003474                RCC_IRQHandler
                0x08003474                TIM8_BRK_TIM12_IRQHandler
                0x08003474                TIM1_TRG_COM_IRQHandler
                0x08003474                Default_Handler
                0x08003474                ECC_IRQHandler
                0x08003474                CEC_IRQHandler
                0x08003474                EXTI15_10_IRQHandler
                0x08003474                BDMA_Channel0_IRQHandler
                0x08003474                ADC_IRQHandler
                0x08003474                DMA1_Stream7_IRQHandler
                0x08003474                HRTIM1_TIMA_IRQHandler
                0x08003474                SPI5_IRQHandler
                0x08003474                TIM7_IRQHandler
                0x08003474                TIM5_IRQHandler
                0x08003474                DMA2_Stream7_IRQHandler
                0x08003474                TIM15_IRQHandler
                0x08003474                PVD_AVD_IRQHandler
                0x08003474                I2C3_EV_IRQHandler
                0x08003474                EXTI9_5_IRQHandler
                0x08003474                RTC_WKUP_IRQHandler
                0x08003474                LTDC_IRQHandler
                0x08003474                SAI3_IRQHandler
                0x08003474                ETH_WKUP_IRQHandler
                0x08003474                SPDIF_RX_IRQHandler
                0x08003474                SPI2_IRQHandler
                0x08003474                OTG_HS_EP1_IN_IRQHandler
                0x08003474                MemManage_Handler
                0x08003474                DMA1_Stream0_IRQHandler
                0x08003474                SVC_Handler
                0x08003474                CRS_IRQHandler
                0x08003474                EXTI4_IRQHandler
                0x08003474                RNG_IRQHandler
                0x08003474                HRTIM1_TIMB_IRQHandler
                0x08003474                FDCAN2_IT1_IRQHandler
                0x08003474                ETH_IRQHandler
                0x08003474                TIM1_UP_IRQHandler
                0x08003474                BDMA_Channel4_IRQHandler
                0x08003474                OTG_HS_EP1_OUT_IRQHandler
                0x08003474                SPI6_IRQHandler
                0x08003474                MDIOS_IRQHandler
                0x08003474                I2C4_EV_IRQHandler
                0x08003474                FDCAN2_IT0_IRQHandler
                0x08003474                LPUART1_IRQHandler
                0x08003474                FDCAN1_IT0_IRQHandler
                0x08003474                TIM2_IRQHandler
                0x08003474                OTG_FS_WKUP_IRQHandler
                0x08003474                OTG_HS_IRQHandler
                0x08003474                DMA2D_IRQHandler
                0x08003474                TIM1_BRK_IRQHandler
                0x08003474                EXTI1_IRQHandler
                0x08003474                SDMMC2_IRQHandler
                0x08003474                OTG_FS_EP1_OUT_IRQHandler
                0x08003474                BDMA_Channel3_IRQHandler
                0x08003474                UART7_IRQHandler
                0x08003474                MDIOS_WKUP_IRQHandler
                0x08003474                USART2_IRQHandler
                0x08003474                DFSDM1_FLT0_IRQHandler
                0x08003474                SAI4_IRQHandler
                0x08003474                I2C2_ER_IRQHandler
                0x08003474                DMA2_Stream1_IRQHandler
                0x08003474                FLASH_IRQHandler
                0x08003474                DMA2_Stream4_IRQHandler
                0x08003474                BusFault_Handler
                0x08003474                USART1_IRQHandler
                0x08003474                OTG_FS_IRQHandler
                0x08003474                SPI3_IRQHandler
                0x08003474                WAKEUP_PIN_IRQHandler
                0x08003474                DMA1_Stream4_IRQHandler
                0x08003474                OTG_FS_EP1_IN_IRQHandler
                0x08003474                I2C1_ER_IRQHandler
                0x08003474                FMC_IRQHandler
                0x08003474                FDCAN_CAL_IRQHandler
                0x08003474                SWPMI1_IRQHandler
                0x08003474                COMP1_IRQHandler
                0x08003474                LPTIM1_IRQHandler
                0x08003474                I2C4_ER_IRQHandler
                0x08003474                DMA2_Stream6_IRQHandler
                0x08003474                SAI1_IRQHandler
                0x08003474                DMA1_Stream3_IRQHandler
 *fill*         0x08003476        0x2 
 .text.dwt_access
                0x08003478       0x28 ./iapbuild/\libSTMCore.a(dwt.o)
                0x08003478                dwt_access
 .text.dwt_init
                0x080034a0       0x44 ./iapbuild/\libSTMCore.a(dwt.o)
                0x080034a0                dwt_init
 .text.pin_function
                0x080034e4       0xf8 ./iapbuild/\libSTMCore.a(pinmap.o)
                0x080034e4                pin_function
 .text.pinmap_pinout
                0x080035dc       0x24 ./iapbuild/\libSTMCore.a(pinmap.o)
                0x080035dc                pinmap_pinout
 .text.set_GPIO_Port_Clock
                0x08003600      0x198 ./iapbuild/\libSTMCore.a(PortNames.o)
                0x08003600                set_GPIO_Port_Clock
 .text._Error_Handler
                0x08003798       0x14 ./iapbuild/\libSTMCore.a(stm32_def.o)
                0x08003798                _Error_Handler
 .text.HAL_MspInit
                0x080037ac        0x2 ./iapbuild/\libSTMCore.a(stm32h7xx_hal.o)
                0x080037ac                HAL_MspInit
 *fill*         0x080037ae        0x2 
 .text.HAL_InitTick
                0x080037b0       0x4c ./iapbuild/\libSTMCore.a(stm32h7xx_hal.o)
                0x080037b0                HAL_InitTick
 .text.HAL_Init
                0x080037fc       0x5c ./iapbuild/\libSTMCore.a(stm32h7xx_hal.o)
                0x080037fc                HAL_Init
 .text.HAL_IncTick
                0x08003858       0x18 ./iapbuild/\libSTMCore.a(stm32h7xx_hal.o)
                0x08003858                HAL_IncTick
 .text.HAL_GetTick
                0x08003870        0xc ./iapbuild/\libSTMCore.a(stm32h7xx_hal.o)
                0x08003870                HAL_GetTick
 .text.HAL_Delay
                0x0800387c       0x24 ./iapbuild/\libSTMCore.a(stm32h7xx_hal.o)
                0x0800387c                HAL_Delay
 .text.HAL_GetREVID
                0x080038a0        0xc ./iapbuild/\libSTMCore.a(stm32h7xx_hal.o)
                0x080038a0                HAL_GetREVID
 .text.HAL_IWDG_Init
                0x080038ac       0xa4 ./iapbuild/\libSTMCore.a(stm32h7xx_hal_iwdg.o)
                0x080038ac                HAL_IWDG_Init
 .text.HAL_IWDG_Refresh
                0x08003950        0xc ./iapbuild/\libSTMCore.a(stm32h7xx_hal_iwdg.o)
                0x08003950                HAL_IWDG_Refresh
 .text.HAL_PWREx_ConfigSupply
                0x0800395c       0x5c ./iapbuild/\libSTMCore.a(stm32h7xx_hal_pwr_ex.o)
                0x0800395c                HAL_PWREx_ConfigSupply
 .text.HAL_RCC_OscConfig
                0x080039b8      0x6b0 ./iapbuild/\libSTMCore.a(stm32h7xx_hal_rcc.o)
                0x080039b8                HAL_RCC_OscConfig
 .text.HAL_RCC_GetSysClockFreq
                0x08004068      0x140 ./iapbuild/\libSTMCore.a(stm32h7xx_hal_rcc.o)
                0x08004068                HAL_RCC_GetSysClockFreq
 .text.HAL_RCC_ClockConfig
                0x080041a8      0x3bc ./iapbuild/\libSTMCore.a(stm32h7xx_hal_rcc.o)
                0x080041a8                HAL_RCC_ClockConfig
 .text.HAL_RCC_GetHCLKFreq
                0x08004564       0x44 ./iapbuild/\libSTMCore.a(stm32h7xx_hal_rcc.o)
                0x08004564                HAL_RCC_GetHCLKFreq
 .text.RCCEx_PLL2_Config
                0x080045a8      0x184 ./iapbuild/\libSTMCore.a(stm32h7xx_hal_rcc_ex.o)
 .text.RCCEx_PLL3_Config
                0x0800472c      0x184 ./iapbuild/\libSTMCore.a(stm32h7xx_hal_rcc_ex.o)
 .text.HAL_RCCEx_PeriphCLKConfig
                0x080048b0      0xb28 ./iapbuild/\libSTMCore.a(stm32h7xx_hal_rcc_ex.o)
                0x080048b0                HAL_RCCEx_PeriphCLKConfig
 .text.HAL_RCCEx_GetD3PCLK1Freq
                0x080053d8       0x24 ./iapbuild/\libSTMCore.a(stm32h7xx_hal_rcc_ex.o)
                0x080053d8                HAL_RCCEx_GetD3PCLK1Freq
 .text.HAL_RCCEx_GetPLL2ClockFreq
                0x080053fc      0x150 ./iapbuild/\libSTMCore.a(stm32h7xx_hal_rcc_ex.o)
                0x080053fc                HAL_RCCEx_GetPLL2ClockFreq
 .text.HAL_RCCEx_GetPLL3ClockFreq
                0x0800554c      0x150 ./iapbuild/\libSTMCore.a(stm32h7xx_hal_rcc_ex.o)
                0x0800554c                HAL_RCCEx_GetPLL3ClockFreq
 .text.HAL_RCCEx_GetPLL1ClockFreq
                0x0800569c      0x150 ./iapbuild/\libSTMCore.a(stm32h7xx_hal_rcc_ex.o)
                0x0800569c                HAL_RCCEx_GetPLL1ClockFreq
 .text.HAL_RCCEx_GetPeriphCLKFreq
                0x080057ec      0x2e8 ./iapbuild/\libSTMCore.a(stm32h7xx_hal_rcc_ex.o)
                0x080057ec                HAL_RCCEx_GetPeriphCLKFreq
 .text.SD_FindSCR
                0x08005ad4       0xcc ./iapbuild/\libSTMCore.a(stm32h7xx_hal_sd.o)
 .text.HAL_SD_MspInit
                0x08005ba0        0x2 ./iapbuild/\libSTMCore.a(stm32h7xx_hal_sd.o)
                0x08005ba0                HAL_SD_MspInit
 .text.HAL_SD_MspDeInit
                0x08005ba2        0x2 ./iapbuild/\libSTMCore.a(stm32h7xx_hal_sd.o)
                0x08005ba2                HAL_SD_MspDeInit
 .text.HAL_SD_DeInit
                0x08005ba4       0x4c ./iapbuild/\libSTMCore.a(stm32h7xx_hal_sd.o)
                0x08005ba4                HAL_SD_DeInit
 .text.HAL_SD_ReadBlocks_DMA
                0x08005bf0       0xd4 ./iapbuild/\libSTMCore.a(stm32h7xx_hal_sd.o)
                0x08005bf0                HAL_SD_ReadBlocks_DMA
 .text.HAL_SD_WriteBlocks_DMA
                0x08005cc4       0xd4 ./iapbuild/\libSTMCore.a(stm32h7xx_hal_sd.o)
                0x08005cc4                HAL_SD_WriteBlocks_DMA
 .text.HAL_SD_GetError
                0x08005d98        0x4 ./iapbuild/\libSTMCore.a(stm32h7xx_hal_sd.o)
                0x08005d98                HAL_SD_GetError
 .text.HAL_SD_ErrorCallback
                0x08005d9c        0x2 ./iapbuild/\libSTMCore.a(stm32h7xx_hal_sd.o)
                0x08005d9c                HAL_SD_ErrorCallback
 *fill*         0x08005d9e        0x2 
 .text.HAL_SD_GetCardCSD
                0x08005da0      0x16c ./iapbuild/\libSTMCore.a(stm32h7xx_hal_sd.o)
                0x08005da0                HAL_SD_GetCardCSD
 .text.HAL_SD_InitCard
                0x08005f0c      0x200 ./iapbuild/\libSTMCore.a(stm32h7xx_hal_sd.o)
                0x08005f0c                HAL_SD_InitCard
 .text.HAL_SD_GetCardStatus
                0x0800610c      0x17c ./iapbuild/\libSTMCore.a(stm32h7xx_hal_sd.o)
                0x0800610c                HAL_SD_GetCardStatus
 .text.HAL_SD_GetCardInfo
                0x08006288       0x24 ./iapbuild/\libSTMCore.a(stm32h7xx_hal_sd.o)
                0x08006288                HAL_SD_GetCardInfo
 .text.HAL_SD_ConfigWideBusOperation
                0x080062ac      0x19c ./iapbuild/\libSTMCore.a(stm32h7xx_hal_sd.o)
                0x080062ac                HAL_SD_ConfigWideBusOperation
 .text.HAL_SD_GetCardState
                0x08006448       0x28 ./iapbuild/\libSTMCore.a(stm32h7xx_hal_sd.o)
                0x08006448                HAL_SD_GetCardState
 .text.HAL_SD_Init
                0x08006470      0x12c ./iapbuild/\libSTMCore.a(stm32h7xx_hal_sd.o)
                0x08006470                HAL_SD_Init
 .text.HAL_SDEx_Read_DMADoubleBuf0CpltCallback
                0x0800659c        0x2 ./iapbuild/\libSTMCore.a(stm32h7xx_hal_sd.o)
                0x0800659c                HAL_SDEx_Read_DMADoubleBuf0CpltCallback
 .text.HAL_SDEx_Read_DMADoubleBuf1CpltCallback
                0x0800659e        0x2 ./iapbuild/\libSTMCore.a(stm32h7xx_hal_sd.o)
                0x0800659e                HAL_SDEx_Read_DMADoubleBuf1CpltCallback
 .text.HAL_SDEx_Write_DMADoubleBuf0CpltCallback
                0x080065a0        0x2 ./iapbuild/\libSTMCore.a(stm32h7xx_hal_sd.o)
                0x080065a0                HAL_SDEx_Write_DMADoubleBuf0CpltCallback
 .text.HAL_SDEx_Write_DMADoubleBuf1CpltCallback
                0x080065a2        0x2 ./iapbuild/\libSTMCore.a(stm32h7xx_hal_sd.o)
                0x080065a2                HAL_SDEx_Write_DMADoubleBuf1CpltCallback
 .text.HAL_SD_IRQHandler
                0x080065a4      0x244 ./iapbuild/\libSTMCore.a(stm32h7xx_hal_sd.o)
                0x080065a4                HAL_SD_IRQHandler
 .text.SDMMC_Init
                0x080067e8       0xac ./iapbuild/\libSTMCore.a(stm32h7xx_ll_sdmmc.o)
                0x080067e8                SDMMC_Init
 .text.SDMMC_ReadFIFO
                0x08006894        0x6 ./iapbuild/\libSTMCore.a(stm32h7xx_ll_sdmmc.o)
                0x08006894                SDMMC_ReadFIFO
 .text.SDMMC_WriteFIFO
                0x0800689a        0xa ./iapbuild/\libSTMCore.a(stm32h7xx_ll_sdmmc.o)
                0x0800689a                SDMMC_WriteFIFO
 .text.SDMMC_PowerState_ON
                0x080068a4        0xc ./iapbuild/\libSTMCore.a(stm32h7xx_ll_sdmmc.o)
                0x080068a4                SDMMC_PowerState_ON
 .text.SDMMC_PowerState_OFF
                0x080068b0        0xc ./iapbuild/\libSTMCore.a(stm32h7xx_ll_sdmmc.o)
                0x080068b0                SDMMC_PowerState_OFF
 .text.SDMMC_GetPowerState
                0x080068bc        0x8 ./iapbuild/\libSTMCore.a(stm32h7xx_ll_sdmmc.o)
                0x080068bc                SDMMC_GetPowerState
 .text.SDMMC_SendCommand
                0x080068c4       0x80 ./iapbuild/\libSTMCore.a(stm32h7xx_ll_sdmmc.o)
                0x080068c4                SDMMC_SendCommand
 .text.SDMMC_GetResponse
                0x08006944       0x20 ./iapbuild/\libSTMCore.a(stm32h7xx_ll_sdmmc.o)
                0x08006944                SDMMC_GetResponse
 .text.SDMMC_ConfigData
                0x08006964       0x9c ./iapbuild/\libSTMCore.a(stm32h7xx_ll_sdmmc.o)
                0x08006964                SDMMC_ConfigData
 .text.SDMMC_CmdGoIdleState
                0x08006a00       0x50 ./iapbuild/\libSTMCore.a(stm32h7xx_ll_sdmmc.o)
                0x08006a00                SDMMC_CmdGoIdleState
 .text.SDMMC_GetCmdResp1
                0x08006a50      0x128 ./iapbuild/\libSTMCore.a(stm32h7xx_ll_sdmmc.o)
                0x08006a50                SDMMC_GetCmdResp1
 .text.SDMMC_CmdBlockLength
                0x08006b78       0x32 ./iapbuild/\libSTMCore.a(stm32h7xx_ll_sdmmc.o)
                0x08006b78                SDMMC_CmdBlockLength
 .text.SDMMC_CmdReadSingleBlock
                0x08006baa       0x32 ./iapbuild/\libSTMCore.a(stm32h7xx_ll_sdmmc.o)
                0x08006baa                SDMMC_CmdReadSingleBlock
 .text.SDMMC_CmdReadMultiBlock
                0x08006bdc       0x32 ./iapbuild/\libSTMCore.a(stm32h7xx_ll_sdmmc.o)
                0x08006bdc                SDMMC_CmdReadMultiBlock
 .text.SDMMC_CmdWriteSingleBlock
                0x08006c0e       0x32 ./iapbuild/\libSTMCore.a(stm32h7xx_ll_sdmmc.o)
                0x08006c0e                SDMMC_CmdWriteSingleBlock
 .text.SDMMC_CmdWriteMultiBlock
                0x08006c40       0x32 ./iapbuild/\libSTMCore.a(stm32h7xx_ll_sdmmc.o)
                0x08006c40                SDMMC_CmdWriteMultiBlock
 *fill*         0x08006c72        0x2 
 .text.SDMMC_CmdStopTransfer
                0x08006c74       0x54 ./iapbuild/\libSTMCore.a(stm32h7xx_ll_sdmmc.o)
                0x08006c74                SDMMC_CmdStopTransfer
 .text.SDMMC_CmdSelDesel
                0x08006cc8       0x32 ./iapbuild/\libSTMCore.a(stm32h7xx_ll_sdmmc.o)
                0x08006cc8                SDMMC_CmdSelDesel
 .text.SDMMC_CmdAppCommand
                0x08006cfa       0x32 ./iapbuild/\libSTMCore.a(stm32h7xx_ll_sdmmc.o)
                0x08006cfa                SDMMC_CmdAppCommand
 .text.SDMMC_CmdBusWidth
                0x08006d2c       0x32 ./iapbuild/\libSTMCore.a(stm32h7xx_ll_sdmmc.o)
                0x08006d2c                SDMMC_CmdBusWidth
 .text.SDMMC_CmdSendSCR
                0x08006d5e       0x32 ./iapbuild/\libSTMCore.a(stm32h7xx_ll_sdmmc.o)
                0x08006d5e                SDMMC_CmdSendSCR
 .text.SDMMC_CmdSendStatus
                0x08006d90       0x32 ./iapbuild/\libSTMCore.a(stm32h7xx_ll_sdmmc.o)
                0x08006d90                SDMMC_CmdSendStatus
 .text.SDMMC_CmdStatusRegister
                0x08006dc2       0x32 ./iapbuild/\libSTMCore.a(stm32h7xx_ll_sdmmc.o)
                0x08006dc2                SDMMC_CmdStatusRegister
 .text.SDMMC_GetCmdResp2
                0x08006df4       0x50 ./iapbuild/\libSTMCore.a(stm32h7xx_ll_sdmmc.o)
                0x08006df4                SDMMC_GetCmdResp2
 .text.SDMMC_CmdSendCID
                0x08006e44       0x2c ./iapbuild/\libSTMCore.a(stm32h7xx_ll_sdmmc.o)
                0x08006e44                SDMMC_CmdSendCID
 .text.SDMMC_CmdSendCSD
                0x08006e70       0x2c ./iapbuild/\libSTMCore.a(stm32h7xx_ll_sdmmc.o)
                0x08006e70                SDMMC_CmdSendCSD
 .text.SDMMC_GetCmdResp3
                0x08006e9c       0x48 ./iapbuild/\libSTMCore.a(stm32h7xx_ll_sdmmc.o)
                0x08006e9c                SDMMC_GetCmdResp3
 .text.SDMMC_CmdAppOperCommand
                0x08006ee4       0x2c ./iapbuild/\libSTMCore.a(stm32h7xx_ll_sdmmc.o)
                0x08006ee4                SDMMC_CmdAppOperCommand
 .text.SDMMC_GetCmdResp6
                0x08006f10       0x88 ./iapbuild/\libSTMCore.a(stm32h7xx_ll_sdmmc.o)
                0x08006f10                SDMMC_GetCmdResp6
 .text.SDMMC_CmdSetRelAdd
                0x08006f98       0x32 ./iapbuild/\libSTMCore.a(stm32h7xx_ll_sdmmc.o)
                0x08006f98                SDMMC_CmdSetRelAdd
 *fill*         0x08006fca        0x2 
 .text.SDMMC_GetCmdResp7
                0x08006fcc       0x54 ./iapbuild/\libSTMCore.a(stm32h7xx_ll_sdmmc.o)
                0x08006fcc                SDMMC_GetCmdResp7
 .text.SDMMC_CmdOperCond
                0x08007020       0x30 ./iapbuild/\libSTMCore.a(stm32h7xx_ll_sdmmc.o)
                0x08007020                SDMMC_CmdOperCond
 .text.__libc_init_array
                0x08007050       0x48 c:/program files (x86)/gnu arm embedded toolchain/10 2021.10/bin/../lib/gcc/arm-none-eabi/10.3.1/../../../../arm-none-eabi/lib/thumb/v7e-m+fp/hard\libc.a(lib_a-init.o)
                0x08007050                __libc_init_array
 .text.strchr   0x08007098       0xcc c:/program files (x86)/gnu arm embedded toolchain/10 2021.10/bin/../lib/gcc/arm-none-eabi/10.3.1/../../../../arm-none-eabi/lib/thumb/v7e-m+fp/hard\libc.a(lib_a-strchr.o)
                0x08007098                strchr
 *(.glue_7)
 .glue_7        0x08007164        0x0 linker stubs
 *(.glue_7t)
 .glue_7t       0x08007164        0x0 linker stubs
 *(.eh_frame)
 .eh_frame      0x08007164        0x0 c:/program files (x86)/gnu arm embedded toolchain/10 2021.10/bin/../lib/gcc/arm-none-eabi/10.3.1/thumb/v7e-m+fp/hard/crtbegin.o
 *(.init)
 .init          0x08007164        0x4 c:/program files (x86)/gnu arm embedded toolchain/10 2021.10/bin/../lib/gcc/arm-none-eabi/10.3.1/thumb/v7e-m+fp/hard/crti.o
                0x08007164                _init
 .init          0x08007168        0x8 c:/program files (x86)/gnu arm embedded toolchain/10 2021.10/bin/../lib/gcc/arm-none-eabi/10.3.1/thumb/v7e-m+fp/hard/crtn.o
 *(.fini)
 .fini          0x08007170        0x4 c:/program files (x86)/gnu arm embedded toolchain/10 2021.10/bin/../lib/gcc/arm-none-eabi/10.3.1/thumb/v7e-m+fp/hard/crti.o
                0x08007170                _fini
 .fini          0x08007174        0x8 c:/program files (x86)/gnu arm embedded toolchain/10 2021.10/bin/../lib/gcc/arm-none-eabi/10.3.1/thumb/v7e-m+fp/hard/crtn.o
                0x0800717c                . = ALIGN (0x4)
                0x0800717c                _etext = .

.vfp11_veneer   0x0800717c        0x0
 .vfp11_veneer  0x0800717c        0x0 linker stubs

.v4_bx          0x0800717c        0x0
 .v4_bx         0x0800717c        0x0 linker stubs

.iplt           0x0800717c        0x0
 .iplt          0x0800717c        0x0 c:/program files (x86)/gnu arm embedded toolchain/10 2021.10/bin/../lib/gcc/arm-none-eabi/10.3.1/thumb/v7e-m+fp/hard/crtbegin.o

.rodata         0x0800717c      0xb98
                0x0800717c                . = ALIGN (0x4)
 *(.rodata)
 *(.rodata*)
 .rodata.free.str1.1
                0x0800717c       0x27 ./iapbuild/./RepRapFirmware/src/libc/nano-mallocr.o
 .rodata.check_fs.str1.1
                0x080071a3        0x9 ./iapbuild/./RepRapFirmware/src/targets/common/FatFS/ff.o
 .rodata.follow_path.str1.1
                0x080071ac       0x10 ./iapbuild/./RepRapFirmware/src/targets/common/FatFS/ff.o
 .rodata.ExCvt  0x080071bc       0x80 ./iapbuild/./RepRapFirmware/src/targets/common/FatFS/ff.o
 .rodata.LfnOfs
                0x0800723c        0xd ./iapbuild/./RepRapFirmware/src/targets/common/FatFS/ff.o
 *fill*         0x08007249        0x1 
 .rodata.cvt1.1
                0x0800724a      0x1f2 ./iapbuild/./RepRapFirmware/src/targets/common/FatFS/ffunicode.o
 .rodata.cvt2.0
                0x0800743c       0xbc ./iapbuild/./RepRapFirmware/src/targets/common/FatFS/ffunicode.o
 .rodata.uc850  0x080074f8      0x100 ./iapbuild/./RepRapFirmware/src/targets/common/FatFS/ffunicode.o
 .rodata._Z20sd_mmc_setSSPChannelh10SSPChannel7PinName.str1.1
                0x080075f8       0x22 ./iapbuild/./RepRapFirmware/src/targets/STM32/FatFS/sd_mmc_wrapper.o
 .rodata._ZN10SDCardSDIO9disk_readEPhmm.str1.1
                0x0800761a       0x23 ./iapbuild/./RepRapFirmware/src/targets/STM32/FatFS/SDCardSDIO.o
 .rodata._ZN10SDCardSDIO10disk_writeEPKhmm.str1.1
                0x0800763d       0x21 ./iapbuild/./RepRapFirmware/src/targets/STM32/FatFS/SDCardSDIO.o
 *fill*         0x0800765e        0x2 
 .rodata._ZTV10SDCardSDIO
                0x08007660       0x2c ./iapbuild/./RepRapFirmware/src/targets/STM32/FatFS/SDCardSDIO.o
                0x08007660                vtable for SDCardSDIO
 .rodata._Z7AppMainv.str1.1
                0x0800768c        0x3 ./iapbuild/./IAP/src/main.o
 .rodata.VersionText
                0x0800768f       0x2b ./iapbuild/./IAP/src/main.o
                0x0800768f                VersionText
 .rodata._ZL12firmwarePath
                0x080076ba       0x10 ./iapbuild/./IAP/src/main.o
 .rodata._ZL15badFirmwarePath
                0x080076ca       0x10 ./iapbuild/./IAP/src/main.o
 .rodata._ZL16goodFirmwarePath
                0x080076da       0x10 ./iapbuild/./IAP/src/main.o
 .rodata.D1CorePrescTable
                0x080076ea       0x10 ./iapbuild/\libSTMCore.a(system_stm32yyxx.o)
                0x080076ea                D1CorePrescTable
 .rodata.HAL_NVIC_SetPriorityGrouping.str1.1
                0x080076fa       0x51 ./iapbuild/\libSTMCore.a(stm32h7xx_hal_cortex.o)
 .rodata.FLASH_WaitForLastOperation.str1.1
                0x0800774b       0x50 ./iapbuild/\libSTMCore.a(stm32h7xx_hal_flash.o)
 .rodata.FLASH_MassErase.str1.1
                0x0800779b       0x53 ./iapbuild/\libSTMCore.a(stm32h7xx_hal_flash_ex.o)
 .rodata.SystemClockStartupInit.part.0.str1.1
                0x080077ee       0x31 ./iapbuild/\libSTMCore.a(variant.o)
 .rodata._ZN12HardwareSDIO7tryInitEb.str1.1
                0x0800781f       0xaf ./iapbuild/\libSTMCore.a(HardwareSDIO.o)
 .rodata._ZN12HardwareSDIO10ReadBlocksEPmmmm.str1.1
                0x080078ce       0x59 ./iapbuild/\libSTMCore.a(HardwareSDIO.o)
 .rodata._ZN12HardwareSDIO11WriteBlocksEPmmmm.str1.1
                0x08007927       0x54 ./iapbuild/\libSTMCore.a(HardwareSDIO.o)
 .rodata.pin_get_function.str1.1
                0x0800797b       0x1b ./iapbuild/\libSTMCore.a(pinmap.o)
 *fill*         0x08007996        0x2 
 .rodata.pin_map_ll
                0x08007998       0x40 ./iapbuild/\libSTMCore.a(pinmap.o)
                0x08007998                pin_map_ll
 .rodata._Error_Handler.str1.1
                0x080079d8       0x10 ./iapbuild/\libSTMCore.a(stm32_def.o)
 .rodata.HAL_IWDG_Init.str1.1
                0x080079e8       0x4f ./iapbuild/\libSTMCore.a(stm32h7xx_hal_iwdg.o)
 .rodata.HAL_PWREx_ConfigSupply.str1.1
                0x08007a37       0x51 ./iapbuild/\libSTMCore.a(stm32h7xx_hal_pwr_ex.o)
 .rodata.HAL_RCC_OscConfig.str1.1
                0x08007a88       0x4e ./iapbuild/\libSTMCore.a(stm32h7xx_hal_rcc.o)
 .rodata.RCCEx_PLL2_Config.str1.1
                0x08007ad6       0x51 ./iapbuild/\libSTMCore.a(stm32h7xx_hal_rcc_ex.o)
 .rodata.HAL_SD_DeInit.str1.1
                0x08007b27       0x4d ./iapbuild/\libSTMCore.a(stm32h7xx_hal_sd.o)
 .rodata.SDMMC_Init.str1.1
                0x08007b74       0x4f ./iapbuild/\libSTMCore.a(stm32h7xx_ll_sdmmc.o)
 *fill*         0x08007bc3        0x1 
 .rodata.PinMap_SD
                0x08007bc4      0x150 ./iapbuild/\libSTMCore.a(PeripheralPins.o)
                0x08007bc4                PinMap_SD
                0x08007d14                . = ALIGN (0x4)

.rel.dyn        0x08007d14        0x0
 .rel.iplt      0x08007d14        0x0 c:/program files (x86)/gnu arm embedded toolchain/10 2021.10/bin/../lib/gcc/arm-none-eabi/10.3.1/thumb/v7e-m+fp/hard/crtbegin.o

.ARM.extab      0x08007d14        0x0
                0x08007d14                . = ALIGN (0x4)
 *(.ARM.extab* .gnu.linkonce.armextab.*)
                0x08007d14                . = ALIGN (0x4)

.ARM            0x08007d14        0x0
                0x08007d14                . = ALIGN (0x4)
                0x08007d14                __exidx_start = .
 *(.ARM.exidx*)
                0x08007d14                __exidx_end = .
                0x08007d14                . = ALIGN (0x4)

.preinit_array  0x08007d14        0x0
                0x08007d14                . = ALIGN (0x4)
                0x08007d14                PROVIDE (__preinit_array_start = .)
 *(.preinit_array*)
                0x08007d14                PROVIDE (__preinit_array_end = .)
                0x08007d14                . = ALIGN (0x4)

.init_array     0x08007d14        0x8
                0x08007d14                . = ALIGN (0x4)
                0x08007d14                PROVIDE (__init_array_start = .)
 *(SORT_BY_NAME(.init_array.*))
 .init_array.00101
                0x08007d14        0x4 ./iapbuild/\libSTMCore.a(Startup.o)
 *(.init_array*)
 .init_array    0x08007d18        0x4 c:/program files (x86)/gnu arm embedded toolchain/10 2021.10/bin/../lib/gcc/arm-none-eabi/10.3.1/thumb/v7e-m+fp/hard/crtbegin.o
                0x08007d1c                PROVIDE (__init_array_end = .)
                0x08007d1c                . = ALIGN (0x4)

.fini_array     0x08007d1c        0x4
                0x08007d1c                . = ALIGN (0x4)
                [!provide]                PROVIDE (__fini_array_start = .)
 *(SORT_BY_NAME(.fini_array.*))
 *(.fini_array*)
 .fini_array    0x08007d1c        0x4 c:/program files (x86)/gnu arm embedded toolchain/10 2021.10/bin/../lib/gcc/arm-none-eabi/10.3.1/thumb/v7e-m+fp/hard/crtbegin.o
                [!provide]                PROVIDE (__fini_array_end = .)
                0x08007d20                . = ALIGN (0x4)
                0x08007d20                _sidata = LOADADDR (.data)

.data           0x24000000       0x18 load address 0x08007d20
                0x24000000                . = ALIGN (0x4)
                0x24000000                _sdata = .
 *(.data)
 *(.data*)
 .data.heapLimit
                0x24000000        0x4 ./iapbuild/./IAP/src/main.o
                0x24000000                heapLimit
 .data.heapTop  0x24000004        0x4 ./iapbuild/./IAP/src/main.o
                0x24000004                heapTop
 .data.SystemCoreClock
                0x24000008        0x4 ./iapbuild/\libSTMCore.a(system_stm32yyxx.o)
                0x24000008                SystemCoreClock
 .data.SystemD2Clock
                0x2400000c        0x4 ./iapbuild/\libSTMCore.a(system_stm32yyxx.o)
                0x2400000c                SystemD2Clock
 .data._ZZ22SystemClockStartupInitE10first_call
                0x24000010        0x1 ./iapbuild/\libSTMCore.a(variant.o)
 .data.uwTickFreq
                0x24000011        0x1 ./iapbuild/\libSTMCore.a(stm32h7xx_hal.o)
                0x24000011                uwTickFreq
 *fill*         0x24000012        0x2 
 .data.uwTickPrio
                0x24000014        0x4 ./iapbuild/\libSTMCore.a(stm32h7xx_hal.o)
                0x24000014                uwTickPrio
                0x24000018                . = ALIGN (0x4)
                0x24000018                _edata = .
                0x08007d38                _firmware_end = (_sidata + (_edata - _sdata))

.igot.plt       0x24000018        0x0 load address 0x08007d38
 .igot.plt      0x24000018        0x0 c:/program files (x86)/gnu arm embedded toolchain/10 2021.10/bin/../lib/gcc/arm-none-eabi/10.3.1/thumb/v7e-m+fp/hard/crtbegin.o
                0x24000018                . = ALIGN (0x4)

.bss            0x24000018      0xbe8 load address 0x08007d38
                0x24000018                _sbss = .
                0x24000018                __bss_start__ = _sbss
 *(.bss)
 .bss           0x24000018       0x1c c:/program files (x86)/gnu arm embedded toolchain/10 2021.10/bin/../lib/gcc/arm-none-eabi/10.3.1/thumb/v7e-m+fp/hard/crtbegin.o
 *(.bss*)
 .bss.__malloc_free_list
                0x24000034        0x4 ./iapbuild/./RepRapFirmware/src/libc/nano-mallocr.o
                0x24000034                __malloc_free_list
 .bss.__malloc_sbrk_start
                0x24000038        0x4 ./iapbuild/./RepRapFirmware/src/libc/nano-mallocr.o
                0x24000038                __malloc_sbrk_start
 .bss.FatFs     0x2400003c        0x8 ./iapbuild/./RepRapFirmware/src/targets/common/FatFS/ff.o
 .bss.Fsid      0x24000044        0x2 ./iapbuild/./RepRapFirmware/src/targets/common/FatFS/ff.o
 *fill*         0x24000046        0x2 
 .bss._ffs      0x24000048        0x8 ./iapbuild/./RepRapFirmware/src/targets/STM32/FatFS/sd_mmc_wrapper.o
                0x24000048                _ffs
 .bss._ZZ7AppMainvE12sectorBuffer
                0x24000050      0x200 ./iapbuild/./IAP/src/main.o
 .bss.ioBuffer  0x24000250      0x800 ./iapbuild/./IAP/src/main.o
                0x24000250                ioBuffer
 .bss.pFlash    0x24000a50       0x1c ./iapbuild/\libSTMCore.a(stm32h7xx_hal_flash.o)
                0x24000a50                pFlash
 *fill*         0x24000a6c        0x4 
 .bss._ZL10g_ms_ticks
                0x24000a70        0x8 ./iapbuild/\libSTMCore.a(CoreIO.o)
 .bss._ZL8wdHandle
                0x24000a78       0x10 ./iapbuild/\libSTMCore.a(CoreIO.o)
 .bss._ZN12HardwareSDIO5SDIO1E
                0x24000a88      0x174 ./iapbuild/\libSTMCore.a(HardwareSDIO.o)
                0x24000a88                HardwareSDIO::SDIO1
 .bss.uwTick    0x24000bfc        0x4 ./iapbuild/\libSTMCore.a(stm32h7xx_hal.o)
                0x24000bfc                uwTick
 *(COMMON)
                0x24000c00                . = ALIGN (0x4)
                0x24000c00                _ebss = .
                0x24000c00                __bss_end__ = _ebss

._user_heap_stack
                0x24000c00      0x600 load address 0x08007d38
                0x24000c00                . = ALIGN (0x8)
                [!provide]                PROVIDE (end = .)
                0x24000c00                PROVIDE (_end = .)
                0x24000e00                . = (. + _Min_Heap_Size)
 *fill*         0x24000c00      0x200 
                0x24001200                . = (. + _Min_Stack_Size)
 *fill*         0x24000e00      0x400 
                0x24001200                . = ALIGN (0x8)

.ram_nocache2   0x24070000        0x0
                0x24070000                . = ALIGN (0x4)
                0x24070000                _szero_nocache2 = .
 *(.ram_nocache2 .ram_nocache2.*)
                0x24070000                . = ALIGN (0x4)
                0x24070000                _ezero_nocache2 = .

.ram_nocache    0x30000000        0x0
                0x30000000                . = ALIGN (0x4)
                0x30000000                _szero_nocache = .
 *(.CanMessage .CanMessage.*)
 *(.ram_nocache .ram_nocache.*)
                0x30000000                . = ALIGN (0x4)
                0x30000000                _ezero_nocache = .

/DISCARD/
 libc.a(*)
 libm.a(*)
 libgcc.a(*)

.ARM.attributes
                0x00000000       0x32
 *(.ARM.attributes)
 .ARM.attributes
                0x00000000       0x1e c:/program files (x86)/gnu arm embedded toolchain/10 2021.10/bin/../lib/gcc/arm-none-eabi/10.3.1/thumb/v7e-m+fp/hard/crti.o
 .ARM.attributes
                0x0000001e       0x34 c:/program files (x86)/gnu arm embedded toolchain/10 2021.10/bin/../lib/gcc/arm-none-eabi/10.3.1/thumb/v7e-m+fp/hard/crtbegin.o
 .ARM.attributes
                0x00000052       0x34 ./iapbuild/./RepRapFirmware/src/libc/memcmp.o
 .ARM.attributes
                0x00000086       0x34 ./iapbuild/./RepRapFirmware/src/libc/memcpy.o
 .ARM.attributes
                0x000000ba       0x34 ./iapbuild/./RepRapFirmware/src/libc/memset.o
 .ARM.attributes
                0x000000ee       0x34 ./iapbuild/./RepRapFirmware/src/libc/nano-mallocr.o
 .ARM.attributes
                0x00000122       0x34 ./iapbuild/./RepRapFirmware/src/targets/common/FatFS/ff.o
 .ARM.attributes
                0x00000156       0x34 ./iapbuild/./RepRapFirmware/src/targets/common/FatFS/ffunicode.o
 .ARM.attributes
                0x0000018a       0x34 ./iapbuild/./RepRapFirmware/src/targets/STM32/FatFS/sd_mmc_wrapper.o
 .ARM.attributes
                0x000001be       0x34 ./iapbuild/./RepRapFirmware/src/targets/STM32/FatFS/SDCardSDIO.o
 .ARM.attributes
                0x000001f2       0x34 ./iapbuild/./IAP/src/main.o
 .ARM.attributes
                0x00000226       0x34 ./iapbuild/./IAP/src/new.o
 .ARM.attributes
                0x0000025a       0x34 ./iapbuild/./IAP/src/FatFS/diskio.o
 .ARM.attributes
                0x0000028e       0x34 ./iapbuild/./IAP/src/FatFS/fattime_rtc.o
 .ARM.attributes
                0x000002c2       0x34 ./iapbuild/\libSTMCore.a(system_stm32yyxx.o)
 .ARM.attributes
                0x000002f6       0x34 ./iapbuild/\libSTMCore.a(stm32h7xx_hal_cortex.o)
 .ARM.attributes
                0x0000032a       0x34 ./iapbuild/\libSTMCore.a(stm32h7xx_hal_flash.o)
 .ARM.attributes
                0x0000035e       0x34 ./iapbuild/\libSTMCore.a(stm32h7xx_hal_flash_ex.o)
 .ARM.attributes
                0x00000392       0x34 ./iapbuild/\libSTMCore.a(Cache.o)
 .ARM.attributes
                0x000003c6       0x34 ./iapbuild/\libSTMCore.a(CoreIO.o)
 .ARM.attributes
                0x000003fa       0x34 ./iapbuild/\libSTMCore.a(Startup.o)
 .ARM.attributes
                0x0000042e       0x34 ./iapbuild/\libSTMCore.a(variant.o)
 .ARM.attributes
                0x00000462       0x34 ./iapbuild/\libSTMCore.a(HardwareSDIO.o)
 .ARM.attributes
                0x00000496       0x21 ./iapbuild/\libSTMCore.a(startup_stm32yyxx.o)
 .ARM.attributes
                0x000004b7       0x34 ./iapbuild/\libSTMCore.a(dwt.o)
 .ARM.attributes
                0x000004eb       0x34 ./iapbuild/\libSTMCore.a(pinmap.o)
 .ARM.attributes
                0x0000051f       0x34 ./iapbuild/\libSTMCore.a(PortNames.o)
 .ARM.attributes
                0x00000553       0x34 ./iapbuild/\libSTMCore.a(stm32_def.o)
 .ARM.attributes
                0x00000587       0x34 ./iapbuild/\libSTMCore.a(stm32h7xx_hal.o)
 .ARM.attributes
                0x000005bb       0x34 ./iapbuild/\libSTMCore.a(stm32h7xx_hal_iwdg.o)
 .ARM.attributes
                0x000005ef       0x34 ./iapbuild/\libSTMCore.a(stm32h7xx_hal_pwr_ex.o)
 .ARM.attributes
                0x00000623       0x34 ./iapbuild/\libSTMCore.a(stm32h7xx_hal_rcc.o)
 .ARM.attributes
                0x00000657       0x34 ./iapbuild/\libSTMCore.a(stm32h7xx_hal_rcc_ex.o)
 .ARM.attributes
                0x0000068b       0x34 ./iapbuild/\libSTMCore.a(stm32h7xx_hal_sd.o)
 .ARM.attributes
                0x000006bf       0x34 ./iapbuild/\libSTMCore.a(stm32h7xx_ll_sdmmc.o)
 .ARM.attributes
                0x000006f3       0x34 ./iapbuild/\libSTMCore.a(PeripheralPins.o)
 .ARM.attributes
                0x00000727       0x34 c:/program files (x86)/gnu arm embedded toolchain/10 2021.10/bin/../lib/gcc/arm-none-eabi/10.3.1/../../../../arm-none-eabi/lib/thumb/v7e-m+fp/hard\libc.a(lib_a-init.o)
 .ARM.attributes
                0x0000075b       0x34 c:/program files (x86)/gnu arm embedded toolchain/10 2021.10/bin/../lib/gcc/arm-none-eabi/10.3.1/../../../../arm-none-eabi/lib/thumb/v7e-m+fp/hard\libc.a(lib_a-strchr.o)
 .ARM.attributes
                0x0000078f       0x1e c:/program files (x86)/gnu arm embedded toolchain/10 2021.10/bin/../lib/gcc/arm-none-eabi/10.3.1/thumb/v7e-m+fp/hard/crtn.o
                0x30000000                PROVIDE (_nocache_ram_start = ORIGIN (RAM_D2))
                0x30048000                PROVIDE (_nocache_ram_end = (ORIGIN (RAM_D2) + LENGTH (RAM_D2)))
                0x24070000                PROVIDE (_nocache2_ram_start = ORIGIN (RAM_D1NC))
                0x24080000                PROVIDE (_nocache2_ram_end = (ORIGIN (RAM_D1NC) + LENGTH (RAM_D1NC)))
                0x2406ffc0                PROVIDE (_estack = ((ORIGIN (RAM_D1) + LENGTH (RAM_D1)) - 0x40))
                0x08007d38                PROVIDE (_firmware_crc = _firmware_end)
OUTPUT(./iapbuild/stm32h7_bootloader_2.elf elf32-littlearm)
LOAD linker stubs
LOAD c:/program files (x86)/gnu arm embedded toolchain/10 2021.10/bin/../lib/gcc/arm-none-eabi/10.3.1/../../../../arm-none-eabi/lib/thumb/v7e-m+fp/hard\libc.a
LOAD c:/program files (x86)/gnu arm embedded toolchain/10 2021.10/bin/../lib/gcc/arm-none-eabi/10.3.1/../../../../arm-none-eabi/lib/thumb/v7e-m+fp/hard\libm.a
LOAD c:/program files (x86)/gnu arm embedded toolchain/10 2021.10/bin/../lib/gcc/arm-none-eabi/10.3.1/thumb/v7e-m+fp/hard\libgcc.a

.debug_info     0x00000000    0x3997f
 .debug_info    0x00000000      0x10c ./iapbuild/./RepRapFirmware/src/libc/memcmp.o
 .debug_info    0x0000010c      0x12c ./iapbuild/./RepRapFirmware/src/libc/memcpy.o
 .debug_info    0x00000238       0xe1 ./iapbuild/./RepRapFirmware/src/libc/memset.o
 .debug_info    0x00000319     0x1058 ./iapbuild/./RepRapFirmware/src/libc/nano-mallocr.o
 .debug_info    0x00001371     0x44be ./iapbuild/./RepRapFirmware/src/targets/common/FatFS/ff.o
 .debug_info    0x0000582f      0x734 ./iapbuild/./RepRapFirmware/src/targets/common/FatFS/ffunicode.o
 .debug_info    0x00005f63     0x2425 ./iapbuild/./RepRapFirmware/src/targets/STM32/FatFS/sd_mmc_wrapper.o
 .debug_info    0x00008388     0x3aba ./iapbuild/./RepRapFirmware/src/targets/STM32/FatFS/SDCardSDIO.o
 .debug_info    0x0000be42     0x5663 ./iapbuild/./IAP/src/main.o
 .debug_info    0x000114a5     0x28ad ./iapbuild/./IAP/src/new.o
 .debug_info    0x00013d52     0x2028 ./iapbuild/./IAP/src/FatFS/diskio.o
 .debug_info    0x00015d7a     0x1c7d ./iapbuild/./IAP/src/FatFS/fattime_rtc.o
 .debug_info    0x000179f7      0x9e6 ./iapbuild/\libSTMCore.a(system_stm32yyxx.o)
 .debug_info    0x000183dd     0x168a ./iapbuild/\libSTMCore.a(stm32h7xx_hal_cortex.o)
 .debug_info    0x00019a67      0xbf2 ./iapbuild/\libSTMCore.a(stm32h7xx_hal_flash.o)
 .debug_info    0x0001a659     0x17b5 ./iapbuild/\libSTMCore.a(stm32h7xx_hal_flash_ex.o)
 .debug_info    0x0001be0e     0x2c18 ./iapbuild/\libSTMCore.a(Cache.o)
 .debug_info    0x0001ea26     0x3310 ./iapbuild/\libSTMCore.a(CoreIO.o)
 .debug_info    0x00021d36     0x258f ./iapbuild/\libSTMCore.a(Startup.o)
 .debug_info    0x000242c5     0x3a77 ./iapbuild/\libSTMCore.a(variant.o)
 .debug_info    0x00027d3c     0x3f97 ./iapbuild/\libSTMCore.a(HardwareSDIO.o)
 .debug_info    0x0002bcd3       0x22 ./iapbuild/\libSTMCore.a(startup_stm32yyxx.o)
 .debug_info    0x0002bcf5      0x309 ./iapbuild/\libSTMCore.a(dwt.o)
 .debug_info    0x0002bffe     0x1293 ./iapbuild/\libSTMCore.a(pinmap.o)
 .debug_info    0x0002d291      0x70f ./iapbuild/\libSTMCore.a(PortNames.o)
 .debug_info    0x0002d9a0       0xff ./iapbuild/\libSTMCore.a(stm32_def.o)
 .debug_info    0x0002da9f     0x1944 ./iapbuild/\libSTMCore.a(stm32h7xx_hal.o)
 .debug_info    0x0002f3e3      0x2d8 ./iapbuild/\libSTMCore.a(stm32h7xx_hal_iwdg.o)
 .debug_info    0x0002f6bb     0x1415 ./iapbuild/\libSTMCore.a(stm32h7xx_hal_pwr_ex.o)
 .debug_info    0x00030ad0     0x16d1 ./iapbuild/\libSTMCore.a(stm32h7xx_hal_rcc.o)
 .debug_info    0x000321a1     0x1ccd ./iapbuild/\libSTMCore.a(stm32h7xx_hal_rcc_ex.o)
 .debug_info    0x00033e6e     0x25be ./iapbuild/\libSTMCore.a(stm32h7xx_hal_sd.o)
 .debug_info    0x0003642c     0x1f29 ./iapbuild/\libSTMCore.a(stm32h7xx_ll_sdmmc.o)
 .debug_info    0x00038355     0x162a ./iapbuild/\libSTMCore.a(PeripheralPins.o)

.debug_abbrev   0x00000000     0x6a3c
 .debug_abbrev  0x00000000       0x8d ./iapbuild/./RepRapFirmware/src/libc/memcmp.o
 .debug_abbrev  0x0000008d       0xc0 ./iapbuild/./RepRapFirmware/src/libc/memcpy.o
 .debug_abbrev  0x0000014d       0x9e ./iapbuild/./RepRapFirmware/src/libc/memset.o
 .debug_abbrev  0x000001eb      0x3c7 ./iapbuild/./RepRapFirmware/src/libc/nano-mallocr.o
 .debug_abbrev  0x000005b2      0x39a ./iapbuild/./RepRapFirmware/src/targets/common/FatFS/ff.o
 .debug_abbrev  0x0000094c      0x135 ./iapbuild/./RepRapFirmware/src/targets/common/FatFS/ffunicode.o
 .debug_abbrev  0x00000a81      0x456 ./iapbuild/./RepRapFirmware/src/targets/STM32/FatFS/sd_mmc_wrapper.o
 .debug_abbrev  0x00000ed7      0x62c ./iapbuild/./RepRapFirmware/src/targets/STM32/FatFS/SDCardSDIO.o
 .debug_abbrev  0x00001503      0xa63 ./iapbuild/./IAP/src/main.o
 .debug_abbrev  0x00001f66      0x582 ./iapbuild/./IAP/src/new.o
 .debug_abbrev  0x000024e8      0x2c4 ./iapbuild/./IAP/src/FatFS/diskio.o
 .debug_abbrev  0x000027ac      0x19d ./iapbuild/./IAP/src/FatFS/fattime_rtc.o
 .debug_abbrev  0x00002949      0x1bb ./iapbuild/\libSTMCore.a(system_stm32yyxx.o)
 .debug_abbrev  0x00002b04      0x3a6 ./iapbuild/\libSTMCore.a(stm32h7xx_hal_cortex.o)
 .debug_abbrev  0x00002eaa      0x324 ./iapbuild/\libSTMCore.a(stm32h7xx_hal_flash.o)
 .debug_abbrev  0x000031ce      0x318 ./iapbuild/\libSTMCore.a(stm32h7xx_hal_flash_ex.o)
 .debug_abbrev  0x000034e6      0x4a6 ./iapbuild/\libSTMCore.a(Cache.o)
 .debug_abbrev  0x0000398c      0x739 ./iapbuild/\libSTMCore.a(CoreIO.o)
 .debug_abbrev  0x000040c5      0x38b ./iapbuild/\libSTMCore.a(Startup.o)
 .debug_abbrev  0x00004450      0x4d1 ./iapbuild/\libSTMCore.a(variant.o)
 .debug_abbrev  0x00004921      0x636 ./iapbuild/\libSTMCore.a(HardwareSDIO.o)
 .debug_abbrev  0x00004f57       0x12 ./iapbuild/\libSTMCore.a(startup_stm32yyxx.o)
 .debug_abbrev  0x00004f69      0x125 ./iapbuild/\libSTMCore.a(dwt.o)
 .debug_abbrev  0x0000508e      0x361 ./iapbuild/\libSTMCore.a(pinmap.o)
 .debug_abbrev  0x000053ef      0x165 ./iapbuild/\libSTMCore.a(PortNames.o)
 .debug_abbrev  0x00005554       0x94 ./iapbuild/\libSTMCore.a(stm32_def.o)
 .debug_abbrev  0x000055e8      0x2c9 ./iapbuild/\libSTMCore.a(stm32h7xx_hal.o)
 .debug_abbrev  0x000058b1      0x174 ./iapbuild/\libSTMCore.a(stm32h7xx_hal_iwdg.o)
 .debug_abbrev  0x00005a25      0x2e6 ./iapbuild/\libSTMCore.a(stm32h7xx_hal_pwr_ex.o)
 .debug_abbrev  0x00005d0b      0x2d0 ./iapbuild/\libSTMCore.a(stm32h7xx_hal_rcc.o)
 .debug_abbrev  0x00005fdb      0x297 ./iapbuild/\libSTMCore.a(stm32h7xx_hal_rcc_ex.o)
 .debug_abbrev  0x00006272      0x33c ./iapbuild/\libSTMCore.a(stm32h7xx_hal_sd.o)
 .debug_abbrev  0x000065ae      0x339 ./iapbuild/\libSTMCore.a(stm32h7xx_ll_sdmmc.o)
 .debug_abbrev  0x000068e7      0x155 ./iapbuild/\libSTMCore.a(PeripheralPins.o)

.debug_loc      0x00000000    0x10e85
 .debug_loc     0x00000000       0xf3 ./iapbuild/./RepRapFirmware/src/libc/memcmp.o
 .debug_loc     0x000000f3       0xd9 ./iapbuild/./RepRapFirmware/src/libc/memcpy.o
 .debug_loc     0x000001cc       0x63 ./iapbuild/./RepRapFirmware/src/libc/memset.o
 .debug_loc     0x0000022f      0x76a ./iapbuild/./RepRapFirmware/src/libc/nano-mallocr.o
 .debug_loc     0x00000999     0x4f75 ./iapbuild/./RepRapFirmware/src/targets/common/FatFS/ff.o
 .debug_loc     0x0000590e      0x33b ./iapbuild/./RepRapFirmware/src/targets/common/FatFS/ffunicode.o
 .debug_loc     0x00005c49      0x330 ./iapbuild/./RepRapFirmware/src/targets/STM32/FatFS/sd_mmc_wrapper.o
 .debug_loc     0x00005f79      0x583 ./iapbuild/./RepRapFirmware/src/targets/STM32/FatFS/SDCardSDIO.o
 .debug_loc     0x000064fc      0xaf1 ./iapbuild/./IAP/src/main.o
 .debug_loc     0x00006fed      0x37e ./iapbuild/./IAP/src/new.o
 .debug_loc     0x0000736b      0x319 ./iapbuild/./IAP/src/FatFS/diskio.o
 .debug_loc     0x00007684      0x233 ./iapbuild/\libSTMCore.a(system_stm32yyxx.o)
 .debug_loc     0x000078b7      0x643 ./iapbuild/\libSTMCore.a(stm32h7xx_hal_cortex.o)
 .debug_loc     0x00007efa      0x701 ./iapbuild/\libSTMCore.a(stm32h7xx_hal_flash.o)
 .debug_loc     0x000085fb      0xb71 ./iapbuild/\libSTMCore.a(stm32h7xx_hal_flash_ex.o)
 .debug_loc     0x0000916c      0x37a ./iapbuild/\libSTMCore.a(Cache.o)
 .debug_loc     0x000094e6      0x842 ./iapbuild/\libSTMCore.a(CoreIO.o)
 .debug_loc     0x00009d28      0x345 ./iapbuild/\libSTMCore.a(variant.o)
 .debug_loc     0x0000a06d      0x5cb ./iapbuild/\libSTMCore.a(HardwareSDIO.o)
 .debug_loc     0x0000a638       0x15 ./iapbuild/\libSTMCore.a(dwt.o)
 .debug_loc     0x0000a64d      0xccb ./iapbuild/\libSTMCore.a(pinmap.o)
 .debug_loc     0x0000b318      0x2da ./iapbuild/\libSTMCore.a(PortNames.o)
 .debug_loc     0x0000b5f2       0x64 ./iapbuild/\libSTMCore.a(stm32_def.o)
 .debug_loc     0x0000b656      0x5c9 ./iapbuild/\libSTMCore.a(stm32h7xx_hal.o)
 .debug_loc     0x0000bc1f       0x90 ./iapbuild/\libSTMCore.a(stm32h7xx_hal_iwdg.o)
 .debug_loc     0x0000bcaf      0x5e1 ./iapbuild/\libSTMCore.a(stm32h7xx_hal_pwr_ex.o)
 .debug_loc     0x0000c290      0x7d0 ./iapbuild/\libSTMCore.a(stm32h7xx_hal_rcc.o)
 .debug_loc     0x0000ca60      0xfdb ./iapbuild/\libSTMCore.a(stm32h7xx_hal_rcc_ex.o)
 .debug_loc     0x0000da3b     0x1ed1 ./iapbuild/\libSTMCore.a(stm32h7xx_hal_sd.o)
 .debug_loc     0x0000f90c     0x1579 ./iapbuild/\libSTMCore.a(stm32h7xx_ll_sdmmc.o)

.debug_aranges  0x00000000     0x1130
 .debug_aranges
                0x00000000       0x20 ./iapbuild/./RepRapFirmware/src/libc/memcmp.o
 .debug_aranges
                0x00000020       0x20 ./iapbuild/./RepRapFirmware/src/libc/memcpy.o
 .debug_aranges
                0x00000040       0x20 ./iapbuild/./RepRapFirmware/src/libc/memset.o
 .debug_aranges
                0x00000060       0x50 ./iapbuild/./RepRapFirmware/src/libc/nano-mallocr.o
 .debug_aranges
                0x000000b0      0x188 ./iapbuild/./RepRapFirmware/src/targets/common/FatFS/ff.o
 .debug_aranges
                0x00000238       0x30 ./iapbuild/./RepRapFirmware/src/targets/common/FatFS/ffunicode.o
 .debug_aranges
                0x00000268       0x58 ./iapbuild/./RepRapFirmware/src/targets/STM32/FatFS/sd_mmc_wrapper.o
 .debug_aranges
                0x000002c0       0x68 ./iapbuild/./RepRapFirmware/src/targets/STM32/FatFS/SDCardSDIO.o
 .debug_aranges
                0x00000328      0x138 ./iapbuild/./IAP/src/main.o
 .debug_aranges
                0x00000460       0xb8 ./iapbuild/./IAP/src/new.o
 .debug_aranges
                0x00000518       0x40 ./iapbuild/./IAP/src/FatFS/diskio.o
 .debug_aranges
                0x00000558       0x20 ./iapbuild/./IAP/src/FatFS/fattime_rtc.o
 .debug_aranges
                0x00000578       0x28 ./iapbuild/\libSTMCore.a(system_stm32yyxx.o)
 .debug_aranges
                0x000005a0       0xb0 ./iapbuild/\libSTMCore.a(stm32h7xx_hal_cortex.o)
 .debug_aranges
                0x00000650       0x80 ./iapbuild/\libSTMCore.a(stm32h7xx_hal_flash.o)
 .debug_aranges
                0x000006d0       0x70 ./iapbuild/\libSTMCore.a(stm32h7xx_hal_flash_ex.o)
 .debug_aranges
                0x00000740       0x50 ./iapbuild/\libSTMCore.a(Cache.o)
 .debug_aranges
                0x00000790       0xd8 ./iapbuild/\libSTMCore.a(CoreIO.o)
 .debug_aranges
                0x00000868       0x30 ./iapbuild/\libSTMCore.a(Startup.o)
 .debug_aranges
                0x00000898       0x48 ./iapbuild/\libSTMCore.a(variant.o)
 .debug_aranges
                0x000008e0       0x80 ./iapbuild/\libSTMCore.a(HardwareSDIO.o)
 .debug_aranges
                0x00000960       0x28 ./iapbuild/\libSTMCore.a(startup_stm32yyxx.o)
 .debug_aranges
                0x00000988       0x28 ./iapbuild/\libSTMCore.a(dwt.o)
 .debug_aranges
                0x000009b0       0x80 ./iapbuild/\libSTMCore.a(pinmap.o)
 .debug_aranges
                0x00000a30       0x20 ./iapbuild/\libSTMCore.a(PortNames.o)
 .debug_aranges
                0x00000a50       0x20 ./iapbuild/\libSTMCore.a(stm32_def.o)
 .debug_aranges
                0x00000a70      0x190 ./iapbuild/\libSTMCore.a(stm32h7xx_hal.o)
 .debug_aranges
                0x00000c00       0x28 ./iapbuild/\libSTMCore.a(stm32h7xx_hal_iwdg.o)
 .debug_aranges
                0x00000c28      0x128 ./iapbuild/\libSTMCore.a(stm32h7xx_hal_pwr_ex.o)
 .debug_aranges
                0x00000d50       0x88 ./iapbuild/\libSTMCore.a(stm32h7xx_hal_rcc.o)
 .debug_aranges
                0x00000dd8       0xe0 ./iapbuild/\libSTMCore.a(stm32h7xx_hal_rcc_ex.o)
 .debug_aranges
                0x00000eb8       0xe0 ./iapbuild/\libSTMCore.a(stm32h7xx_hal_sd.o)
 .debug_aranges
                0x00000f98      0x180 ./iapbuild/\libSTMCore.a(stm32h7xx_ll_sdmmc.o)
 .debug_aranges
                0x00001118       0x18 ./iapbuild/\libSTMCore.a(PeripheralPins.o)

.debug_ranges   0x00000000     0x1b30
 .debug_ranges  0x00000000       0x10 ./iapbuild/./RepRapFirmware/src/libc/memcmp.o
 .debug_ranges  0x00000010       0x10 ./iapbuild/./RepRapFirmware/src/libc/memcpy.o
 .debug_ranges  0x00000020       0x10 ./iapbuild/./RepRapFirmware/src/libc/memset.o
 .debug_ranges  0x00000030       0xc0 ./iapbuild/./RepRapFirmware/src/libc/nano-mallocr.o
 .debug_ranges  0x000000f0      0x3b0 ./iapbuild/./RepRapFirmware/src/targets/common/FatFS/ff.o
 .debug_ranges  0x000004a0       0x20 ./iapbuild/./RepRapFirmware/src/targets/common/FatFS/ffunicode.o
 .debug_ranges  0x000004c0       0x48 ./iapbuild/./RepRapFirmware/src/targets/STM32/FatFS/sd_mmc_wrapper.o
 .debug_ranges  0x00000508       0x70 ./iapbuild/./RepRapFirmware/src/targets/STM32/FatFS/SDCardSDIO.o
 .debug_ranges  0x00000578      0x2e0 ./iapbuild/./IAP/src/main.o
 .debug_ranges  0x00000858       0xc0 ./iapbuild/./IAP/src/new.o
 .debug_ranges  0x00000918       0x70 ./iapbuild/./IAP/src/FatFS/diskio.o
 .debug_ranges  0x00000988       0x10 ./iapbuild/./IAP/src/FatFS/fattime_rtc.o
 .debug_ranges  0x00000998       0x30 ./iapbuild/\libSTMCore.a(system_stm32yyxx.o)
 .debug_ranges  0x000009c8      0x170 ./iapbuild/\libSTMCore.a(stm32h7xx_hal_cortex.o)
 .debug_ranges  0x00000b38       0x70 ./iapbuild/\libSTMCore.a(stm32h7xx_hal_flash.o)
 .debug_ranges  0x00000ba8      0x1b8 ./iapbuild/\libSTMCore.a(stm32h7xx_hal_flash_ex.o)
 .debug_ranges  0x00000d60       0x40 ./iapbuild/\libSTMCore.a(Cache.o)
 .debug_ranges  0x00000da0      0x1d0 ./iapbuild/\libSTMCore.a(CoreIO.o)
 .debug_ranges  0x00000f70       0x40 ./iapbuild/\libSTMCore.a(Startup.o)
 .debug_ranges  0x00000fb0       0x50 ./iapbuild/\libSTMCore.a(variant.o)
 .debug_ranges  0x00001000       0xa8 ./iapbuild/\libSTMCore.a(HardwareSDIO.o)
 .debug_ranges  0x000010a8       0x20 ./iapbuild/\libSTMCore.a(startup_stm32yyxx.o)
 .debug_ranges  0x000010c8       0x18 ./iapbuild/\libSTMCore.a(dwt.o)
 .debug_ranges  0x000010e0      0x118 ./iapbuild/\libSTMCore.a(pinmap.o)
 .debug_ranges  0x000011f8      0x118 ./iapbuild/\libSTMCore.a(PortNames.o)
 .debug_ranges  0x00001310       0x10 ./iapbuild/\libSTMCore.a(stm32_def.o)
 .debug_ranges  0x00001320      0x180 ./iapbuild/\libSTMCore.a(stm32h7xx_hal.o)
 .debug_ranges  0x000014a0       0x18 ./iapbuild/\libSTMCore.a(stm32h7xx_hal_iwdg.o)
 .debug_ranges  0x000014b8      0x130 ./iapbuild/\libSTMCore.a(stm32h7xx_hal_pwr_ex.o)
 .debug_ranges  0x000015e8       0xf8 ./iapbuild/\libSTMCore.a(stm32h7xx_hal_rcc.o)
 .debug_ranges  0x000016e0       0xd0 ./iapbuild/\libSTMCore.a(stm32h7xx_hal_rcc_ex.o)
 .debug_ranges  0x000017b0      0x1c8 ./iapbuild/\libSTMCore.a(stm32h7xx_hal_sd.o)
 .debug_ranges  0x00001978      0x1b8 ./iapbuild/\libSTMCore.a(stm32h7xx_ll_sdmmc.o)

.debug_line     0x00000000    0x16a90
 .debug_line    0x00000000      0x162 ./iapbuild/./RepRapFirmware/src/libc/memcmp.o
 .debug_line    0x00000162      0x14f ./iapbuild/./RepRapFirmware/src/libc/memcpy.o
 .debug_line    0x000002b1      0x13f ./iapbuild/./RepRapFirmware/src/libc/memset.o
 .debug_line    0x000003f0      0x67e ./iapbuild/./RepRapFirmware/src/libc/nano-mallocr.o
 .debug_line    0x00000a6e     0x3cf6 ./iapbuild/./RepRapFirmware/src/targets/common/FatFS/ff.o
 .debug_line    0x00004764      0x377 ./iapbuild/./RepRapFirmware/src/targets/common/FatFS/ffunicode.o
 .debug_line    0x00004adb      0x726 ./iapbuild/./RepRapFirmware/src/targets/STM32/FatFS/sd_mmc_wrapper.o
 .debug_line    0x00005201      0x8c6 ./iapbuild/./RepRapFirmware/src/targets/STM32/FatFS/SDCardSDIO.o
 .debug_line    0x00005ac7     0x1200 ./iapbuild/./IAP/src/main.o
 .debug_line    0x00006cc7      0x74d ./iapbuild/./IAP/src/new.o
 .debug_line    0x00007414      0x64f ./iapbuild/./IAP/src/FatFS/diskio.o
 .debug_line    0x00007a63      0x3ec ./iapbuild/./IAP/src/FatFS/fattime_rtc.o
 .debug_line    0x00007e4f      0x414 ./iapbuild/\libSTMCore.a(system_stm32yyxx.o)
 .debug_line    0x00008263      0x9ab ./iapbuild/\libSTMCore.a(stm32h7xx_hal_cortex.o)
 .debug_line    0x00008c0e      0xbc1 ./iapbuild/\libSTMCore.a(stm32h7xx_hal_flash.o)
 .debug_line    0x000097cf      0xedc ./iapbuild/\libSTMCore.a(stm32h7xx_hal_flash_ex.o)
 .debug_line    0x0000a6ab      0x8d9 ./iapbuild/\libSTMCore.a(Cache.o)
 .debug_line    0x0000af84      0xc87 ./iapbuild/\libSTMCore.a(CoreIO.o)
 .debug_line    0x0000bc0b      0x68a ./iapbuild/\libSTMCore.a(Startup.o)
 .debug_line    0x0000c295      0xa93 ./iapbuild/\libSTMCore.a(variant.o)
 .debug_line    0x0000cd28      0xa5b ./iapbuild/\libSTMCore.a(HardwareSDIO.o)
 .debug_line    0x0000d783       0xcb ./iapbuild/\libSTMCore.a(startup_stm32yyxx.o)
 .debug_line    0x0000d84e      0x1e5 ./iapbuild/\libSTMCore.a(dwt.o)
 .debug_line    0x0000da33      0x75f ./iapbuild/\libSTMCore.a(pinmap.o)
 .debug_line    0x0000e192      0x265 ./iapbuild/\libSTMCore.a(PortNames.o)
 .debug_line    0x0000e3f7       0x72 ./iapbuild/\libSTMCore.a(stm32_def.o)
 .debug_line    0x0000e469      0xb9b ./iapbuild/\libSTMCore.a(stm32h7xx_hal.o)
 .debug_line    0x0000f004      0x33b ./iapbuild/\libSTMCore.a(stm32h7xx_hal_iwdg.o)
 .debug_line    0x0000f33f      0xc2c ./iapbuild/\libSTMCore.a(stm32h7xx_hal_pwr_ex.o)
 .debug_line    0x0000ff6b     0x148a ./iapbuild/\libSTMCore.a(stm32h7xx_hal_rcc.o)
 .debug_line    0x000113f5     0x1ac0 ./iapbuild/\libSTMCore.a(stm32h7xx_hal_rcc_ex.o)
 .debug_line    0x00012eb5     0x2630 ./iapbuild/\libSTMCore.a(stm32h7xx_hal_sd.o)
 .debug_line    0x000154e5     0x13c8 ./iapbuild/\libSTMCore.a(stm32h7xx_ll_sdmmc.o)
 .debug_line    0x000168ad      0x1e3 ./iapbuild/\libSTMCore.a(PeripheralPins.o)

.debug_str      0x00000000     0x8da2
 .debug_str     0x00000000      0x1aa ./iapbuild/./RepRapFirmware/src/libc/memcmp.o
                                0x1ea (size before relaxing)
 .debug_str     0x000001aa       0x35 ./iapbuild/./RepRapFirmware/src/libc/memcpy.o
                                0x1fe (size before relaxing)
 .debug_str     0x000001df       0x21 ./iapbuild/./RepRapFirmware/src/libc/memset.o
                                0x1ea (size before relaxing)
 .debug_str     0x00000200      0x56b ./iapbuild/./RepRapFirmware/src/libc/nano-mallocr.o
                                0x7c6 (size before relaxing)
 .debug_str     0x0000076b      0xa12 ./iapbuild/./RepRapFirmware/src/targets/common/FatFS/ff.o
                                0xc90 (size before relaxing)
 .debug_str     0x0000117d       0x44 ./iapbuild/./RepRapFirmware/src/targets/common/FatFS/ffunicode.o
                                0x634 (size before relaxing)
 .debug_str     0x000011c1     0x101c ./iapbuild/./RepRapFirmware/src/targets/STM32/FatFS/sd_mmc_wrapper.o
                               0x15e7 (size before relaxing)
 .debug_str     0x000021dd     0x1258 ./iapbuild/./RepRapFirmware/src/targets/STM32/FatFS/SDCardSDIO.o
                               0x27c3 (size before relaxing)
 .debug_str     0x00003435     0x1111 ./iapbuild/./IAP/src/main.o
                               0x3917 (size before relaxing)
 .debug_str     0x00004546       0xd4 ./iapbuild/./IAP/src/new.o
                               0x17a5 (size before relaxing)
 .debug_str     0x0000461a       0x55 ./iapbuild/./IAP/src/FatFS/diskio.o
                               0x11b1 (size before relaxing)
 .debug_str     0x0000466f       0x1e ./iapbuild/./IAP/src/FatFS/fattime_rtc.o
                               0x1079 (size before relaxing)
 .debug_str     0x0000468d      0x273 ./iapbuild/\libSTMCore.a(system_stm32yyxx.o)
                                0x5da (size before relaxing)
 .debug_str     0x00004900      0x431 ./iapbuild/\libSTMCore.a(stm32h7xx_hal_cortex.o)
                               0x10c0 (size before relaxing)
 .debug_str     0x00004d31      0x32e ./iapbuild/\libSTMCore.a(stm32h7xx_hal_flash.o)
                                0x75c (size before relaxing)
 .debug_str     0x0000505f      0x417 ./iapbuild/\libSTMCore.a(stm32h7xx_hal_flash_ex.o)
                                0xa1e (size before relaxing)
 .debug_str     0x00005476      0x1e0 ./iapbuild/\libSTMCore.a(Cache.o)
                               0x170a (size before relaxing)
 .debug_str     0x00005656      0x526 ./iapbuild/\libSTMCore.a(CoreIO.o)
                               0x1b68 (size before relaxing)
 .debug_str     0x00005b7c       0x7f ./iapbuild/\libSTMCore.a(Startup.o)
                               0x1552 (size before relaxing)
 .debug_str     0x00005bfb      0x6ca ./iapbuild/\libSTMCore.a(variant.o)
                               0x272c (size before relaxing)
 .debug_str     0x000062c5      0x22f ./iapbuild/\libSTMCore.a(HardwareSDIO.o)
                               0x2ac7 (size before relaxing)
 .debug_str     0x000064f4       0x76 ./iapbuild/\libSTMCore.a(startup_stm32yyxx.o)
                                 0x94 (size before relaxing)
 .debug_str     0x0000656a       0x4a ./iapbuild/\libSTMCore.a(dwt.o)
                                0x2f5 (size before relaxing)
 .debug_str     0x000065b4      0x27d ./iapbuild/\libSTMCore.a(pinmap.o)
                                0x8fa (size before relaxing)
 .debug_str     0x00006831       0x30 ./iapbuild/\libSTMCore.a(PortNames.o)
                                0x4e0 (size before relaxing)
 .debug_str     0x00006861       0x1e ./iapbuild/\libSTMCore.a(stm32_def.o)
                                0x201 (size before relaxing)
 .debug_str     0x0000687f      0x756 ./iapbuild/\libSTMCore.a(stm32h7xx_hal.o)
                               0x1514 (size before relaxing)
 .debug_str     0x00006fd5       0x55 ./iapbuild/\libSTMCore.a(stm32h7xx_hal_iwdg.o)
                                0x31a (size before relaxing)
 .debug_str     0x0000702a      0x54e ./iapbuild/\libSTMCore.a(stm32h7xx_hal_pwr_ex.o)
                                0xaad (size before relaxing)
 .debug_str     0x00007578      0x1d7 ./iapbuild/\libSTMCore.a(stm32h7xx_hal_rcc.o)
                                0xa7e (size before relaxing)
 .debug_str     0x0000774f      0x5c5 ./iapbuild/\libSTMCore.a(stm32h7xx_hal_rcc_ex.o)
                                0xf60 (size before relaxing)
 .debug_str     0x00007d14      0x983 ./iapbuild/\libSTMCore.a(stm32h7xx_hal_sd.o)
                               0x105f (size before relaxing)
 .debug_str     0x00008697      0x26d ./iapbuild/\libSTMCore.a(stm32h7xx_ll_sdmmc.o)
                                0x8d1 (size before relaxing)
 .debug_str     0x00008904      0x49e ./iapbuild/\libSTMCore.a(PeripheralPins.o)
                                0xc13 (size before relaxing)

.comment        0x00000000       0x49
 .comment       0x00000000       0x49 ./iapbuild/./RepRapFirmware/src/libc/memcmp.o
                                 0x4a (size before relaxing)
 .comment       0x00000049       0x4a ./iapbuild/./RepRapFirmware/src/libc/memcpy.o
 .comment       0x00000049       0x4a ./iapbuild/./RepRapFirmware/src/libc/memset.o
 .comment       0x00000049       0x4a ./iapbuild/./RepRapFirmware/src/libc/nano-mallocr.o
 .comment       0x00000049       0x4a ./iapbuild/./RepRapFirmware/src/targets/common/FatFS/ff.o
 .comment       0x00000049       0x4a ./iapbuild/./RepRapFirmware/src/targets/common/FatFS/ffunicode.o
 .comment       0x00000049       0x4a ./iapbuild/./RepRapFirmware/src/targets/STM32/FatFS/sd_mmc_wrapper.o
 .comment       0x00000049       0x4a ./iapbuild/./RepRapFirmware/src/targets/STM32/FatFS/SDCardSDIO.o
 .comment       0x00000049       0x4a ./iapbuild/./IAP/src/main.o
 .comment       0x00000049       0x4a ./iapbuild/./IAP/src/new.o
 .comment       0x00000049       0x4a ./iapbuild/./IAP/src/FatFS/diskio.o
 .comment       0x00000049       0x4a ./iapbuild/./IAP/src/FatFS/fattime_rtc.o
 .comment       0x00000049       0x4a ./iapbuild/\libSTMCore.a(system_stm32yyxx.o)
 .comment       0x00000049       0x4a ./iapbuild/\libSTMCore.a(stm32h7xx_hal_cortex.o)
 .comment       0x00000049       0x4a ./iapbuild/\libSTMCore.a(stm32h7xx_hal_flash.o)
 .comment       0x00000049       0x4a ./iapbuild/\libSTMCore.a(stm32h7xx_hal_flash_ex.o)
 .comment       0x00000049       0x4a ./iapbuild/\libSTMCore.a(Cache.o)
 .comment       0x00000049       0x4a ./iapbuild/\libSTMCore.a(CoreIO.o)
 .comment       0x00000049       0x4a ./iapbuild/\libSTMCore.a(Startup.o)
 .comment       0x00000049       0x4a ./iapbuild/\libSTMCore.a(variant.o)
 .comment       0x00000049       0x4a ./iapbuild/\libSTMCore.a(HardwareSDIO.o)
 .comment       0x00000049       0x4a ./iapbuild/\libSTMCore.a(dwt.o)
 .comment       0x00000049       0x4a ./iapbuild/\libSTMCore.a(pinmap.o)
 .comment       0x00000049       0x4a ./iapbuild/\libSTMCore.a(PortNames.o)
 .comment       0x00000049       0x4a ./iapbuild/\libSTMCore.a(stm32_def.o)
 .comment       0x00000049       0x4a ./iapbuild/\libSTMCore.a(stm32h7xx_hal.o)
 .comment       0x00000049       0x4a ./iapbuild/\libSTMCore.a(stm32h7xx_hal_iwdg.o)
 .comment       0x00000049       0x4a ./iapbuild/\libSTMCore.a(stm32h7xx_hal_pwr_ex.o)
 .comment       0x00000049       0x4a ./iapbuild/\libSTMCore.a(stm32h7xx_hal_rcc.o)
 .comment       0x00000049       0x4a ./iapbuild/\libSTMCore.a(stm32h7xx_hal_rcc_ex.o)
 .comment       0x00000049       0x4a ./iapbuild/\libSTMCore.a(stm32h7xx_hal_sd.o)
 .comment       0x00000049       0x4a ./iapbuild/\libSTMCore.a(stm32h7xx_ll_sdmmc.o)
 .comment       0x00000049       0x4a ./iapbuild/\libSTMCore.a(PeripheralPins.o)

.debug_frame    0x00000000     0x2eec
 .debug_frame   0x00000000       0x28 ./iapbuild/./RepRapFirmware/src/libc/memcmp.o
 .debug_frame   0x00000028       0x28 ./iapbuild/./RepRapFirmware/src/libc/memcpy.o
 .debug_frame   0x00000050       0x20 ./iapbuild/./RepRapFirmware/src/libc/memset.o
 .debug_frame   0x00000070       0xc0 ./iapbuild/./RepRapFirmware/src/libc/nano-mallocr.o
 .debug_frame   0x00000130      0x62c ./iapbuild/./RepRapFirmware/src/targets/common/FatFS/ff.o
 .debug_frame   0x0000075c       0x58 ./iapbuild/./RepRapFirmware/src/targets/common/FatFS/ffunicode.o
 .debug_frame   0x000007b4       0xac ./iapbuild/./RepRapFirmware/src/targets/STM32/FatFS/sd_mmc_wrapper.o
 .debug_frame   0x00000860      0x104 ./iapbuild/./RepRapFirmware/src/targets/STM32/FatFS/SDCardSDIO.o
 .debug_frame   0x00000964      0x324 ./iapbuild/./IAP/src/main.o
 .debug_frame   0x00000c88      0x1c8 ./iapbuild/./IAP/src/new.o
 .debug_frame   0x00000e50       0x90 ./iapbuild/./IAP/src/FatFS/diskio.o
 .debug_frame   0x00000ee0       0x20 ./iapbuild/./IAP/src/FatFS/fattime_rtc.o
 .debug_frame   0x00000f00       0x44 ./iapbuild/\libSTMCore.a(system_stm32yyxx.o)
 .debug_frame   0x00000f44      0x18c ./iapbuild/\libSTMCore.a(stm32h7xx_hal_cortex.o)
 .debug_frame   0x000010d0      0x160 ./iapbuild/\libSTMCore.a(stm32h7xx_hal_flash.o)
 .debug_frame   0x00001230      0x130 ./iapbuild/\libSTMCore.a(stm32h7xx_hal_flash_ex.o)
 .debug_frame   0x00001360       0xbc ./iapbuild/\libSTMCore.a(Cache.o)
 .debug_frame   0x0000141c      0x1fc ./iapbuild/\libSTMCore.a(CoreIO.o)
 .debug_frame   0x00001618       0x64 ./iapbuild/\libSTMCore.a(Startup.o)
 .debug_frame   0x0000167c       0xac ./iapbuild/\libSTMCore.a(variant.o)
 .debug_frame   0x00001728      0x168 ./iapbuild/\libSTMCore.a(HardwareSDIO.o)
 .debug_frame   0x00001890       0x38 ./iapbuild/\libSTMCore.a(dwt.o)
 .debug_frame   0x000018c8      0x118 ./iapbuild/\libSTMCore.a(pinmap.o)
 .debug_frame   0x000019e0       0x2c ./iapbuild/\libSTMCore.a(PortNames.o)
 .debug_frame   0x00001a0c       0x28 ./iapbuild/\libSTMCore.a(stm32_def.o)
 .debug_frame   0x00001a34      0x3d8 ./iapbuild/\libSTMCore.a(stm32h7xx_hal.o)
 .debug_frame   0x00001e0c       0x3c ./iapbuild/\libSTMCore.a(stm32h7xx_hal_iwdg.o)
 .debug_frame   0x00001e48      0x340 ./iapbuild/\libSTMCore.a(stm32h7xx_hal_pwr_ex.o)
 .debug_frame   0x00002188      0x180 ./iapbuild/\libSTMCore.a(stm32h7xx_hal_rcc.o)
 .debug_frame   0x00002308      0x2a0 ./iapbuild/\libSTMCore.a(stm32h7xx_hal_rcc_ex.o)
 .debug_frame   0x000025a8      0x3cc ./iapbuild/\libSTMCore.a(stm32h7xx_hal_sd.o)
 .debug_frame   0x00002974      0x518 ./iapbuild/\libSTMCore.a(stm32h7xx_ll_sdmmc.o)
 .debug_frame   0x00002e8c       0x2c c:/program files (x86)/gnu arm embedded toolchain/10 2021.10/bin/../lib/gcc/arm-none-eabi/10.3.1/../../../../arm-none-eabi/lib/thumb/v7e-m+fp/hard\libc.a(lib_a-init.o)