Archive member included to satisfy reference by file (symbol)

./expbuild/\libRRFLibraries.a(SafeStrtod.o)
                              ./expbuild/./Duet3Expansion/src/Heating/Sensors/AdditionalOutputSensor.o (StrToU32(char const*, char const**))
./expbuild/\libRRFLibraries.a(SafeVsnprintf.o)
                              ./expbuild/./Duet3Expansion/src/RepRapFirmware.o (vuprintf(function_ref_noexcept<bool (char) noexcept>, char const*, std::__va_list))
./expbuild/\libRRFLibraries.a(StringFunctions.o)
                              ./expbuild/./Duet3Expansion/src/Hardware/IoPorts.o (StringEqualsIgnoreCase(char const*, char const*))
./expbuild/\libRRFLibraries.a(StringRef.o)
                              ./expbuild/./Duet3Expansion/src/Hardware/IoPorts.o (StringRef::strlen() const)
./expbuild/\libRRFLibraries.a(Strnlen.o)
                              ./expbuild/./Duet3Expansion/src/CAN/CanInterface.o (Strnlen(char const*, unsigned int))
./expbuild/\libRRFLibraries.a(Isqrt.o)
                              ./expbuild/./Duet3Expansion/src/Platform/Platform.o (isqrt64(unsigned long long))
./expbuild/\libRRFLibraries.a(RTOSIface.o)
                              ./expbuild/./Duet3Expansion/src/CAN/CanInterface.o (Mutex::Create(char const*))
./expbuild/\libRRFLibraries.a(NumericConverter.o)
                              ./expbuild/\libRRFLibraries.a(SafeStrtod.o) (NumericConverter::Accumulate(char, unsigned char, function_ref_noexcept<char () noexcept>))
./expbuild/\libCoreN2G.a(CoreIO.o)
                              ./expbuild/./Duet3Expansion/src/Hardware/LIS3DH.o (DelayCycles)
./expbuild/\libCoreN2G.a(SerialCDC_tusb.o)
                              ./expbuild/./Duet3Expansion/src/Platform/Platform.o (SerialCDC::read())
./expbuild/\libCoreN2G.a(TinyUsbInterface.o)
                              ./expbuild/./Duet3Expansion/src/Hardware/RP2040/Devices.o (CoreUsbInit(unsigned long))
./expbuild/\libCoreN2G.a(UniqueIdBase.o)
                              ./expbuild/./Duet3Expansion/src/Platform/Platform.o (UniqueIdBase::Clear())
./expbuild/\libCoreN2G.a(AnalogIn.o)
                              ./expbuild/./Duet3Expansion/src/Hardware/RP2040/Devices.o (TaskLoop)
./expbuild/\libCoreN2G.a(AnalogOut.o)
                              ./expbuild/./Duet3Expansion/src/Hardware/RP2040/Devices.o (AnalogOut::Init())
./expbuild/\libCoreN2G.a(DmacManager.o)
                              ./expbuild/\libCoreN2G.a(CoreIO.o) (DmacManager::Init())
./expbuild/\libCoreN2G.a(Interrupts.o)
                              ./expbuild/./Duet3Expansion/src/Hardware/IoPorts.o (attachInterrupt(unsigned char, void (*)(CallbackParameter) noexcept, InterruptMode, CallbackParameter))
./expbuild/\libCoreN2G.a(SpiCanRP2040.o)
                              ./expbuild/./Duet3Expansion/src/CAN/CanInterface.o (CanDevice::Init(unsigned int, unsigned int, CanDevice::Config const&, unsigned long*, CanTiming const&, void (*)(unsigned char, CanId, unsigned short) noexcept))
./expbuild/\libCoreN2G.a(TmcUartInterface.o)
                              ./expbuild/./Duet3Expansion/src/Movement/StepperDrivers/TMC22xx.o (TmcUartInterface::Init(unsigned char, unsigned long, unsigned char))
./expbuild/\libCoreN2G.a(CanFdSpiApi.o)
                              ./expbuild/\libCoreN2G.a(SpiCanRP2040.o) (DRV_CANFDSPI_Reset)
./expbuild/\libCANlib.a(CanMessageBuffer.o)
                              ./expbuild/./Duet3Expansion/src/CAN/CanInterface.o (CanMessageBuffer::Init(unsigned int))
./expbuild/\libCANlib.a(CanMessageGenericParser.o)
                              ./expbuild/./Duet3Expansion/src/Fans/FansManager.o (CanMessageGenericParser::GetStringParam(char, StringRef const&) const)
./expbuild/\libCANlib.a(CanSettings.o)
                              ./expbuild/./Duet3Expansion/src/CAN/CanInterface.o (CanUserAreaData::SetCanAddress(unsigned char))
./expbuild/\libCANlib.a(RRF3Common.o)
                              ./expbuild/./Duet3Expansion/src/CommandProcessing/CommandProcessor.o (StandardDriverStatus::AppendText(StringRef const&, unsigned int) const)
./expbuild/\libFreeRTOS.a(queue.o)
                              ./expbuild/\libRRFLibraries.a(RTOSIface.o) (xQueueGenericCreateStatic)
./expbuild/\libFreeRTOS.a(tasks.o)
                              ./expbuild/./Duet3Expansion/src/CAN/CanInterface.o (xTaskCreateStatic)
./expbuild/\libFreeRTOS.a(port.o)
                              ./expbuild/\libFreeRTOS.a(tasks.o) (pxPortInitialiseStack)
./expbuild/\libFreeRTOS.a(list.o)
                              ./expbuild/\libFreeRTOS.a(queue.o) (vListInitialise)
./CoreN2G/src/RP2040/Tools/Build-pico-sdk/build/\libpico.a(adc.c.obj)
                              ./expbuild/\libCoreN2G.a(AnalogIn.o) (adc_init)
./CoreN2G/src/RP2040/Tools/Build-pico-sdk/build/\libpico.a(gpio.c.obj)
                              ./expbuild/\libCoreN2G.a(CoreIO.o) (gpio_set_function)
./CoreN2G/src/RP2040/Tools/Build-pico-sdk/build/\libpico.a(irq.c.obj)
[...]
Memory Configuration

Name             Origin             Length             Attributes
FLASH            0x10000000         0x00200000         xr
RAM              0x20000000         0x00040000         xrw
SCRATCH_X        0x20040000         0x00001000         xrw
SCRATCH_Y        0x20041000         0x00001000         xrw
*default*        0x00000000         0xffffffff

Linker script and memory map

LOAD c:/program files (x86)/arm gnu toolchain arm-none-eabi/12.2 mpacbti-rel1/bin/../lib/gcc/arm-none-eabi/12.2.1/thumb/v6-m/nofp/crti.o
LOAD c:/program files (x86)/arm gnu toolchain arm-none-eabi/12.2 mpacbti-rel1/bin/../lib/gcc/arm-none-eabi/12.2.1/thumb/v6-m/nofp/crtbegin.o
LOAD c:/program files (x86)/arm gnu toolchain arm-none-eabi/12.2 mpacbti-rel1/bin/../lib/gcc/arm-none-eabi/12.2.1/thumb/v6-m/nofp/crt0.o
LOAD ./expbuild/./Duet3Expansion/src/CAN/CanInterface.o
LOAD ./expbuild/./Duet3Expansion/src/CAN/CanMessageQueue.o
LOAD ./expbuild/./Duet3Expansion/src/ClosedLoop/AttinyProgrammer.o
LOAD ./expbuild/./Duet3Expansion/src/ClosedLoop/ClosedLoop.o
LOAD ./expbuild/./Duet3Expansion/src/ClosedLoop/Tuning.o
LOAD ./expbuild/./Duet3Expansion/src/CommandProcessing/AccelerometerHandler.o
LOAD ./expbuild/./Duet3Expansion/src/CommandProcessing/CommandProcessor.o
LOAD ./expbuild/./Duet3Expansion/src/Fans/Fan.o
LOAD ./expbuild/./Duet3Expansion/src/Fans/FansManager.o
LOAD ./expbuild/./Duet3Expansion/src/Fans/LocalFan.o
LOAD ./expbuild/./Duet3Expansion/src/FilamentMonitors/Duet3DFilamentMonitor.o
LOAD ./expbuild/./Duet3Expansion/src/FilamentMonitors/FilamentMonitor.o
LOAD ./expbuild/./Duet3Expansion/src/FilamentMonitors/LaserFilamentMonitor.o
LOAD ./expbuild/./Duet3Expansion/src/FilamentMonitors/PulsedFilamentMonitor.o
LOAD ./expbuild/./Duet3Expansion/src/FilamentMonitors/RotatingMagnetFilamentMonitor.o
LOAD ./expbuild/./Duet3Expansion/src/FilamentMonitors/SimpleFilamentMonitor.o
LOAD ./expbuild/./Duet3Expansion/src/GPIO/GpioPorts.o
LOAD ./expbuild/./Duet3Expansion/src/Hardware/RP2040/Devices.o
LOAD ./expbuild/./Duet3Expansion/src/Hardware/RP2040/Main.o
LOAD ./expbuild/./Duet3Expansion/src/Hardware/RP2040/SharedSpiDevice.o
LOAD ./expbuild/./Duet3Expansion/src/Hardware/ExceptionHandlers.o
LOAD ./expbuild/./Duet3Expansion/src/Hardware/IoPorts.o
LOAD ./expbuild/./Duet3Expansion/src/Hardware/LIS3DH.o
LOAD ./expbuild/./Duet3Expansion/src/Hardware/NonVolatileMemory.o
LOAD ./expbuild/./Duet3Expansion/src/Hardware/SharedI2CClient.o
LOAD ./expbuild/./Duet3Expansion/src/Hardware/SharedSpiClient.o
LOAD ./expbuild/./Duet3Expansion/src/Hardware/SoftwareReset.o
LOAD ./expbuild/./Duet3Expansion/src/Heating/FOPDT.o
LOAD ./expbuild/./Duet3Expansion/src/Heating/Heat.o
LOAD ./expbuild/./Duet3Expansion/src/Heating/Heater.o
LOAD ./expbuild/./Duet3Expansion/src/Heating/HeaterMonitor.o
LOAD ./expbuild/./Duet3Expansion/src/Heating/LocalHeater.o
LOAD ./expbuild/./Duet3Expansion/src/Heating/Sensors/AdditionalOutputSensor.o
LOAD ./expbuild/./Duet3Expansion/src/Heating/Sensors/BME280.o
LOAD ./expbuild/./Duet3Expansion/src/Heating/Sensors/CpuTemperatureSensor.o
LOAD ./expbuild/./Duet3Expansion/src/Heating/Sensors/CurrentLoopTemperatureSensor.o
LOAD ./expbuild/./Duet3Expansion/src/Heating/Sensors/DhtSensor.o
LOAD ./expbuild/./Duet3Expansion/src/Heating/Sensors/LinearAnalogSensor.o
LOAD ./expbuild/./Duet3Expansion/src/Heating/Sensors/RemoteSensor.o
LOAD ./expbuild/./Duet3Expansion/src/Heating/Sensors/RtdSensor31865.o
LOAD ./expbuild/./Duet3Expansion/src/Heating/Sensors/SensorWithPort.o
LOAD ./expbuild/./Duet3Expansion/src/Heating/Sensors/SpiTemperatureSensor.o
LOAD ./expbuild/./Duet3Expansion/src/Heating/Sensors/TemperatureSensor.o
LOAD ./expbuild/./Duet3Expansion/src/Heating/Sensors/Thermistor.o
LOAD ./expbuild/./Duet3Expansion/src/Heating/Sensors/ThermocoupleSensor31855.o
LOAD ./expbuild/./Duet3Expansion/src/Heating/Sensors/ThermocoupleSensor31856.o
LOAD ./expbuild/./Duet3Expansion/src/Heating/Sensors/TmcDriverTemperatureSensor.o
LOAD ./expbuild/./Duet3Expansion/src/InputMonitors/InputMonitor.o
LOAD ./expbuild/./Duet3Expansion/src/Movement/AxisShaper.o
LOAD ./expbuild/./Duet3Expansion/src/Movement/DDA.o
LOAD ./expbuild/./Duet3Expansion/src/Movement/DriveMovement.o
LOAD ./expbuild/./Duet3Expansion/src/Movement/ExtruderShaper.o
LOAD ./expbuild/./Duet3Expansion/src/Movement/Move.o
LOAD ./expbuild/./Duet3Expansion/src/Movement/MoveSegment.o
LOAD ./expbuild/./Duet3Expansion/src/Movement/StepTimer.o
LOAD ./expbuild/./Duet3Expansion/src/Movement/StepperDrivers/DriverMode.o
LOAD ./expbuild/./Duet3Expansion/src/Movement/StepperDrivers/TMC22xx.o
LOAD ./expbuild/./Duet3Expansion/src/Movement/StepperDrivers/TMC51xx.o
LOAD ./expbuild/./Duet3Expansion/src/Movement/Kinematics/CartesianKinematics.o
LOAD ./expbuild/./Duet3Expansion/src/Movement/Kinematics/Kinematics.o
LOAD ./expbuild/./Duet3Expansion/src/Movement/Kinematics/LinearDeltaKinematics.o
LOAD ./expbuild/./Duet3Expansion/src/Movement/Kinematics/ZLeadscrewKinematics.o
LOAD ./expbuild/./Duet3Expansion/src/Platform/Platform.o
LOAD ./expbuild/./Duet3Expansion/src/Platform/Tasks.o
LOAD ./expbuild/./Duet3Expansion/src/RepRapFirmware.o
LOAD ./Duet3Expansion/src/Hardware/RP2040/boot2_w25q080_2_padded_checksum.o
LOAD ./expbuild/\libRRFLibraries.a
LOAD ./expbuild/\libCoreN2G.a
LOAD ./expbuild/\libCANlib.a
LOAD ./expbuild/\libFreeRTOS.a
LOAD ./CoreN2G/src/RP2040/Tools/Build-pico-sdk/build/\libpico.a
LOAD ./expbuild/\libRRFLibraries.a
LOAD ./expbuild/\libCoreN2G.a
LOAD ./expbuild/\libCANlib.a
LOAD ./expbuild/\libFreeRTOS.a
LOAD ./CoreN2G/src/RP2040/Tools/Build-pico-sdk/build/\libpico.a
LOAD c:/program files (x86)/arm gnu toolchain arm-none-eabi/12.2 mpacbti-rel1/bin/../lib/gcc/arm-none-eabi/12.2.1/thumb/v6-m/nofp\libstdc++_nano.a
LOAD c:/program files (x86)/arm gnu toolchain arm-none-eabi/12.2 mpacbti-rel1/bin/../lib/gcc/arm-none-eabi/12.2.1/thumb/v6-m/nofp\libm.a
START GROUP
LOAD c:/program files (x86)/arm gnu toolchain arm-none-eabi/12.2 mpacbti-rel1/bin/../lib/gcc/arm-none-eabi/12.2.1/thumb/v6-m/nofp\libgcc.a
LOAD c:/program files (x86)/arm gnu toolchain arm-none-eabi/12.2 mpacbti-rel1/bin/../lib/gcc/arm-none-eabi/12.2.1/thumb/v6-m/nofp\libc_nano.a
END GROUP
START GROUP
LOAD c:/program files (x86)/arm gnu toolchain arm-none-eabi/12.2 mpacbti-rel1/bin/../lib/gcc/arm-none-eabi/12.2.1/thumb/v6-m/nofp\libgcc.a
LOAD c:/program files (x86)/arm gnu toolchain arm-none-eabi/12.2 mpacbti-rel1/bin/../lib/gcc/arm-none-eabi/12.2.1/thumb/v6-m/nofp\libc_nano.a
END GROUP
LOAD c:/program files (x86)/arm gnu toolchain arm-none-eabi/12.2 mpacbti-rel1/bin/../lib/gcc/arm-none-eabi/12.2.1/thumb/v6-m/nofp/crtend.o
LOAD c:/program files (x86)/arm gnu toolchain arm-none-eabi/12.2 mpacbti-rel1/bin/../lib/gcc/arm-none-eabi/12.2.1/thumb/v6-m/nofp/crtn.o

.flash_begin    0x10000000        0x0
                0x10000000                        __flash_binary_start = .

.boot2          0x10000000      0x100
                0x10000000                        __boot2_start__ = .
 *(.boot2)
 .boot2         0x10000000      0x100 ./Duet3Expansion/src/Hardware/RP2040/boot2_w25q080_2_padded_checksum.o
                0x10000100                        __boot2_end__ = .
                0x00000001                        ASSERT (((__boot2_end__ - __boot2_start__) == 0x100), ERROR: Pico second stage bootloader must be 256 bytes in size)

.text           0x10000100    0x1dcb0
                0x10000100                        __logical_binary_start = .
 *(.vectors)
 .vectors       0x10000100       0xd4 ./CoreN2G/src/RP2040/Tools/Build-pico-sdk/build/\libpico.a(crt0.S.obj)
                0x10000100                __vectors
                0x10000100                __VECTOR_TABLE
                0x100001c0                __default_isrs_start
                0x100001c0                isr_invalid
                0x100001cc                isr_irq31
                0x100001cc                isr_irq5
                0x100001cc                isr_irq11
                0x100001cc                isr_irq23
                0x100001cc                isr_irq18
                0x100001cc                isr_irq28
                0x100001cc                isr_irq19
                0x100001cc                isr_irq0
                0x100001cc                isr_irq6
                0x100001cc                isr_irq27
                0x100001cc                isr_irq12
                0x100001cc                isr_irq13
                0x100001cc                __unhandled_user_irq
                0x100001cc                isr_irq17
                0x100001cc                isr_irq14
                0x100001cc                isr_irq30
                0x100001cc                isr_irq2
                0x100001cc                isr_irq10
                0x100001cc                isr_irq8
                0x100001cc                isr_irq24
                0x100001cc                isr_irq1
                0x100001cc                isr_irq7
                0x100001cc                isr_irq21
                0x100001cc                isr_irq20
                0x100001cc                isr_irq15
                0x100001cc                isr_irq25
                0x100001cc                isr_irq22
                0x100001cc                isr_irq4
                0x100001cc                isr_irq16
                0x100001cc                isr_irq29
                0x100001cc                isr_irq26
                0x100001cc                __default_isrs_end
                0x100001cc                isr_irq3
                0x100001cc                isr_irq9
                0x100001d2                unhandled_user_irq_num_in_r0
 *(.binary_info_header)
 .binary_info_header
                0x100001d4       0x14 ./CoreN2G/src/RP2040/Tools/Build-pico-sdk/build/\libpico.a(crt0.S.obj)
                0x100001e8                        __binary_info_header_end = .
 *(.reset)
 .reset         0x100001e8       0xa8 ./CoreN2G/src/RP2040/Tools/Build-pico-sdk/build/\libpico.a(crt0.S.obj)
                0x100001e8                _entry_point
                0x10000266                __get_current_exception
 *(.init)
 .init          0x10000290        0x4 c:/program files (x86)/arm gnu toolchain arm-none-eabi/12.2 mpacbti-rel1/bin/../lib/gcc/arm-none-eabi/12.2.1/thumb/v6-m/nofp/crti.o
                0x10000290                _init
                0x10000298                        . = ALIGN (0x8)
 *fill*         0x10000294        0x4 
 *(EXCLUDE_FILE(*libm.a: *libc.a:*lib_a-mem*.o *libgcc.a:) .text*)
 .text.register_tm_clones
                0x10000298       0x28 c:/program files (x86)/arm gnu toolchain arm-none-eabi/12.2 mpacbti-rel1/bin/../lib/gcc/arm-none-eabi/12.2.1/thumb/v6-m/nofp/crtbegin.o
 .text.frame_dummy
                0x100002c0       0x24 c:/program files (x86)/arm gnu toolchain arm-none-eabi/12.2 mpacbti-rel1/bin/../lib/gcc/arm-none-eabi/12.2.1/thumb/v6-m/nofp/crtbegin.o
 .text._ZN4TaskILj100EED2Ev
                0x100002e4        0xc ./expbuild/./Duet3Expansion/src/CAN/CanInterface.o
                0x100002e4                Task<100u>::~Task()
                0x100002e4                Task<100u>::~Task()
 .text._ZN4TaskILj400EED2Ev
                0x100002f0        0xc ./expbuild/./Duet3Expansion/src/CAN/CanInterface.o
                0x100002f0                Task<400u>::~Task()
                0x100002f0                Task<400u>::~Task()
 .text.CanClockLoop
                0x100002fc       0x58 ./expbuild/./Duet3Expansion/src/CAN/CanInterface.o
                0x100002fc                CanClockLoop
 .text.CanAsyncSenderLoop
                0x10000354       0xdc ./expbuild/./Duet3Expansion/src/CAN/CanInterface.o
                0x10000354                CanAsyncSenderLoop
 .text._ZN12CanInterface4InitEhbb
                0x10000430      0x174 ./expbuild/./Duet3Expansion/src/CAN/CanInterface.o
                0x10000430                CanInterface::Init(unsigned char, bool, bool)
 .text._ZN12CanInterface8ShutdownEv
                0x100005a4       0x34 ./expbuild/./Duet3Expansion/src/CAN/CanInterface.o
                0x100005a4                CanInterface::Shutdown()
 .text._ZN12CanInterface13GetCanAddressEv
                0x100005d8        0xc ./expbuild/./Duet3Expansion/src/CAN/CanInterface.o
                0x100005d8                CanInterface::GetCanAddress()
 .text._ZN12CanInterface23GetCurrentMasterAddressEv
                0x100005e4        0xc ./expbuild/./Duet3Expansion/src/CAN/CanInterface.o
                0x100005e4                CanInterface::GetCurrentMasterAddress()
 .text._ZN12CanInterface4SendEP16CanMessageBuffer
                0x100005f0       0x50 ./expbuild/./Duet3Expansion/src/CAN/CanInterface.o
                0x100005f0                CanInterface::Send(CanMessageBuffer*)
 .text._ZN12CanInterface11SendAndFreeEP16CanMessageBuffer
                0x10000640       0x58 ./expbuild/./Duet3Expansion/src/CAN/CanInterface.o
                0x10000640                CanInterface::SendAndFree(CanMessageBuffer*)
 .text._ZN12CanInterface10GetCanMoveEm
                0x10000698       0x14 ./expbuild/./Duet3Expansion/src/CAN/CanInterface.o
                0x10000698                CanInterface::GetCanMove(unsigned long)
 .text._ZN12CanInterface13GetCanCommandEm
                0x100006ac       0x14 ./expbuild/./Duet3Expansion/src/CAN/CanInterface.o
                0x100006ac                CanInterface::GetCanCommand(unsigned long)
 .text._ZN12CanInterface22ProcessReceivedMessageEP16CanMessageBuffer
                0x100006c0      0x34c ./expbuild/./Duet3Expansion/src/CAN/CanInterface.o
                0x100006c0                CanInterface::ProcessReceivedMessage(CanMessageBuffer*)
 .text.CanReceiverLoop
                0x10000a0c       0x58 ./expbuild/./Duet3Expansion/src/CAN/CanInterface.o
                0x10000a0c                CanReceiverLoop
 .text._ZN12CanInterface11DiagnosticsERK9StringRef
                0x10000a64      0x154 ./expbuild/./Duet3Expansion/src/CAN/CanInterface.o
                0x10000a64                CanInterface::Diagnostics(StringRef const&)
 .text._ZN12CanInterface12SendAnnounceEP16CanMessageBuffer
                0x10000bb8       0xf4 ./expbuild/./Duet3Expansion/src/CAN/CanInterface.o
                0x10000bb8                CanInterface::SendAnnounce(CanMessageBuffer*)
 .text._ZN12CanInterface22WakeAsyncSenderFromIsrEv
                0x10000cac       0x10 ./expbuild/./Duet3Expansion/src/CAN/CanInterface.o
                0x10000cac                CanInterface::WakeAsyncSenderFromIsr()
 .text._ZN12CanInterface24ChangeAddressAndDataRateERK35CanMessageSetAddressAndNormalTimingRK9StringRef
                0x10000cbc      0x118 ./expbuild/./Duet3Expansion/src/CAN/CanInterface.o
                0x10000cbc                CanInterface::ChangeAddressAndDataRate(CanMessageSetAddressAndNormalTiming const&, StringRef const&)
 .text._ZN12CanInterface13GetCanMessageEP16CanMessageBuffer
                0x10000dd4       0x18 ./expbuild/./Duet3Expansion/src/CAN/CanInterface.o
                0x10000dd4                CanInterface::GetCanMessage(CanMessageBuffer*)
 .text._ZN12CanInterface19GetTimeStampCounterEv
                0x10000dec       0x10 ./expbuild/./Duet3Expansion/src/CAN/CanInterface.o
                0x10000dec                CanInterface::GetTimeStampCounter()
 .text._ZN12CanInterface18GetTimeStampPeriodEv
                0x10000dfc        0xc ./expbuild/./Duet3Expansion/src/CAN/CanInterface.o
                0x10000dfc                CanInterface::GetTimeStampPeriod()
 .text._ZN12CanInterface10RaiseEventE9EventTypethPKcSt9__va_list
                0x10000e08       0xb0 ./expbuild/./Duet3Expansion/src/CAN/CanInterface.o
                0x10000e08                CanInterface::RaiseEvent(EventType, unsigned short, unsigned char, char const*, std::__va_list)
 .text.startup._GLOBAL__sub_I_expectedSeq
                0x10000eb8       0x6c ./expbuild/./Duet3Expansion/src/CAN/CanInterface.o
 .text._ZN15CanMessageQueueC2Ev
                0x10000f24        0x8 ./expbuild/./Duet3Expansion/src/CAN/CanMessageQueue.o
                0x10000f24                CanMessageQueue::CanMessageQueue()
                0x10000f24                CanMessageQueue::CanMessageQueue()
 .text._ZN15CanMessageQueue10AddMessageEP16CanMessageBuffer
                0x10000f2c       0x34 ./expbuild/./Duet3Expansion/src/CAN/CanMessageQueue.o
                0x10000f2c                CanMessageQueue::AddMessage(CanMessageBuffer*)
 .text._ZN15CanMessageQueue10GetMessageEm
                0x10000f60       0x4c ./expbuild/./Duet3Expansion/src/CAN/CanMessageQueue.o
                0x10000f60                CanMessageQueue::GetMessage(unsigned long)
 .text._Z21AccelerometerTaskCodePv
                0x10000fac      0x464 ./expbuild/./Duet3Expansion/src/CommandProcessing/AccelerometerHandler.o
                0x10000fac                AccelerometerTaskCode(void*)
 .text._ZL20TranslateOrientationh.part.0
                0x10001410       0x9c ./expbuild/./Duet3Expansion/src/CommandProcessing/AccelerometerHandler.o
 .text._ZN20AccelerometerHandler4InitEv
                0x100014ac       0xac ./expbuild/./Duet3Expansion/src/CommandProcessing/AccelerometerHandler.o
                0x100014ac                AccelerometerHandler::Init()
 .text._ZN20AccelerometerHandler9IsPresentEv
                0x10001558        0xc ./expbuild/./Duet3Expansion/src/CommandProcessing/AccelerometerHandler.o
                0x10001558                AccelerometerHandler::IsPresent()
 .text._ZN20AccelerometerHandler20ProcessConfigRequestERK17CanMessageGenericRK9StringRef
                0x10001564      0x158 ./expbuild/./Duet3Expansion/src/CommandProcessing/AccelerometerHandler.o
                0x10001564                AccelerometerHandler::ProcessConfigRequest(CanMessageGeneric const&, StringRef const&)
 .text._ZN20AccelerometerHandler19ProcessStartRequestERK28CanMessageStartAccelerometerRK9StringRef
                0x100016bc      0x114 ./expbuild/./Duet3Expansion/src/CommandProcessing/AccelerometerHandler.o
                0x100016bc                AccelerometerHandler::ProcessStartRequest(CanMessageStartAccelerometer const&, StringRef const&)
 .text._ZN20AccelerometerHandler11DiagnosticsERK9StringRef
                0x100017d0       0x74 ./expbuild/./Duet3Expansion/src/CommandProcessing/AccelerometerHandler.o
                0x100017d0                AccelerometerHandler::Diagnostics(StringRef const&)
 .text._ZN6StringILj500EE6printfEPKcz
                0x10001844       0x24 ./expbuild/./Duet3Expansion/src/CommandProcessing/CommandProcessor.o
                0x10001844                String<500u>::printf(char const*, ...)
 .text._ZN16CommandProcessor4SpinEv
                0x10001868     0x1338 ./expbuild/./Duet3Expansion/src/CommandProcessing/CommandProcessor.o
                0x10001868                CommandProcessor::Spin()
 .text._ZN3FanC2Ej
                0x10002ba0       0x38 ./expbuild/./Duet3Expansion/src/Fans/Fan.o
                0x10002ba0                Fan::Fan(unsigned int)
                0x10002ba0                Fan::Fan(unsigned int)
 .text._ZN3Fan9ConfigureERK23CanMessageFanParametersRK9StringRef
                0x10002bd8       0xb8 ./expbuild/./Duet3Expansion/src/Fans/Fan.o
                0x10002bd8                Fan::Configure(CanMessageFanParameters const&, StringRef const&)
 .text._ZN3Fan6SetPwmEf
                0x10002c90       0x10 ./expbuild/./Duet3Expansion/src/Fans/Fan.o
                0x10002c90                Fan::SetPwm(float)
 .text._ZN8LocalFan15SetPwmFrequencyEt
                0x10002ca0        0x4 ./expbuild/./Duet3Expansion/src/Fans/FansManager.o
                0x10002ca0                LocalFan::SetPwmFrequency(unsigned short)
 .text._ZN11FansManager9CheckFansEb
                0x10002ca4       0x4c ./expbuild/./Duet3Expansion/src/Fans/FansManager.o
                0x10002ca4                FansManager::CheckFans(bool)
 .text._ZN11FansManager16ConfigureFanPortERK17CanMessageGenericRK9StringRef
                0x10002cf0      0x19c ./expbuild/./Duet3Expansion/src/Fans/FansManager.o
                0x10002cf0                FansManager::ConfigureFanPort(CanMessageGeneric const&, StringRef const&)
 .text._ZN11FansManager12ConfigureFanERK23CanMessageFanParametersRK9StringRef
                0x10002e8c       0x68 ./expbuild/./Duet3Expansion/src/Fans/FansManager.o
                0x10002e8c                FansManager::ConfigureFan(CanMessageFanParameters const&, StringRef const&)
 .text._ZN11FansManager11SetFanSpeedERK21CanMessageSetFanSpeedRK9StringRef
                0x10002ef4       0x78 ./expbuild/./Duet3Expansion/src/Fans/FansManager.o
                0x10002ef4                FansManager::SetFanSpeed(CanMessageSetFanSpeed const&, StringRef const&)
 .text._ZN11FansManager18PopulateFansReportER20CanMessageFansReport
                0x10002f6c      0x110 ./expbuild/./Duet3Expansion/src/Fans/FansManager.o
                0x10002f6c                FansManager::PopulateFansReport(CanMessageFansReport&)
 .text.startup._GLOBAL__sub_I__ZN11FansManager9CheckFansEb
                0x1000307c       0x10 ./expbuild/./Duet3Expansion/src/Fans/FansManager.o
 .text._ZNK8LocalFan9IsEnabledEv
                0x1000308c       0x10 ./expbuild/./Duet3Expansion/src/Fans/LocalFan.o
                0x1000308c                LocalFan::IsEnabled() const
 .text._ZN8LocalFan22UpdateFanConfigurationERK9StringRef
                0x1000309c       0x10 ./expbuild/./Duet3Expansion/src/Fans/LocalFan.o
                0x1000309c                LocalFan::UpdateFanConfiguration(StringRef const&)
 .text._ZN8LocalFan5CheckEb
                0x100030ac       0x24 ./expbuild/./Duet3Expansion/src/Fans/LocalFan.o
                0x100030ac                LocalFan::Check(bool)
 .text._ZN8LocalFanD2Ev
                0x100030d0       0x38 ./expbuild/./Duet3Expansion/src/Fans/LocalFan.o
                0x100030d0                LocalFan::~LocalFan()
                0x100030d0                LocalFan::~LocalFan()
 .text._ZNK8LocalFan17ReportPortDetailsERK9StringRef
                0x10003108       0x40 ./expbuild/./Duet3Expansion/src/Fans/LocalFan.o
                0x10003108                LocalFan::ReportPortDetails(StringRef const&) const
 .text._ZN8LocalFan6GetRPMEv
                0x10003148       0x40 ./expbuild/./Duet3Expansion/src/Fans/LocalFan.o
                0x10003148                LocalFan::GetRPM()
 .text._Z12FanInterrupt17CallbackParameter
                0x10003188       0x20 ./expbuild/./Duet3Expansion/src/Fans/LocalFan.o
                0x10003188                FanInterrupt(CallbackParameter)
 .text._ZN8LocalFan7RefreshEb
                0x100031a8      0x26c ./expbuild/./Duet3Expansion/src/Fans/LocalFan.o
                0x100031a8                LocalFan::Refresh(bool)
 .text._ZN8LocalFanD0Ev
                0x10003414       0x40 ./expbuild/./Duet3Expansion/src/Fans/LocalFan.o
                0x10003414                LocalFan::~LocalFan()
 .text._ZN8LocalFanC2Ej
                0x10003454       0x30 ./expbuild/./Duet3Expansion/src/Fans/LocalFan.o
                0x10003454                LocalFan::LocalFan(unsigned int)
                0x10003454                LocalFan::LocalFan(unsigned int)
 .text._ZN8LocalFan11AssignPortsEPKcRK9StringRef
                0x10003484       0x84 ./expbuild/./Duet3Expansion/src/Fans/LocalFan.o
                0x10003484                LocalFan::AssignPorts(char const*, StringRef const&)
 .text._ZN21Duet3DFilamentMonitor9InterruptEv
                0x10003508       0x80 ./expbuild/./Duet3Expansion/src/FilamentMonitors/Duet3DFilamentMonitor.o
                0x10003508                Duet3DFilamentMonitor::Interrupt()
 .text._ZN21Duet3DFilamentMonitorC2Ejj
                0x10003588       0x38 ./expbuild/./Duet3Expansion/src/FilamentMonitors/Duet3DFilamentMonitor.o
                0x10003588                Duet3DFilamentMonitor::Duet3DFilamentMonitor(unsigned int, unsigned int)
                0x10003588                Duet3DFilamentMonitor::Duet3DFilamentMonitor(unsigned int, unsigned int)
 .text._ZN21Duet3DFilamentMonitor17InitReceiveBufferEv
                0x100035c0       0x20 ./expbuild/./Duet3Expansion/src/FilamentMonitors/Duet3DFilamentMonitor.o
                0x100035c0                Duet3DFilamentMonitor::InitReceiveBuffer()
 .text._ZN21Duet3DFilamentMonitor17PollReceiveBufferERt
                0x100035e0      0x368 ./expbuild/./Duet3Expansion/src/FilamentMonitors/Duet3DFilamentMonitor.o
                0x100035e0                Duet3DFilamentMonitor::PollReceiveBuffer(unsigned short&)
 .text._ZNK21Duet3DFilamentMonitor11IsReceivingEv
                0x10003948       0x18 ./expbuild/./Duet3Expansion/src/FilamentMonitors/Duet3DFilamentMonitor.o
                0x10003948                Duet3DFilamentMonitor::IsReceiving() const
 .text._ZNK21Duet3DFilamentMonitor20IsWaitingForStartBitEv
                0x10003960       0x10 ./expbuild/./Duet3Expansion/src/FilamentMonitors/Duet3DFilamentMonitor.o
                0x10003960                Duet3DFilamentMonitor::IsWaitingForStartBit() const
 .text._ZN15FilamentMonitor7DisableEv
                0x10003970        0xc ./expbuild/./Duet3Expansion/src/FilamentMonitors/FilamentMonitor.o
                0x10003970                FilamentMonitor::Disable()
 .text._ZN15FilamentMonitor14InterruptEntryE17CallbackParameter
                0x1000397c       0x5c ./expbuild/./Duet3Expansion/src/FilamentMonitors/FilamentMonitor.o
                0x1000397c                FilamentMonitor::InterruptEntry(CallbackParameter)
 .text._ZN15FilamentMonitorC2Ehj
                0x100039d8       0x20 ./expbuild/./Duet3Expansion/src/FilamentMonitors/FilamentMonitor.o
                0x100039d8                FilamentMonitor::FilamentMonitor(unsigned char, unsigned int)
                0x100039d8                FilamentMonitor::FilamentMonitor(unsigned char, unsigned int)
 .text._ZN15FilamentMonitorD2Ev
                0x100039f8       0x18 ./expbuild/./Duet3Expansion/src/FilamentMonitors/FilamentMonitor.o
                0x100039f8                FilamentMonitor::~FilamentMonitor()
                0x100039f8                FilamentMonitor::~FilamentMonitor()
 .text._ZN15FilamentMonitor15CommonConfigureERK23CanMessageGenericParserRK9StringRef13InterruptModeRb
                0x10003a10       0x7c ./expbuild/./Duet3Expansion/src/FilamentMonitors/FilamentMonitor.o
                0x10003a10                FilamentMonitor::CommonConfigure(CanMessageGenericParser const&, StringRef const&, InterruptMode, bool&)
 .text._ZN15FilamentMonitor6CreateERK31CanMessageCreateFilamentMonitorRK9StringRef
                0x10003a8c       0xd0 ./expbuild/./Duet3Expansion/src/FilamentMonitors/FilamentMonitor.o
                0x10003a8c                FilamentMonitor::Create(CanMessageCreateFilamentMonitor const&, StringRef const&)
 .text._ZN15FilamentMonitor6DeleteERK31CanMessageDeleteFilamentMonitorRK9StringRef
                0x10003b5c       0x60 ./expbuild/./Duet3Expansion/src/FilamentMonitors/FilamentMonitor.o
                0x10003b5c                FilamentMonitor::Delete(CanMessageDeleteFilamentMonitor const&, StringRef const&)
 .text._ZN15FilamentMonitor9ConfigureERK17CanMessageGenericRK9StringRef
                0x10003bbc       0x88 ./expbuild/./Duet3Expansion/src/FilamentMonitors/FilamentMonitor.o
                0x10003bbc                FilamentMonitor::Configure(CanMessageGeneric const&, StringRef const&)
 .text._ZN15FilamentMonitor4SpinEv
                0x10003c44      0x19c ./expbuild/./Duet3Expansion/src/FilamentMonitors/FilamentMonitor.o
                0x10003c44                FilamentMonitor::Spin()
 .text._ZN15FilamentMonitor14GetDiagnosticsERK9StringRef
                0x10003de0       0xe0 ./expbuild/./Duet3Expansion/src/FilamentMonitors/FilamentMonitor.o
                0x10003de0                FilamentMonitor::GetDiagnostics(StringRef const&)
 .text.startup._GLOBAL__sub_I__ZN15FilamentMonitor20filamentMonitorsLockE
                0x10003ec0       0x10 ./expbuild/./Duet3Expansion/src/FilamentMonitors/FilamentMonitor.o
 .text._ZN20LaserFilamentMonitor11DiagnosticsERK9StringRef
                0x10003ed0       0xc4 ./expbuild/./Duet3Expansion/src/FilamentMonitors/LaserFilamentMonitor.o
                0x10003ed0                LaserFilamentMonitor::Diagnostics(StringRef const&)
 .text._ZN20LaserFilamentMonitorD2Ev
                0x10003f94       0x14 ./expbuild/./Duet3Expansion/src/FilamentMonitors/LaserFilamentMonitor.o
                0x10003f94                LaserFilamentMonitor::~LaserFilamentMonitor()
                0x10003f94                LaserFilamentMonitor::~LaserFilamentMonitor()
 .text._ZN20LaserFilamentMonitorD0Ev
                0x10003fa8       0x20 ./expbuild/./Duet3Expansion/src/FilamentMonitors/LaserFilamentMonitor.o
                0x10003fa8                LaserFilamentMonitor::~LaserFilamentMonitor()
 .text._ZN20LaserFilamentMonitor9ConfigureERK23CanMessageGenericParserRK9StringRef
                0x10003fc8      0x390 ./expbuild/./Duet3Expansion/src/FilamentMonitors/LaserFilamentMonitor.o
                0x10003fc8                LaserFilamentMonitor::Configure(CanMessageGenericParser const&, StringRef const&)
 .text._ZN20LaserFilamentMonitorC2Ejj
                0x10004358       0xa8 ./expbuild/./Duet3Expansion/src/FilamentMonitors/LaserFilamentMonitor.o
                0x10004358                LaserFilamentMonitor::LaserFilamentMonitor(unsigned int, unsigned int)
                0x10004358                LaserFilamentMonitor::LaserFilamentMonitor(unsigned int, unsigned int)
 .text._ZN20LaserFilamentMonitor18HandleIncomingDataEv
                0x10004400      0x274 ./expbuild/./Duet3Expansion/src/FilamentMonitors/LaserFilamentMonitor.o
                0x10004400                LaserFilamentMonitor::HandleIncomingData()
 .text._ZN20LaserFilamentMonitor5ClearEv
                0x10004674       0x7c ./expbuild/./Duet3Expansion/src/FilamentMonitors/LaserFilamentMonitor.o
                0x10004674                LaserFilamentMonitor::Clear()
 .text._ZN20LaserFilamentMonitor13CheckFilamentEffb
                0x100046f0      0x198 ./expbuild/./Duet3Expansion/src/FilamentMonitors/LaserFilamentMonitor.o
                0x100046f0                LaserFilamentMonitor::CheckFilament(float, float, bool)
 .text._ZN20LaserFilamentMonitor5CheckEbbmf
                0x10004888      0x168 ./expbuild/./Duet3Expansion/src/FilamentMonitors/LaserFilamentMonitor.o
                0x10004888                LaserFilamentMonitor::Check(bool, bool, unsigned long, float)
 .text._ZN21PulsedFilamentMonitor9ConfigureERK23CanMessageGenericParserRK9StringRef
                0x100049f0      0x220 ./expbuild/./Duet3Expansion/src/FilamentMonitors/PulsedFilamentMonitor.o
                0x100049f0                PulsedFilamentMonitor::Configure(CanMessageGenericParser const&, StringRef const&)
 .text._ZN21PulsedFilamentMonitor9InterruptEv
                0x10004c10       0x30 ./expbuild/./Duet3Expansion/src/FilamentMonitors/PulsedFilamentMonitor.o
                0x10004c10                PulsedFilamentMonitor::Interrupt()
 .text._ZN21PulsedFilamentMonitorD2Ev
                0x10004c40       0x14 ./expbuild/./Duet3Expansion/src/FilamentMonitors/PulsedFilamentMonitor.o
                0x10004c40                PulsedFilamentMonitor::~PulsedFilamentMonitor()
                0x10004c40                PulsedFilamentMonitor::~PulsedFilamentMonitor()
 .text._ZN21PulsedFilamentMonitorD0Ev
                0x10004c54       0x1c ./expbuild/./Duet3Expansion/src/FilamentMonitors/PulsedFilamentMonitor.o
                0x10004c54                PulsedFilamentMonitor::~PulsedFilamentMonitor()
 .text._ZN21PulsedFilamentMonitor5ClearEv
                0x10004c70       0x44 ./expbuild/./Duet3Expansion/src/FilamentMonitors/PulsedFilamentMonitor.o
                0x10004c70                PulsedFilamentMonitor::Clear()
 .text._ZN21PulsedFilamentMonitor11DiagnosticsERK9StringRef
                0x10004cb4       0x98 ./expbuild/./Duet3Expansion/src/FilamentMonitors/PulsedFilamentMonitor.o
                0x10004cb4                PulsedFilamentMonitor::Diagnostics(StringRef const&)
 .text._ZN21PulsedFilamentMonitorC2Ejj
                0x10004d4c       0x58 ./expbuild/./Duet3Expansion/src/FilamentMonitors/PulsedFilamentMonitor.o
                0x10004d4c                PulsedFilamentMonitor::PulsedFilamentMonitor(unsigned int, unsigned int)
                0x10004d4c                PulsedFilamentMonitor::PulsedFilamentMonitor(unsigned int, unsigned int)
 .text._ZN21PulsedFilamentMonitor13CheckFilamentEffb
                0x10004da4       0xf0 ./expbuild/./Duet3Expansion/src/FilamentMonitors/PulsedFilamentMonitor.o
                0x10004da4                PulsedFilamentMonitor::CheckFilament(float, float, bool)
 .text._ZN21PulsedFilamentMonitor5CheckEbbmf
                0x10004e94      0x140 ./expbuild/./Duet3Expansion/src/FilamentMonitors/PulsedFilamentMonitor.o
                0x10004e94                PulsedFilamentMonitor::Check(bool, bool, unsigned long, float)
 .text._ZN29RotatingMagnetFilamentMonitor11DiagnosticsERK9StringRef
                0x10004fd4       0x84 ./expbuild/./Duet3Expansion/src/FilamentMonitors/RotatingMagnetFilamentMonitor.o
                0x10004fd4                RotatingMagnetFilamentMonitor::Diagnostics(StringRef const&)
 .text._ZN29RotatingMagnetFilamentMonitorD2Ev
                0x10005058       0x14 ./expbuild/./Duet3Expansion/src/FilamentMonitors/RotatingMagnetFilamentMonitor.o
                0x10005058                RotatingMagnetFilamentMonitor::~RotatingMagnetFilamentMonitor()
                0x10005058                RotatingMagnetFilamentMonitor::~RotatingMagnetFilamentMonitor()
 .text._ZN29RotatingMagnetFilamentMonitorD0Ev
                0x1000506c       0x20 ./expbuild/./Duet3Expansion/src/FilamentMonitors/RotatingMagnetFilamentMonitor.o
                0x1000506c                RotatingMagnetFilamentMonitor::~RotatingMagnetFilamentMonitor()
 .text._ZN29RotatingMagnetFilamentMonitor9ConfigureERK23CanMessageGenericParserRK9StringRef
                0x1000508c      0x3b4 ./expbuild/./Duet3Expansion/src/FilamentMonitors/RotatingMagnetFilamentMonitor.o
                0x1000508c                RotatingMagnetFilamentMonitor::Configure(CanMessageGenericParser const&, StringRef const&)
 .text._ZN29RotatingMagnetFilamentMonitorC2Ejj
                0x10005440       0xa4 ./expbuild/./Duet3Expansion/src/FilamentMonitors/RotatingMagnetFilamentMonitor.o
                0x10005440                RotatingMagnetFilamentMonitor::RotatingMagnetFilamentMonitor(unsigned int, unsigned int)
                0x10005440                RotatingMagnetFilamentMonitor::RotatingMagnetFilamentMonitor(unsigned int, unsigned int)
 .text._ZN29RotatingMagnetFilamentMonitor18HandleIncomingDataEv
                0x100054e4      0x284 ./expbuild/./Duet3Expansion/src/FilamentMonitors/RotatingMagnetFilamentMonitor.o
                0x100054e4                RotatingMagnetFilamentMonitor::HandleIncomingData()
 .text._ZN29RotatingMagnetFilamentMonitor5ClearEv
                0x10005768       0x74 ./expbuild/./Duet3Expansion/src/FilamentMonitors/RotatingMagnetFilamentMonitor.o
                0x10005768                RotatingMagnetFilamentMonitor::Clear()
 .text._ZN29RotatingMagnetFilamentMonitor13CheckFilamentEffb
                0x100057dc      0x1a8 ./expbuild/./Duet3Expansion/src/FilamentMonitors/RotatingMagnetFilamentMonitor.o
                0x100057dc                RotatingMagnetFilamentMonitor::CheckFilament(float, float, bool)
 .text._ZN29RotatingMagnetFilamentMonitor5CheckEbbmf
                0x10005984      0x168 ./expbuild/./Duet3Expansion/src/FilamentMonitors/RotatingMagnetFilamentMonitor.o
                0x10005984                RotatingMagnetFilamentMonitor::Check(bool, bool, unsigned long, float)
 .text._ZN21SimpleFilamentMonitor9InterruptEv
                0x10005aec        0xc ./expbuild/./Duet3Expansion/src/FilamentMonitors/SimpleFilamentMonitor.o
                0x10005aec                SimpleFilamentMonitor::Interrupt()
 .text._ZN21SimpleFilamentMonitor5CheckEbbmf
                0x10005af8       0x34 ./expbuild/./Duet3Expansion/src/FilamentMonitors/SimpleFilamentMonitor.o
                0x10005af8                SimpleFilamentMonitor::Check(bool, bool, unsigned long, float)
 .text._ZN21SimpleFilamentMonitor5ClearEv
                0x10005b2c       0x34 ./expbuild/./Duet3Expansion/src/FilamentMonitors/SimpleFilamentMonitor.o
                0x10005b2c                SimpleFilamentMonitor::Clear()
 .text._ZN21SimpleFilamentMonitor11DiagnosticsERK9StringRef
                0x10005b60       0x3c ./expbuild/./Duet3Expansion/src/FilamentMonitors/SimpleFilamentMonitor.o
                0x10005b60                SimpleFilamentMonitor::Diagnostics(StringRef const&)
 .text._ZN21SimpleFilamentMonitorD2Ev
                0x10005b9c       0x14 ./expbuild/./Duet3Expansion/src/FilamentMonitors/SimpleFilamentMonitor.o
                0x10005b9c                SimpleFilamentMonitor::~SimpleFilamentMonitor()
                0x10005b9c                SimpleFilamentMonitor::~SimpleFilamentMonitor()
 .text._ZN21SimpleFilamentMonitorD0Ev
                0x10005bb0       0x1c ./expbuild/./Duet3Expansion/src/FilamentMonitors/SimpleFilamentMonitor.o
                0x10005bb0                SimpleFilamentMonitor::~SimpleFilamentMonitor()
 .text._ZN21SimpleFilamentMonitor9ConfigureERK23CanMessageGenericParserRK9StringRef
                0x10005bcc       0xf4 ./expbuild/./Duet3Expansion/src/FilamentMonitors/SimpleFilamentMonitor.o
                0x10005bcc                SimpleFilamentMonitor::Configure(CanMessageGenericParser const&, StringRef const&)
 .text._ZN21SimpleFilamentMonitorC2Ejj
                0x10005cc0       0x28 ./expbuild/./Duet3Expansion/src/FilamentMonitors/SimpleFilamentMonitor.o
                0x10005cc0                SimpleFilamentMonitor::SimpleFilamentMonitor(unsigned int, unsigned int)
                0x10005cc0                SimpleFilamentMonitor::SimpleFilamentMonitor(unsigned int, unsigned int)
 .text.__tcf_0  0x10005ce8       0x1c ./expbuild/./Duet3Expansion/src/GPIO/GpioPorts.o
 .text._ZN9GpioPorts14HandleM950GpioERK17CanMessageGenericRK9StringRef
                0x10005d04      0x138 ./expbuild/./Duet3Expansion/src/GPIO/GpioPorts.o
                0x10005d04                GpioPorts::HandleM950Gpio(CanMessageGeneric const&, StringRef const&)
 .text._ZN9GpioPorts15HandleGpioWriteERK19CanMessageWriteGpioRK9StringRef
                0x10005e3c       0x40 ./expbuild/./Duet3Expansion/src/GPIO/GpioPorts.o
                0x10005e3c                GpioPorts::HandleGpioWrite(CanMessageWriteGpio const&, StringRef const&)
 .text.startup._GLOBAL__sub_I__ZN9GpioPorts14HandleM950GpioERK17CanMessageGenericRK9StringRef
                0x10005e7c       0x2c ./expbuild/./Duet3Expansion/src/GPIO/GpioPorts.o
 .text._ZN9SerialCDCD2Ev
                0x10005ea8        0x4 ./expbuild/./Duet3Expansion/src/Hardware/RP2040/Devices.o
                0x10005ea8                SerialCDC::~SerialCDC()
                0x10005ea8                SerialCDC::~SerialCDC()
 .text._ZN4TaskILj200EED2Ev
                0x10005eac        0xc ./expbuild/./Duet3Expansion/src/Hardware/RP2040/Devices.o
                0x10005eac                Task<200u>::~Task()
                0x10005eac                Task<200u>::~Task()
 .text._ZN4TaskILj300EED2Ev
                0x10005eb8        0xc ./expbuild/./Duet3Expansion/src/Hardware/RP2040/Devices.o
                0x10005eb8                Task<300u>::~Task()
                0x10005eb8                Task<300u>::~Task()
 .text._Z10DeviceInitv
                0x10005ec4       0x74 ./expbuild/./Duet3Expansion/src/Hardware/RP2040/Devices.o
                0x10005ec4                DeviceInit()
 .text.DRV_SPI_Initialize
                0x10005f38       0x70 ./expbuild/./Duet3Expansion/src/Hardware/RP2040/Devices.o
                0x10005f38                DRV_SPI_Initialize
 .text.DRV_SPI_TransferData
                0x10005fa8       0x54 ./expbuild/./Duet3Expansion/src/Hardware/RP2040/Devices.o
                0x10005fa8                DRV_SPI_TransferData
 .text._ZN9SerialCDCD0Ev
                0x10005ffc       0x14 ./expbuild/./Duet3Expansion/src/Hardware/RP2040/Devices.o
                0x10005ffc                SerialCDC::~SerialCDC()
 .text.startup._GLOBAL__sub_I_serialUSB
                0x10006010       0x54 ./expbuild/./Duet3Expansion/src/Hardware/RP2040/Devices.o
 .text.startup.main
                0x10006064        0x8 ./expbuild/./Duet3Expansion/src/Hardware/RP2040/Main.o
                0x10006064                main
 .text._ZN15SharedSpiDeviceC2Eh
                0x1000606c       0x2c ./expbuild/./Duet3Expansion/src/Hardware/RP2040/SharedSpiDevice.o
                0x1000606c                SharedSpiDevice::SharedSpiDevice(unsigned char)
                0x1000606c                SharedSpiDevice::SharedSpiDevice(unsigned char)
 .text._ZNK15SharedSpiDevice7DisableEv
                0x10006098        0xc ./expbuild/./Duet3Expansion/src/Hardware/RP2040/SharedSpiDevice.o
                0x10006098                SharedSpiDevice::Disable() const
 .text._ZNK15SharedSpiDevice24SetClockFrequencyAndModeEm7SpiMode
                0x100060a4       0x34 ./expbuild/./Duet3Expansion/src/Hardware/RP2040/SharedSpiDevice.o
                0x100060a4                SharedSpiDevice::SetClockFrequencyAndMode(unsigned long, SpiMode) const
 .text._ZNK15SharedSpiDevice16TransceivePacketEPKhPhj
                0x100060d8       0x2c ./expbuild/./Duet3Expansion/src/Hardware/RP2040/SharedSpiDevice.o
                0x100060d8                SharedSpiDevice::TransceivePacket(unsigned char const*, unsigned char*, unsigned int) const
 .text._Z13SoftwareReset19SoftwareResetReasonPKm
                0x10006104       0x44 ./expbuild/./Duet3Expansion/src/Hardware/ExceptionHandlers.o
                0x10006104                SoftwareReset(SoftwareResetReason, unsigned long const*)
 .text._Z18OutOfMemoryHandlerv
                0x10006148        0xc ./expbuild/./Duet3Expansion/src/Hardware/ExceptionHandlers.o
                0x10006148                OutOfMemoryHandler()
 .text.hardFaultDispatcher
                0x10006154        0xc ./expbuild/./Duet3Expansion/src/Hardware/ExceptionHandlers.o
                0x10006154                hardFaultDispatcher
 .text.isr_hardfault
                0x10006160       0x18 ./expbuild/./Duet3Expansion/src/Hardware/ExceptionHandlers.o
                0x10006160                isr_hardfault
 .text.isr_nmi  0x10006178        0xc ./expbuild/./Duet3Expansion/src/Hardware/ExceptionHandlers.o
                0x10006178                isr_nmi
 .text.stackOverflowDispatcher
                0x10006184        0xc ./expbuild/./Duet3Expansion/src/Hardware/ExceptionHandlers.o
                0x10006184                stackOverflowDispatcher
 .text.vApplicationStackOverflowHook
                0x10006190        0xc ./expbuild/./Duet3Expansion/src/Hardware/ExceptionHandlers.o
                0x10006190                vApplicationStackOverflowHook
 .text.assertCalledDispatcher
                0x1000619c        0xc ./expbuild/./Duet3Expansion/src/Hardware/ExceptionHandlers.o
                0x1000619c                assertCalledDispatcher
 .text.vAssertCalled
                0x100061a8        0xc ./expbuild/./Duet3Expansion/src/Hardware/ExceptionHandlers.o
                0x100061a8                vAssertCalled
 .text._ZNK6IoPort13AppendPinNameERK9StringRefb.constprop.0
                0x100061b4      0x104 ./expbuild/./Duet3Expansion/src/Hardware/IoPorts.o
 .text._ZN6IoPort4InitEv
                0x100062b8       0x20 ./expbuild/./Duet3Expansion/src/Hardware/IoPorts.o
                0x100062b8                IoPort::Init()
 .text._ZN6IoPortC2Ev
                0x100062d8       0x10 ./expbuild/./Duet3Expansion/src/Hardware/IoPorts.o
                0x100062d8                IoPort::IoPort()
                0x100062d8                IoPort::IoPort()
 .text._ZN6IoPort7SetModeE9PinAccess
                0x100062e8       0xb8 ./expbuild/./Duet3Expansion/src/Hardware/IoPorts.o
                0x100062e8                IoPort::SetMode(PinAccess)
 .text._ZN6IoPort7ReleaseEv
                0x100063a0       0x40 ./expbuild/./Duet3Expansion/src/Hardware/IoPorts.o
                0x100063a0                IoPort::Release()
 .text._ZNK6IoPort12WriteDigitalEb
                0x100063e0       0x1c ./expbuild/./Duet3Expansion/src/Hardware/IoPorts.o
                0x100063e0                IoPort::WriteDigital(bool) const
 .text._ZNK6IoPort11ReadDigitalEv
                0x100063fc       0x24 ./expbuild/./Duet3Expansion/src/Hardware/IoPorts.o
                0x100063fc                IoPort::ReadDigital() const
 .text._ZNK6IoPort10ReadAnalogEv
                0x10006420       0x3c ./expbuild/./Duet3Expansion/src/Hardware/IoPorts.o
                0x10006420                IoPort::ReadAnalog() const
 .text._ZNK6IoPort15AttachInterruptEPDoFv17CallbackParameterE13InterruptModeS0_
                0x1000645c       0x20 ./expbuild/./Duet3Expansion/src/Hardware/IoPorts.o
                0x1000645c                IoPort::AttachInterrupt(void (*)(CallbackParameter) noexcept, InterruptMode, CallbackParameter) const
 .text._ZNK6IoPort15DetachInterruptEv
                0x1000647c       0x18 ./expbuild/./Duet3Expansion/src/Hardware/IoPorts.o
                0x1000647c                IoPort::DetachInterrupt() const
 .text._ZN6IoPort17SetAnalogCallbackEPDoFv17CallbackParametertES0_m
                0x10006494       0x24 ./expbuild/./Duet3Expansion/src/Hardware/IoPorts.o
                0x10006494                IoPort::SetAnalogCallback(void (*)(CallbackParameter, unsigned short) noexcept, CallbackParameter, unsigned long)
 .text._ZNK6IoPort18AppendBasicDetailsERK9StringRef
                0x100064b8       0x60 ./expbuild/./Duet3Expansion/src/Hardware/IoPorts.o
                0x100064b8                IoPort::AppendBasicDetails(StringRef const&) const
 .text._ZNK6IoPort13AppendPinNameERK9StringRefb
                0x10006518      0x110 ./expbuild/./Duet3Expansion/src/Hardware/IoPorts.o
                0x10006518                IoPort::AppendPinName(StringRef const&, bool) const
 .text._ZN6IoPort13LookupPinNameEPKcRhRbS3_
                0x10006628       0xd8 ./expbuild/./Duet3Expansion/src/Hardware/IoPorts.o
                0x10006628                IoPort::LookupPinName(char const*, unsigned char&, bool&, bool&)
 .text._ZN6IoPort8AllocateEPKcRK9StringRef9PinUsedBy9PinAccess
                0x10006700      0x1bc ./expbuild/./Duet3Expansion/src/Hardware/IoPorts.o
                0x10006700                IoPort::Allocate(char const*, StringRef const&, PinUsedBy, PinAccess)
 .text._ZN6IoPort11AssignPortsEPKcRK9StringRef9PinUsedByjPKPS_PK9PinAccess
                0x100068bc      0x180 ./expbuild/./Duet3Expansion/src/Hardware/IoPorts.o
                0x100068bc                IoPort::AssignPorts(char const*, StringRef const&, PinUsedBy, unsigned int, IoPort* const*, PinAccess const*)
 .text._ZN6IoPort7ReadPinEh
                0x10006a3c       0x14 ./expbuild/./Duet3Expansion/src/Hardware/IoPorts.o
                0x10006a3c                IoPort::ReadPin(unsigned char)
 .text._ZN6IoPort12WriteDigitalEhb
                0x10006a50        0xc ./expbuild/./Duet3Expansion/src/Hardware/IoPorts.o
                0x10006a50                IoPort::WriteDigital(unsigned char, bool)
 .text._ZN7PwmPortC2Ev
                0x10006a5c       0x14 ./expbuild/./Duet3Expansion/src/Hardware/IoPorts.o
                0x10006a5c                PwmPort::PwmPort()
                0x10006a5c                PwmPort::PwmPort()
 .text._ZNK7PwmPort15AppendFrequencyERK9StringRef
                0x10006a70       0x1c ./expbuild/./Duet3Expansion/src/Hardware/IoPorts.o
                0x10006a70                PwmPort::AppendFrequency(StringRef const&) const
 .text._ZNK7PwmPort17AppendFullDetailsERK9StringRef
                0x10006a8c       0x78 ./expbuild/./Duet3Expansion/src/Hardware/IoPorts.o
                0x10006a8c                PwmPort::AppendFullDetails(StringRef const&) const
 .text._ZNK7PwmPort11WriteAnalogEf
                0x10006b04       0x28 ./expbuild/./Duet3Expansion/src/Hardware/IoPorts.o
                0x10006b04                PwmPort::WriteAnalog(float) const
 .text._Z13Int1Interrupt17CallbackParameter
                0x10006b2c       0x28 ./expbuild/./Duet3Expansion/src/Hardware/LIS3DH.o
                0x10006b2c                Int1Interrupt(CallbackParameter)
 .text._ZN6LIS3DHC2ER15SharedSpiDevicehh
                0x10006b54       0x38 ./expbuild/./Duet3Expansion/src/Hardware/LIS3DH.o
                0x10006b54                LIS3DH::LIS3DH(SharedSpiDevice&, unsigned char, unsigned char)
                0x10006b54                LIS3DH::LIS3DH(SharedSpiDevice&, unsigned char, unsigned char)
 .text._ZN6LIS3DH12CheckPresentEv
                0x10006b8c       0x64 ./expbuild/./Duet3Expansion/src/Hardware/LIS3DH.o
                0x10006b8c                LIS3DH::CheckPresent()
 .text._ZNK6LIS3DH11GetTypeNameEv
                0x10006bf0       0x18 ./expbuild/./Duet3Expansion/src/Hardware/LIS3DH.o
                0x10006bf0                LIS3DH::GetTypeName() const
 .text._ZN6LIS3DH10ReadStatusEv
                0x10006c08       0x4c ./expbuild/./Duet3Expansion/src/Hardware/LIS3DH.o
                0x10006c08                LIS3DH::ReadStatus()
 .text._ZN6LIS3DH9ConfigureERtRh
                0x10006c54      0x20c ./expbuild/./Duet3Expansion/src/Hardware/LIS3DH.o
                0x10006c54                LIS3DH::Configure(unsigned short&, unsigned char&)
 .text._ZN6LIS3DH15StartCollectingEh
                0x10006e60      0x12c ./expbuild/./Duet3Expansion/src/Hardware/LIS3DH.o
                0x10006e60                LIS3DH::StartCollecting(unsigned char)
 .text._ZN6LIS3DH11CollectDataEPPKtRtRb
                0x10006f8c      0x134 ./expbuild/./Duet3Expansion/src/Hardware/LIS3DH.o
                0x10006f8c                LIS3DH::CollectData(unsigned short const**, unsigned short&, bool&)
 .text._ZN6LIS3DH14StopCollectingEv
                0x100070c0       0x34 ./expbuild/./Duet3Expansion/src/Hardware/LIS3DH.o
                0x100070c0                LIS3DH::StopCollecting()
 .text._ZN17NonVolatileMemoryC2E7NvmPage
                0x100070f4       0x14 ./expbuild/./Duet3Expansion/src/Hardware/NonVolatileMemory.o
                0x100070f4                NonVolatileMemory::NonVolatileMemory(NvmPage)
                0x100070f4                NonVolatileMemory::NonVolatileMemory(NvmPage)
 .text._ZN17NonVolatileMemory13EnsureWrittenEv
                0x10007108       0x58 ./expbuild/./Duet3Expansion/src/Hardware/NonVolatileMemory.o
                0x10007108                NonVolatileMemory::EnsureWritten()
 .text._ZN17NonVolatileMemory23GetLastWrittenResetDataERj
                0x10007160       0xa0 ./expbuild/./Duet3Expansion/src/Hardware/NonVolatileMemory.o
                0x10007160                NonVolatileMemory::GetLastWrittenResetData(unsigned int&)
 .text._ZN17NonVolatileMemory21AllocateResetDataSlotEv
                0x10007200       0xc4 ./expbuild/./Duet3Expansion/src/Hardware/NonVolatileMemory.o
                0x10007200                NonVolatileMemory::AllocateResetDataSlot()
 .text._ZN17NonVolatileMemory14GetCanSettingsER15CanUserAreaData
                0x100072c4       0x6c ./expbuild/./Duet3Expansion/src/Hardware/NonVolatileMemory.o
                0x100072c4                NonVolatileMemory::GetCanSettings(CanUserAreaData&)
 .text._ZN17NonVolatileMemory14SetCanSettingsER15CanUserAreaData
                0x10007330       0x88 ./expbuild/./Duet3Expansion/src/Hardware/NonVolatileMemory.o
                0x10007330                NonVolatileMemory::SetCanSettings(CanUserAreaData&)
 .text._ZN15SharedSpiClientC2ER15SharedSpiDevicem7SpiModehb
                0x100073b8       0x28 ./expbuild/./Duet3Expansion/src/Hardware/SharedSpiClient.o
                0x100073b8                SharedSpiClient::SharedSpiClient(SharedSpiDevice&, unsigned long, SpiMode, unsigned char, bool)
                0x100073b8                SharedSpiClient::SharedSpiClient(SharedSpiDevice&, unsigned long, SpiMode, unsigned char, bool)
 .text._ZNK15SharedSpiClient9InitCsPinEv
                0x100073e0       0x18 ./expbuild/./Duet3Expansion/src/Hardware/SharedSpiClient.o
                0x100073e0                SharedSpiClient::InitCsPin() const
 .text._ZNK15SharedSpiClient6SelectEm
                0x100073f8       0x28 ./expbuild/./Duet3Expansion/src/Hardware/SharedSpiClient.o
                0x100073f8                SharedSpiClient::Select(unsigned long) const
 .text._ZNK15SharedSpiClient8DeselectEv
                0x10007420       0x20 ./expbuild/./Duet3Expansion/src/Hardware/SharedSpiClient.o
                0x10007420                SharedSpiClient::Deselect() const
 .text._ZNK15SharedSpiClient16TransceivePacketEPKhPhj
                0x10007440        0xc ./expbuild/./Duet3Expansion/src/Hardware/SharedSpiClient.o
                0x10007440                SharedSpiClient::TransceivePacket(unsigned char const*, unsigned char*, unsigned int) const
 .text._ZNK17SoftwareResetData8IsVacantEv
                0x1000744c       0x1c ./expbuild/./Duet3Expansion/src/Hardware/SoftwareReset.o
                0x1000744c                SoftwareResetData::IsVacant() const
 .text._ZN17SoftwareResetData5ClearEv
                0x10007468        0xc ./expbuild/./Duet3Expansion/src/Hardware/SoftwareReset.o
                0x10007468                SoftwareResetData::Clear()
 .text._ZN17SoftwareResetData8PopulateEtPKm
                0x10007474       0xec ./expbuild/./Duet3Expansion/src/Hardware/SoftwareReset.o
                0x10007474                SoftwareResetData::Populate(unsigned short, unsigned long const*)
 .text._ZNK17SoftwareResetData10PrintPart2ERK9StringRef
                0x10007560       0x3c ./expbuild/./Duet3Expansion/src/Hardware/SoftwareReset.o
                0x10007560                SoftwareResetData::PrintPart2(StringRef const&) const
 .text._ZN6StringILj256EE4catfEPKcz
                0x1000759c       0x24 ./expbuild/./Duet3Expansion/src/Hardware/SoftwareReset.o
                0x1000759c                String<256u>::catf(char const*, ...)
 .text._ZNK17SoftwareResetData10PrintPart1EjRK9StringRef
                0x100075c0      0x29c ./expbuild/./Duet3Expansion/src/Hardware/SoftwareReset.o
                0x100075c0                SoftwareResetData::PrintPart1(unsigned int, StringRef const&) const
 .text._ZN5FopDt16CalcPidConstantsEf.part.0
                0x1000785c      0x110 ./expbuild/./Duet3Expansion/src/Heating/FOPDT.o
 .text._ZN5FopDtC2Ev
                0x1000796c       0x58 ./expbuild/./Duet3Expansion/src/Heating/FOPDT.o
                0x1000796c                FopDt::FopDt()
                0x1000796c                FopDt::FopDt()
 .text._ZN5FopDt13SetParametersERK27CanMessageHeaterModelNewNewf
                0x100079c4      0x238 ./expbuild/./Duet3Expansion/src/Heating/FOPDT.o
                0x100079c4                FopDt::SetParameters(CanMessageHeaterModelNewNew const&, float)
 .text._ZN5FopDt16CalcPidConstantsEf
                0x10007bfc       0x10 ./expbuild/./Duet3Expansion/src/Heating/FOPDT.o
                0x10007bfc                FopDt::CalcPidConstants(float)
 .text._ZNK5FopDt20CorrectPwmForVoltageEff
                0x10007c0c       0x74 ./expbuild/./Duet3Expansion/src/Heating/FOPDT.o
                0x10007c0c                FopDt::CorrectPwmForVoltage(float, float) const
 .text._ZNK5FopDt22GetPwmCorrectionForFanEff
                0x10007c80       0x28 ./expbuild/./Duet3Expansion/src/Heating/FOPDT.o
                0x10007c80                FopDt::GetPwmCorrectionForFan(float, float) const
 .text._ZNK5FopDt17GetNetHeatingRateEfff
                0x10007ca8       0x7c ./expbuild/./Duet3Expansion/src/Heating/FOPDT.o
                0x10007ca8                FopDt::GetNetHeatingRate(float, float, float) const
 .text._ZNK5FopDt19EstimateRequiredPwmEff
                0x10007d24       0x68 ./expbuild/./Duet3Expansion/src/Heating/FOPDT.o
                0x10007d24                FopDt::EstimateRequiredPwm(float, float) const
 .text._ZNK11LocalHeater7GetModeEv
                0x10007d8c        0x8 ./expbuild/./Duet3Expansion/src/Heating/Heat.o
                0x10007d8c                LocalHeater::GetMode() const
 .text._ZN12RemoteSensor4PollEv
                0x10007d94        0x4 ./expbuild/./Duet3Expansion/src/Heating/Heat.o
                0x10007d94                RemoteSensor::Poll()
 .text._ZN12RemoteSensorD0Ev
                0x10007d98       0x1c ./expbuild/./Duet3Expansion/src/Heating/Heat.o
                0x10007d98                RemoteSensor::~RemoteSensor()
 .text._ZN4HeatL17SendHeatersStatusER16CanMessageBuffer
                0x10007db4      0x134 ./expbuild/./Duet3Expansion/src/Heating/Heat.o
 .text._ZN4Heat8TaskLoopEPv
                0x10007ee8      0x400 ./expbuild/./Duet3Expansion/src/Heating/Heat.o
                0x10007ee8                Heat::TaskLoop(void*)
 .text._ZN12RemoteSensorD2Ev
                0x100082e8       0x14 ./expbuild/./Duet3Expansion/src/Heating/Heat.o
                0x100082e8                RemoteSensor::~RemoteSensor()
                0x100082e8                RemoteSensor::~RemoteSensor()
 .text._ZN4Heat4InitEv
                0x100082fc       0x68 ./expbuild/./Duet3Expansion/src/Heating/Heat.o
                0x100082fc                Heat::Init()
 .text._ZN4Heat14ProcessM307NewERK27CanMessageHeaterModelNewNewRK9StringRef
                0x10008364       0x60 ./expbuild/./Duet3Expansion/src/Heating/Heat.o
                0x10008364                Heat::ProcessM307New(CanMessageHeaterModelNewNew const&, StringRef const&)
 .text._ZN4Heat11ProcessM308ERK17CanMessageGenericRK9StringRef
                0x100083c4      0x248 ./expbuild/./Duet3Expansion/src/Heating/Heat.o
                0x100083c4                Heat::ProcessM308(CanMessageGeneric const&, StringRef const&)
 .text._ZN4Heat17SetFaultDetectionERK43CanMessageSetHeaterFaultDetectionParametersRK9StringRef
                0x1000860c       0x6c ./expbuild/./Duet3Expansion/src/Heating/Heat.o
                0x1000860c                Heat::SetFaultDetection(CanMessageSetHeaterFaultDetectionParameters const&, StringRef const&)
 .text._ZN4Heat17SetHeaterMonitorsERK27CanMessageSetHeaterMonitorsRK9StringRef
                0x10008678       0x6c ./expbuild/./Duet3Expansion/src/Heating/Heat.o
                0x10008678                Heat::SetHeaterMonitors(CanMessageSetHeaterMonitors const&, StringRef const&)
 .text._ZN4Heat20GetSensorTemperatureEiR16TemperatureError
                0x100086e4       0x5c ./expbuild/./Duet3Expansion/src/Heating/Heat.o
                0x100086e4                Heat::GetSensorTemperature(int, TemperatureError&)
 .text._ZN4Heat26ProcessRemoteSensorsReportEhRK28CanMessageSensorTemperatures
                0x10008740      0x13c ./expbuild/./Duet3Expansion/src/Heating/Heat.o
                0x10008740                Heat::ProcessRemoteSensorsReport(unsigned char, CanMessageSensorTemperatures const&)
 .text._ZN4Heat12SwitchOffAllEv
                0x1000887c       0x34 ./expbuild/./Duet3Expansion/src/Heating/Heat.o
                0x1000887c                Heat::SwitchOffAll()
 .text._ZN4Heat14SetTemperatureERK30CanMessageSetHeaterTemperatureRK9StringRef
                0x100088b0       0x60 ./expbuild/./Duet3Expansion/src/Heating/Heat.o
                0x100088b0                Heat::SetTemperature(CanMessageSetHeaterTemperature const&, StringRef const&)
 .text._ZN4Heat13TuningCommandERK29CanMessageHeaterTuningCommandRK9StringRef
                0x10008910       0x94 ./expbuild/./Duet3Expansion/src/Heating/Heat.o
                0x10008910                Heat::TuningCommand(CanMessageHeaterTuningCommand const&, StringRef const&)
 .text._ZN4Heat11FeedForwardERK27CanMessageHeaterFeedForwardRK9StringRef
                0x100089a4       0x84 ./expbuild/./Duet3Expansion/src/Heating/Heat.o
                0x100089a4                Heat::FeedForward(CanMessageHeaterFeedForward const&, StringRef const&)
 .text._ZN4Heat10FindSensorEi
                0x10008a28       0x3c ./expbuild/./Duet3Expansion/src/Heating/Heat.o
                0x10008a28                Heat::FindSensor(int)
 .text._ZN4Heat19FindSensorAtOrAboveEj
                0x10008a64       0x3c ./expbuild/./Duet3Expansion/src/Heating/Heat.o
                0x10008a64                Heat::FindSensorAtOrAbove(unsigned int)
 .text._ZN4Heat11DiagnosticsERK9StringRef
                0x10008aa0       0x64 ./expbuild/./Duet3Expansion/src/Heating/Heat.o
                0x10008aa0                Heat::Diagnostics(StringRef const&)
 .text.startup._GLOBAL__sub_I__ZN4Heat15IsHeaterEnabledEj
                0x10008b04       0x18 ./expbuild/./Duet3Expansion/src/Heating/Heat.o
 .text._ZN4Heat15ConfigureHeaterERK17CanMessageGenericRK9StringRef
                0x10008b1c      0x164 ./expbuild/./Duet3Expansion/src/Heating/Heat.o
                0x10008b1c                Heat::ConfigureHeater(CanMessageGeneric const&, StringRef const&)
 .text._ZN6HeaterC2Ej
                0x10008c80       0x54 ./expbuild/./Duet3Expansion/src/Heating/Heater.o
                0x10008c80                Heater::Heater(unsigned int)
                0x10008c80                Heater::Heater(unsigned int)
 .text._ZN6HeaterD2Ev
                0x10008cd4        0x4 ./expbuild/./Duet3Expansion/src/Heating/Heater.o
                0x10008cd4                Heater::~Heater()
                0x10008cd4                Heater::~Heater()
 .text._ZN6Heater27SetFaultDetectionParametersERK43CanMessageSetHeaterFaultDetectionParametersRK9StringRef
                0x10008cd8       0x4c ./expbuild/./Duet3Expansion/src/Heating/Heater.o
                0x10008cd8                Heater::SetFaultDetectionParameters(CanMessageSetHeaterFaultDetectionParameters const&, StringRef const&)
 .text._ZN6Heater17SetHeaterMonitorsERK27CanMessageSetHeaterMonitorsRK9StringRef
                0x10008d24       0x88 ./expbuild/./Duet3Expansion/src/Heating/Heater.o
                0x10008d24                Heater::SetHeaterMonitors(CanMessageSetHeaterMonitors const&, StringRef const&)
 .text._ZN6Heater8SetModelEjRK27CanMessageHeaterModelNewNewRK9StringRef
                0x10008dac       0xd8 ./expbuild/./Duet3Expansion/src/Heating/Heater.o
                0x10008dac                Heater::SetModel(unsigned int, CanMessageHeaterModelNewNew const&, StringRef const&)
 .text._ZN6Heater14SetTemperatureERK30CanMessageSetHeaterTemperatureRK9StringRef
                0x10008e84      0x130 ./expbuild/./Duet3Expansion/src/Heating/Heater.o
                0x10008e84                Heater::SetTemperature(CanMessageSetHeaterTemperature const&, StringRef const&)
 .text._ZN13HeaterMonitorC2Ev
                0x10008fb4        0x8 ./expbuild/./Duet3Expansion/src/Heating/HeaterMonitor.o
                0x10008fb4                HeaterMonitor::HeaterMonitor()
                0x10008fb4                HeaterMonitor::HeaterMonitor()
 .text._ZN13HeaterMonitor5CheckEm
                0x10008fbc       0x78 ./expbuild/./Duet3Expansion/src/Heating/HeaterMonitor.o
                0x10008fbc                HeaterMonitor::Check(unsigned long)
 .text._ZNK11LocalHeater14GetTemperatureEv
                0x10009034        0x4 ./expbuild/./Duet3Expansion/src/Heating/LocalHeater.o
                0x10009034                LocalHeater::GetTemperature() const
 .text._ZNK11LocalHeater14GetAccumulatorEv
                0x10009038        0x8 ./expbuild/./Duet3Expansion/src/Heating/LocalHeater.o
                0x10009038                LocalHeater::GetAccumulator() const
 .text._ZN11LocalHeater11ResetHeaterEv
                0x10009040       0x2c ./expbuild/./Duet3Expansion/src/Heating/LocalHeater.o
                0x10009040                LocalHeater::ResetHeater()
 .text._ZN11LocalHeater15SetPwmFrequencyEtRK9StringRef
                0x1000906c        0x8 ./expbuild/./Duet3Expansion/src/Heating/LocalHeater.o
                0x1000906c                LocalHeater::SetPwmFrequency(unsigned short, StringRef const&)
 .text._ZN11LocalHeater11UpdateModelERK9StringRef
                0x10009074        0x4 ./expbuild/./Duet3Expansion/src/Heating/LocalHeater.o
                0x10009074                LocalHeater::UpdateModel(StringRef const&)
 .text._ZNK11LocalHeater13GetAveragePWMEv
                0x10009078        0x8 ./expbuild/./Duet3Expansion/src/Heating/LocalHeater.o
                0x10009078                LocalHeater::GetAveragePWM() const
 .text._ZN11LocalHeater22ConfigurePortAndSensorEPKctjRK9StringRef
                0x10009080       0x74 ./expbuild/./Duet3Expansion/src/Heating/LocalHeater.o
                0x10009080                LocalHeater::ConfigurePortAndSensor(char const*, unsigned short, unsigned int, StringRef const&)
 .text._ZNK11LocalHeater13ReportDetailsERK9StringRef
                0x100090f4       0x50 ./expbuild/./Duet3Expansion/src/Heating/LocalHeater.o
                0x100090f4                LocalHeater::ReportDetails(StringRef const&) const
 .text._ZN11LocalHeater8SwitchOnERK9StringRef
                0x10009144       0xac ./expbuild/./Duet3Expansion/src/Heating/LocalHeater.o
                0x10009144                LocalHeater::SwitchOn(StringRef const&)
 .text._ZN11LocalHeater21FeedForwardAdjustmentEff
                0x100091f0       0x4c ./expbuild/./Duet3Expansion/src/Heating/LocalHeater.o
                0x100091f0                LocalHeater::FeedForwardAdjustment(float, float)
 .text._ZN11LocalHeaterD2Ev
                0x1000923c       0x48 ./expbuild/./Duet3Expansion/src/Heating/LocalHeater.o
                0x1000923c                LocalHeater::~LocalHeater()
                0x1000923c                LocalHeater::~LocalHeater()
 .text._ZN11LocalHeater9SwitchOffEv
                0x10009284       0x28 ./expbuild/./Duet3Expansion/src/Heating/LocalHeater.o
                0x10009284                LocalHeater::SwitchOff()
 .text._ZN11LocalHeater10ResetFaultEv
                0x100092ac       0x48 ./expbuild/./Duet3Expansion/src/Heating/LocalHeater.o
                0x100092ac                LocalHeater::ResetFault()
 .text._ZN11LocalHeater13TuningCommandERK29CanMessageHeaterTuningCommandRK9StringRef
                0x100092f4      0x11c ./expbuild/./Duet3Expansion/src/Heating/LocalHeater.o
                0x100092f4                LocalHeater::TuningCommand(CanMessageHeaterTuningCommand const&, StringRef const&)
 .text._ZN11LocalHeaterD0Ev
                0x10009410       0x50 ./expbuild/./Duet3Expansion/src/Heating/LocalHeater.o
                0x10009410                LocalHeater::~LocalHeater()
 .text._ZN11LocalHeater7SuspendEb
                0x10009460       0xd0 ./expbuild/./Duet3Expansion/src/Heating/LocalHeater.o
                0x10009460                LocalHeater::Suspend(bool)
 .text._ZN11LocalHeaterC2Ej
                0x10009530       0x54 ./expbuild/./Duet3Expansion/src/Heating/LocalHeater.o
                0x10009530                LocalHeater::LocalHeater(unsigned int)
                0x10009530                LocalHeater::LocalHeater(unsigned int)
 .text._ZN11LocalHeater12DoTuningStepEv
                0x10009584      0x2b0 ./expbuild/./Duet3Expansion/src/Heating/LocalHeater.o
                0x10009584                LocalHeater::DoTuningStep()
 .text._ZN11LocalHeater18GetTuningCycleDataER28CanMessageHeaterTuningReport
                0x10009834       0xc0 ./expbuild/./Duet3Expansion/src/Heating/LocalHeater.o
                0x10009834                LocalHeater::GetTuningCycleData(CanMessageHeaterTuningReport&)
 .text._ZN11LocalHeater16RaiseHeaterFaultE15HeaterFaultTypePKcz
                0x100098f4       0x48 ./expbuild/./Duet3Expansion/src/Heating/LocalHeater.o
                0x100098f4                LocalHeater::RaiseHeaterFault(HeaterFaultType, char const*, ...)
 .text._ZN11LocalHeater4SpinEv
                0x1000993c      0x630 ./expbuild/./Duet3Expansion/src/Heating/LocalHeater.o
                0x1000993c                LocalHeater::Spin()
 .text._ZNK17TemperatureSensor23GetNumAdditionalOutputsEv
                0x10009f6c        0x4 ./expbuild/./Duet3Expansion/src/Heating/Sensors/AdditionalOutputSensor.o
                0x10009f6c                TemperatureSensor::GetNumAdditionalOutputs() const
 .text._ZN22AdditionalOutputSensorD2Ev
                0x10009f70       0x14 ./expbuild/./Duet3Expansion/src/Heating/Sensors/AdditionalOutputSensor.o
                0x10009f70                AdditionalOutputSensor::~AdditionalOutputSensor()
                0x10009f70                AdditionalOutputSensor::~AdditionalOutputSensor()
 .text._ZN22AdditionalOutputSensorD0Ev
                0x10009f84       0x1c ./expbuild/./Duet3Expansion/src/Heating/Sensors/AdditionalOutputSensor.o
                0x10009f84                AdditionalOutputSensor::~AdditionalOutputSensor()
 .text._ZN22AdditionalOutputSensor4PollEv
                0x10009fa0       0x88 ./expbuild/./Duet3Expansion/src/Heating/Sensors/AdditionalOutputSensor.o
                0x10009fa0                AdditionalOutputSensor::Poll()
 .text._ZN22AdditionalOutputSensorC2EjPKcb
                0x1000a028       0x1c ./expbuild/./Duet3Expansion/src/Heating/Sensors/AdditionalOutputSensor.o
                0x1000a028                AdditionalOutputSensor::AdditionalOutputSensor(unsigned int, char const*, bool)
                0x1000a028                AdditionalOutputSensor::AdditionalOutputSensor(unsigned int, char const*, bool)
 .text._ZN22AdditionalOutputSensor13ConfigurePortEPKcRK9StringRef
                0x1000a044      0x10c ./expbuild/./Duet3Expansion/src/Heating/Sensors/AdditionalOutputSensor.o
                0x1000a044                AdditionalOutputSensor::ConfigurePort(char const*, StringRef const&)
 .text._ZN22AdditionalOutputSensor9ConfigureERK23CanMessageGenericParserRK9StringRef
                0x1000a150       0x4c ./expbuild/./Duet3Expansion/src/Heating/Sensors/AdditionalOutputSensor.o
                0x1000a150                AdditionalOutputSensor::Configure(CanMessageGenericParser const&, StringRef const&)
 .text._ZNK23BME280TemperatureSensor23GetNumAdditionalOutputsEv
                0x1000a19c        0x4 ./expbuild/./Duet3Expansion/src/Heating/Sensors/BME280.o
                0x1000a19c                BME280TemperatureSensor::GetNumAdditionalOutputs() const
 .text._ZN23BME280TemperatureSensor20GetLatestTemperatureERfh
                0x1000a1a0       0x58 ./expbuild/./Duet3Expansion/src/Heating/Sensors/BME280.o
                0x1000a1a0                BME280TemperatureSensor::GetLatestTemperature(float&, unsigned char)
 .text._ZN20BME280PressureSensorD2Ev
                0x1000a1f8       0x14 ./expbuild/./Duet3Expansion/src/Heating/Sensors/BME280.o
                0x1000a1f8                BME280PressureSensor::~BME280PressureSensor()
                0x1000a1f8                BME280PressureSensor::~BME280PressureSensor()
 .text._ZN20BME280HumiditySensorD2Ev
                0x1000a20c       0x14 ./expbuild/./Duet3Expansion/src/Heating/Sensors/BME280.o
                0x1000a20c                BME280HumiditySensor::~BME280HumiditySensor()
                0x1000a20c                BME280HumiditySensor::~BME280HumiditySensor()
 .text._ZN20BME280PressureSensorD0Ev
                0x1000a220       0x1c ./expbuild/./Duet3Expansion/src/Heating/Sensors/BME280.o
                0x1000a220                BME280PressureSensor::~BME280PressureSensor()
 .text._ZN20BME280HumiditySensorD0Ev
                0x1000a23c       0x1c ./expbuild/./Duet3Expansion/src/Heating/Sensors/BME280.o
                0x1000a23c                BME280HumiditySensor::~BME280HumiditySensor()
 .text._ZN23BME280TemperatureSensorD2Ev
                0x1000a258       0x14 ./expbuild/./Duet3Expansion/src/Heating/Sensors/BME280.o
                0x1000a258                BME280TemperatureSensor::~BME280TemperatureSensor()
                0x1000a258                BME280TemperatureSensor::~BME280TemperatureSensor()
 .text._ZN23BME280TemperatureSensorD0Ev
                0x1000a26c       0x1c ./expbuild/./Duet3Expansion/src/Heating/Sensors/BME280.o
                0x1000a26c                BME280TemperatureSensor::~BME280TemperatureSensor()
 .text._ZNK23BME280TemperatureSensor17bme280_soft_resetEv
                0x1000a288       0x9c ./expbuild/./Duet3Expansion/src/Heating/Sensors/BME280.o
                0x1000a288                BME280TemperatureSensor::bme280_soft_reset() const
 .text._ZNK23BME280TemperatureSensor27set_filter_standby_settingsEhPK15bme280_settings
                0x1000a324       0x7c ./expbuild/./Duet3Expansion/src/Heating/Sensors/BME280.o
                0x1000a324                BME280TemperatureSensor::set_filter_standby_settings(unsigned char, bme280_settings const*) const
 .text._ZNK23BME280TemperatureSensor19compensate_pressureEPK18bme280_uncomp_data
                0x1000a3a0      0x1c8 ./expbuild/./Duet3Expansion/src/Heating/Sensors/BME280.o
                0x1000a3a0                BME280TemperatureSensor::compensate_pressure(bme280_uncomp_data const*) const
 .text._ZNK23BME280TemperatureSensor19compensate_humidityEPK18bme280_uncomp_data
                0x1000a568      0x120 ./expbuild/./Duet3Expansion/src/Heating/Sensors/BME280.o
                0x1000a568                BME280TemperatureSensor::compensate_humidity(bme280_uncomp_data const*) const
 .text._ZN23BME280TemperatureSensor22bme280_get_sensor_dataEv
                0x1000a688      0x178 ./expbuild/./Duet3Expansion/src/Heating/Sensors/BME280.o
                0x1000a688                BME280TemperatureSensor::bme280_get_sensor_data()
 .text._ZN23BME280TemperatureSensor4PollEv
                0x1000a800       0x4c ./expbuild/./Duet3Expansion/src/Heating/Sensors/BME280.o
                0x1000a800                BME280TemperatureSensor::Poll()
 .text._ZNK23BME280TemperatureSensor25set_osr_humidity_settingsEPK15bme280_settings
                0x1000a84c       0x78 ./expbuild/./Duet3Expansion/src/Heating/Sensors/BME280.o
                0x1000a84c                BME280TemperatureSensor::set_osr_humidity_settings(bme280_settings const*) const
 .text._ZNK23BME280TemperatureSensor27set_osr_press_temp_settingsEhPK15bme280_settings
                0x1000a8c4       0x7c ./expbuild/./Duet3Expansion/src/Heating/Sensors/BME280.o
                0x1000a8c4                BME280TemperatureSensor::set_osr_press_temp_settings(unsigned char, bme280_settings const*) const
 .text._ZNK23BME280TemperatureSensor19put_device_to_sleepEv
                0x1000a940       0xac ./expbuild/./Duet3Expansion/src/Heating/Sensors/BME280.o
                0x1000a940                BME280TemperatureSensor::put_device_to_sleep() const
 .text._ZNK23BME280TemperatureSensor22bme280_set_sensor_modeEh
                0x1000a9ec       0xb0 ./expbuild/./Duet3Expansion/src/Heating/Sensors/BME280.o
                0x1000a9ec                BME280TemperatureSensor::bme280_set_sensor_mode(unsigned char) const
 .text._ZNK23BME280TemperatureSensor26bme280_set_sensor_settingsEh
                0x1000aa9c       0xb8 ./expbuild/./Duet3Expansion/src/Heating/Sensors/BME280.o
                0x1000aa9c                BME280TemperatureSensor::bme280_set_sensor_settings(unsigned char) const
 .text._ZN23BME280TemperatureSensor14get_calib_dataEv
                0x1000ab54       0xc0 ./expbuild/./Duet3Expansion/src/Heating/Sensors/BME280.o
                0x1000ab54                BME280TemperatureSensor::get_calib_data()
 .text._ZN23BME280TemperatureSensor11bme280_initEv
                0x1000ac14       0x98 ./expbuild/./Duet3Expansion/src/Heating/Sensors/BME280.o
                0x1000ac14                BME280TemperatureSensor::bme280_init()
 .text._ZN23BME280TemperatureSensor9ConfigureERK23CanMessageGenericParserRK9StringRef
                0x1000acac       0xbc ./expbuild/./Duet3Expansion/src/Heating/Sensors/BME280.o
                0x1000acac                BME280TemperatureSensor::Configure(CanMessageGenericParser const&, StringRef const&)
 .text._ZN23BME280TemperatureSensorC2Ej
                0x1000ad68       0x28 ./expbuild/./Duet3Expansion/src/Heating/Sensors/BME280.o
                0x1000ad68                BME280TemperatureSensor::BME280TemperatureSensor(unsigned int)
                0x1000ad68                BME280TemperatureSensor::BME280TemperatureSensor(unsigned int)
 .text._ZN20BME280PressureSensorC2Ej
                0x1000ad90       0x1c ./expbuild/./Duet3Expansion/src/Heating/Sensors/BME280.o
                0x1000ad90                BME280PressureSensor::BME280PressureSensor(unsigned int)
                0x1000ad90                BME280PressureSensor::BME280PressureSensor(unsigned int)
 .text._ZN20BME280HumiditySensorC2Ej
                0x1000adac       0x1c ./expbuild/./Duet3Expansion/src/Heating/Sensors/BME280.o
                0x1000adac                BME280HumiditySensor::BME280HumiditySensor(unsigned int)
                0x1000adac                BME280HumiditySensor::BME280HumiditySensor(unsigned int)
 .text._ZN20CpuTemperatureSensor4PollEv
                0x1000adc8       0x1c ./expbuild/./Duet3Expansion/src/Heating/Sensors/CpuTemperatureSensor.o
                0x1000adc8                CpuTemperatureSensor::Poll()
 .text._ZN20CpuTemperatureSensorD2Ev
                0x1000ade4       0x14 ./expbuild/./Duet3Expansion/src/Heating/Sensors/CpuTemperatureSensor.o
                0x1000ade4                CpuTemperatureSensor::~CpuTemperatureSensor()
                0x1000ade4                CpuTemperatureSensor::~CpuTemperatureSensor()
 .text._ZN20CpuTemperatureSensorD0Ev
                0x1000adf8       0x1c ./expbuild/./Duet3Expansion/src/Heating/Sensors/CpuTemperatureSensor.o
                0x1000adf8                CpuTemperatureSensor::~CpuTemperatureSensor()
 .text._ZN20CpuTemperatureSensorC2Ej
                0x1000ae14       0x1c ./expbuild/./Duet3Expansion/src/Heating/Sensors/CpuTemperatureSensor.o
                0x1000ae14                CpuTemperatureSensor::CpuTemperatureSensor(unsigned int)
                0x1000ae14                CpuTemperatureSensor::CpuTemperatureSensor(unsigned int)
 .text._ZN28CurrentLoopTemperatureSensorD2Ev
                0x1000ae30       0x14 ./expbuild/./Duet3Expansion/src/Heating/Sensors/CurrentLoopTemperatureSensor.o
                0x1000ae30                CurrentLoopTemperatureSensor::~CurrentLoopTemperatureSensor()
                0x1000ae30                CurrentLoopTemperatureSensor::~CurrentLoopTemperatureSensor()
 .text._ZN28CurrentLoopTemperatureSensorD0Ev
                0x1000ae44       0x1c ./expbuild/./Duet3Expansion/src/Heating/Sensors/CurrentLoopTemperatureSensor.o
                0x1000ae44                CurrentLoopTemperatureSensor::~CurrentLoopTemperatureSensor()
 .text._ZN28CurrentLoopTemperatureSensor9ConfigureERK23CanMessageGenericParserRK9StringRef
                0x1000ae60      0x224 ./expbuild/./Duet3Expansion/src/Heating/Sensors/CurrentLoopTemperatureSensor.o
                0x1000ae60                CurrentLoopTemperatureSensor::Configure(CanMessageGenericParser const&, StringRef const&)
 .text._ZN28CurrentLoopTemperatureSensor4PollEv
                0x1000b084       0xc0 ./expbuild/./Duet3Expansion/src/Heating/Sensors/CurrentLoopTemperatureSensor.o
                0x1000b084                CurrentLoopTemperatureSensor::Poll()
 .text._ZN28CurrentLoopTemperatureSensorC2Ej
                0x1000b144       0x50 ./expbuild/./Duet3Expansion/src/Heating/Sensors/CurrentLoopTemperatureSensor.o
                0x1000b144                CurrentLoopTemperatureSensor::CurrentLoopTemperatureSensor(unsigned int)
                0x1000b144                CurrentLoopTemperatureSensor::CurrentLoopTemperatureSensor(unsigned int)
 .text._ZN18LinearAnalogSensor4PollEv
                0x1000b194       0x60 ./expbuild/./Duet3Expansion/src/Heating/Sensors/LinearAnalogSensor.o
                0x1000b194                LinearAnalogSensor::Poll()
 .text._ZN18LinearAnalogSensorD2Ev
                0x1000b1f4       0x14 ./expbuild/./Duet3Expansion/src/Heating/Sensors/LinearAnalogSensor.o
                0x1000b1f4                LinearAnalogSensor::~LinearAnalogSensor()
                0x1000b1f4                LinearAnalogSensor::~LinearAnalogSensor()
 .text._ZN18LinearAnalogSensorD0Ev
                0x1000b208       0x1c ./expbuild/./Duet3Expansion/src/Heating/Sensors/LinearAnalogSensor.o
                0x1000b208                LinearAnalogSensor::~LinearAnalogSensor()
 .text._ZN18LinearAnalogSensor9ConfigureERK23CanMessageGenericParserRK9StringRef
                0x1000b224      0x144 ./expbuild/./Duet3Expansion/src/Heating/Sensors/LinearAnalogSensor.o
                0x1000b224                LinearAnalogSensor::Configure(CanMessageGenericParser const&, StringRef const&)
 .text._ZN18LinearAnalogSensorC2Ej
                0x1000b368       0x70 ./expbuild/./Duet3Expansion/src/Heating/Sensors/LinearAnalogSensor.o
                0x1000b368                LinearAnalogSensor::LinearAnalogSensor(unsigned int)
                0x1000b368                LinearAnalogSensor::LinearAnalogSensor(unsigned int)
 .text._ZN12RemoteSensor9ConfigureERK23CanMessageGenericParserRK9StringRef
                0x1000b3d8        0x4 ./expbuild/./Duet3Expansion/src/Heating/Sensors/RemoteSensor.o
                0x1000b3d8                RemoteSensor::Configure(CanMessageGenericParser const&, StringRef const&)
 .text._ZNK12RemoteSensor15GetBoardAddressEv
                0x1000b3dc        0x4 ./expbuild/./Duet3Expansion/src/Heating/Sensors/RemoteSensor.o
                0x1000b3dc                RemoteSensor::GetBoardAddress() const
 .text._ZN12RemoteSensor23UpdateRemoteTemperatureEhRK15CanSensorReport
                0x1000b3e0       0x30 ./expbuild/./Duet3Expansion/src/Heating/Sensors/RemoteSensor.o
                0x1000b3e0                RemoteSensor::UpdateRemoteTemperature(unsigned char, CanSensorReport const&)
 .text._ZN12RemoteSensorC2Ejh
                0x1000b410       0x20 ./expbuild/./Duet3Expansion/src/Heating/Sensors/RemoteSensor.o
                0x1000b410                RemoteSensor::RemoteSensor(unsigned int, unsigned char)
                0x1000b410                RemoteSensor::RemoteSensor(unsigned int, unsigned char)
 .text._ZN14RtdSensor31865D2Ev
                0x1000b430       0x14 ./expbuild/./Duet3Expansion/src/Heating/Sensors/RtdSensor31865.o
                0x1000b430                RtdSensor31865::~RtdSensor31865()
                0x1000b430                RtdSensor31865::~RtdSensor31865()
 .text._ZN14RtdSensor31865D0Ev
                0x1000b444       0x1c ./expbuild/./Duet3Expansion/src/Heating/Sensors/RtdSensor31865.o
                0x1000b444                RtdSensor31865::~RtdSensor31865()
 .text._ZN14RtdSensor31865C2Ej
                0x1000b460       0x38 ./expbuild/./Duet3Expansion/src/Heating/Sensors/RtdSensor31865.o
                0x1000b460                RtdSensor31865::RtdSensor31865(unsigned int)
                0x1000b460                RtdSensor31865::RtdSensor31865(unsigned int)
 .text._ZNK14RtdSensor3186510TryInitRtdEv
                0x1000b498       0x70 ./expbuild/./Duet3Expansion/src/Heating/Sensors/RtdSensor31865.o
                0x1000b498                RtdSensor31865::TryInitRtd() const
 .text._ZN14RtdSensor318659ConfigureERK23CanMessageGenericParserRK9StringRef
                0x1000b508      0x198 ./expbuild/./Duet3Expansion/src/Heating/Sensors/RtdSensor31865.o
                0x1000b508                RtdSensor31865::Configure(CanMessageGenericParser const&, StringRef const&)
 .text._ZN14RtdSensor318654PollEv
                0x1000b6a0       0xd4 ./expbuild/./Duet3Expansion/src/Heating/Sensors/RtdSensor31865.o
                0x1000b6a0                RtdSensor31865::Poll()
 .text._ZN14SensorWithPortC2EjPKc
                0x1000b774       0x1c ./expbuild/./Duet3Expansion/src/Heating/Sensors/SensorWithPort.o
                0x1000b774                SensorWithPort::SensorWithPort(unsigned int, char const*)
                0x1000b774                SensorWithPort::SensorWithPort(unsigned int, char const*)
 .text._ZN14SensorWithPortD2Ev
                0x1000b790       0x28 ./expbuild/./Duet3Expansion/src/Heating/Sensors/SensorWithPort.o
                0x1000b790                SensorWithPort::~SensorWithPort()
                0x1000b790                SensorWithPort::~SensorWithPort()
 .text._ZN14SensorWithPort13ConfigurePortERK23CanMessageGenericParserRK9StringRef9PinAccessRb
                0x1000b7b8       0x5c ./expbuild/./Duet3Expansion/src/Heating/Sensors/SensorWithPort.o
                0x1000b7b8                SensorWithPort::ConfigurePort(CanMessageGenericParser const&, StringRef const&, PinAccess, bool&)
 .text._ZNK14SensorWithPort16CopyBasicDetailsERK9StringRef
                0x1000b814       0x64 ./expbuild/./Duet3Expansion/src/Heating/Sensors/SensorWithPort.o
                0x1000b814                SensorWithPort::CopyBasicDetails(StringRef const&) const
 .text._ZN20SpiTemperatureSensorC2EjPKc7SpiModem
                0x1000b878       0x38 ./expbuild/./Duet3Expansion/src/Heating/Sensors/SpiTemperatureSensor.o
                0x1000b878                SpiTemperatureSensor::SpiTemperatureSensor(unsigned int, char const*, SpiMode, unsigned long)
                0x1000b878                SpiTemperatureSensor::SpiTemperatureSensor(unsigned int, char const*, SpiMode, unsigned long)
 .text._ZN20SpiTemperatureSensor13ConfigurePortERK23CanMessageGenericParserRK9StringRefRb
                0x1000b8b0       0x24 ./expbuild/./Duet3Expansion/src/Heating/Sensors/SpiTemperatureSensor.o
                0x1000b8b0                SpiTemperatureSensor::ConfigurePort(CanMessageGenericParser const&, StringRef const&, bool&)
 .text._ZN20SpiTemperatureSensor7InitSpiEv
                0x1000b8d4        0x4 ./expbuild/./Duet3Expansion/src/Heating/Sensors/SpiTemperatureSensor.o
                0x1000b8d4                SpiTemperatureSensor::InitSpi()
 .text._ZNK20SpiTemperatureSensor16DoSpiTransactionEPKhjRm
                0x1000b8d8       0xe0 ./expbuild/./Duet3Expansion/src/Heating/Sensors/SpiTemperatureSensor.o
                0x1000b8d8                SpiTemperatureSensor::DoSpiTransaction(unsigned char const*, unsigned int, unsigned long&) const
 .text._ZNK20SpiTemperatureSensor16DoSpiTransactionEPKhPhj
                0x1000b9b8       0x7c ./expbuild/./Duet3Expansion/src/Heating/Sensors/SpiTemperatureSensor.o
                0x1000b9b8                SpiTemperatureSensor::DoSpiTransaction(unsigned char const*, unsigned char*, unsigned int) const
 .text._ZN17TemperatureSensor23UpdateRemoteTemperatureEhRK15CanSensorReport
                0x1000ba34        0x4 ./expbuild/./Duet3Expansion/src/Heating/Sensors/TemperatureSensor.o
                0x1000ba34                TemperatureSensor::UpdateRemoteTemperature(unsigned char, CanSensorReport const&)
 .text._ZN17TemperatureSensor20GetLatestTemperatureERfh
                0x1000ba38       0x40 ./expbuild/./Duet3Expansion/src/Heating/Sensors/TemperatureSensor.o
                0x1000ba38                TemperatureSensor::GetLatestTemperature(float&, unsigned char)
 .text._ZNK17TemperatureSensor15GetBoardAddressEv
                0x1000ba78        0x8 ./expbuild/./Duet3Expansion/src/Heating/Sensors/TemperatureSensor.o
                0x1000ba78                TemperatureSensor::GetBoardAddress() const
 .text._ZN17TemperatureSensor9ConfigureERK23CanMessageGenericParserRK9StringRef
                0x1000ba80       0x60 ./expbuild/./Duet3Expansion/src/Heating/Sensors/TemperatureSensor.o
                0x1000ba80                TemperatureSensor::Configure(CanMessageGenericParser const&, StringRef const&)
 .text._ZN17TemperatureSensorC2EjPKc
                0x1000bae0       0x18 ./expbuild/./Duet3Expansion/src/Heating/Sensors/TemperatureSensor.o
                0x1000bae0                TemperatureSensor::TemperatureSensor(unsigned int, char const*)
                0x1000bae0                TemperatureSensor::TemperatureSensor(unsigned int, char const*)
 .text._ZN17TemperatureSensorD2Ev
                0x1000baf8        0x4 ./expbuild/./Duet3Expansion/src/Heating/Sensors/TemperatureSensor.o
                0x1000baf8                TemperatureSensor::~TemperatureSensor()
                0x1000baf8                TemperatureSensor::~TemperatureSensor()
 .text._ZNK17TemperatureSensor16CopyBasicDetailsERK9StringRef
                0x1000bafc       0x50 ./expbuild/./Duet3Expansion/src/Heating/Sensors/TemperatureSensor.o
                0x1000bafc                TemperatureSensor::CopyBasicDetails(StringRef const&) const
 .text._ZN17TemperatureSensor9SetResultEf16TemperatureError
                0x1000bb4c       0x1c ./expbuild/./Duet3Expansion/src/Heating/Sensors/TemperatureSensor.o
                0x1000bb4c                TemperatureSensor::SetResult(float, TemperatureError)
 .text._ZN17TemperatureSensor9SetResultE16TemperatureError
                0x1000bb68       0x1c ./expbuild/./Duet3Expansion/src/Heating/Sensors/TemperatureSensor.o
                0x1000bb68                TemperatureSensor::SetResult(TemperatureError)
 .text._ZN17TemperatureSensor6CreateEjPKcRK9StringRef
                0x1000bb84      0x1a0 ./expbuild/./Duet3Expansion/src/Heating/Sensors/TemperatureSensor.o
                0x1000bb84                TemperatureSensor::Create(unsigned int, char const*, StringRef const&)
 .text._ZN17TemperatureSensor19GetPT100TemperatureERft
                0x1000bd24       0xb0 ./expbuild/./Duet3Expansion/src/Heating/Sensors/TemperatureSensor.o
                0x1000bd24                TemperatureSensor::GetPT100Temperature(float&, unsigned short)
 .text._ZN10ThermistorD2Ev
                0x1000bdd4       0x14 ./expbuild/./Duet3Expansion/src/Heating/Sensors/Thermistor.o
                0x1000bdd4                Thermistor::~Thermistor()
                0x1000bdd4                Thermistor::~Thermistor()
 .text._ZN10ThermistorD0Ev
                0x1000bde8       0x1c ./expbuild/./Duet3Expansion/src/Heating/Sensors/Thermistor.o
                0x1000bde8                Thermistor::~Thermistor()
 .text._ZN10Thermistor4PollEv
                0x1000be04      0x1a8 ./expbuild/./Duet3Expansion/src/Heating/Sensors/Thermistor.o
                0x1000be04                Thermistor::Poll()
 .text._ZN10Thermistor9ConfigureERK23CanMessageGenericParserRK9StringRef
                0x1000bfac      0x258 ./expbuild/./Duet3Expansion/src/Heating/Sensors/Thermistor.o
                0x1000bfac                Thermistor::Configure(CanMessageGenericParser const&, StringRef const&)
 .text._ZN10ThermistorC2Ejb
                0x1000c204       0x6c ./expbuild/./Duet3Expansion/src/Heating/Sensors/Thermistor.o
                0x1000c204                Thermistor::Thermistor(unsigned int, bool)
                0x1000c204                Thermistor::Thermistor(unsigned int, bool)
 .text._ZN23ThermocoupleSensor318559ConfigureERK23CanMessageGenericParserRK9StringRef
                0x1000c270       0x40 ./expbuild/./Duet3Expansion/src/Heating/Sensors/ThermocoupleSensor31855.o
                0x1000c270                ThermocoupleSensor31855::Configure(CanMessageGenericParser const&, StringRef const&)
 .text._ZN23ThermocoupleSensor318554PollEv
                0x1000c2b0       0xb4 ./expbuild/./Duet3Expansion/src/Heating/Sensors/ThermocoupleSensor31855.o
                0x1000c2b0                ThermocoupleSensor31855::Poll()
 .text._ZN23ThermocoupleSensor31855D2Ev
                0x1000c364       0x14 ./expbuild/./Duet3Expansion/src/Heating/Sensors/ThermocoupleSensor31855.o
                0x1000c364                ThermocoupleSensor31855::~ThermocoupleSensor31855()
                0x1000c364                ThermocoupleSensor31855::~ThermocoupleSensor31855()
 .text._ZN23ThermocoupleSensor31855D0Ev
                0x1000c378       0x1c ./expbuild/./Duet3Expansion/src/Heating/Sensors/ThermocoupleSensor31855.o
                0x1000c378                ThermocoupleSensor31855::~ThermocoupleSensor31855()
 .text._ZN23ThermocoupleSensor31855C2Ej
                0x1000c394       0x28 ./expbuild/./Duet3Expansion/src/Heating/Sensors/ThermocoupleSensor31855.o
                0x1000c394                ThermocoupleSensor31855::ThermocoupleSensor31855(unsigned int)
                0x1000c394                ThermocoupleSensor31855::ThermocoupleSensor31855(unsigned int)
 .text._ZN23ThermocoupleSensor31856D2Ev
                0x1000c3bc       0x14 ./expbuild/./Duet3Expansion/src/Heating/Sensors/ThermocoupleSensor31856.o
                0x1000c3bc                ThermocoupleSensor31856::~ThermocoupleSensor31856()
                0x1000c3bc                ThermocoupleSensor31856::~ThermocoupleSensor31856()
 .text._ZN23ThermocoupleSensor31856D0Ev
                0x1000c3d0       0x1c ./expbuild/./Duet3Expansion/src/Heating/Sensors/ThermocoupleSensor31856.o
                0x1000c3d0                ThermocoupleSensor31856::~ThermocoupleSensor31856()
 .text._ZN23ThermocoupleSensor31856C2Ej
                0x1000c3ec       0x30 ./expbuild/./Duet3Expansion/src/Heating/Sensors/ThermocoupleSensor31856.o
                0x1000c3ec                ThermocoupleSensor31856::ThermocoupleSensor31856(unsigned int)
                0x1000c3ec                ThermocoupleSensor31856::ThermocoupleSensor31856(unsigned int)
 .text._ZNK23ThermocoupleSensor3185619TryInitThermocoupleEv
                0x1000c41c       0x7c ./expbuild/./Duet3Expansion/src/Heating/Sensors/ThermocoupleSensor31856.o
                0x1000c41c                ThermocoupleSensor31856::TryInitThermocouple() const
 .text._ZN23ThermocoupleSensor318569ConfigureERK23CanMessageGenericParserRK9StringRef
                0x1000c498      0x14c ./expbuild/./Duet3Expansion/src/Heating/Sensors/ThermocoupleSensor31856.o
                0x1000c498                ThermocoupleSensor31856::Configure(CanMessageGenericParser const&, StringRef const&)
 .text._ZN23ThermocoupleSensor318564PollEv
                0x1000c5e4       0x94 ./expbuild/./Duet3Expansion/src/Heating/Sensors/ThermocoupleSensor31856.o
                0x1000c5e4                ThermocoupleSensor31856::Poll()
 .text._ZN26TmcDriverTemperatureSensor4PollEv
                0x1000c678       0x1c ./expbuild/./Duet3Expansion/src/Heating/Sensors/TmcDriverTemperatureSensor.o
                0x1000c678                TmcDriverTemperatureSensor::Poll()