Archive member included to satisfy reference by file (symbol)

./iapbuild/\libSTMCore.a(system_stm32yyxx.o)
                              ./iapbuild/./IAP/src/main.o (SystemCoreClock)
./iapbuild/\libSTMCore.a(stm32h7xx_hal_cortex.o)
                              ./iapbuild/./IAP/src/main.o (HAL_NVIC_DisableIRQ)
./iapbuild/\libSTMCore.a(stm32h7xx_hal_flash.o)
                              ./iapbuild/./IAP/src/main.o (HAL_FLASH_Unlock)
./iapbuild/\libSTMCore.a(stm32h7xx_hal_flash_ex.o)
                              ./iapbuild/\libSTMCore.a(stm32h7xx_hal_flash.o) (FLASH_Erase_Sector)
./iapbuild/\libSTMCore.a(Cache.o)
                              ./iapbuild/./IAP/src/main.o (Cache::Init())
./iapbuild/\libSTMCore.a(CoreIO.o)
                              ./iapbuild/./RepRapFirmware/src/Hardware/STM32/Libraries/Fatfs/SDCardSPI.o (millis)
./iapbuild/\libSTMCore.a(Startup.o)
                              c:/program files (x86)/arm gnu toolchain arm-none-eabi/12.2 mpacbti-rel1/bin/../lib/gcc/arm-none-eabi/12.2.1/thumb/v7e-m+fp/hard/crt0.o (main)
./iapbuild/\libSTMCore.a(variant.o)
                              ./iapbuild/\libSTMCore.a(Startup.o) (SystemClock_Config)
./iapbuild/\libSTMCore.a(HardwareSDIO.o)
                              ./iapbuild/./RepRapFirmware/src/Hardware/STM32/Libraries/Fatfs/SDCardSDIO.o (HardwareSDIO::SDIO1)
./iapbuild/\libSTMCore.a(startup_stm32yyxx.o)
                              (Reset_Handler)
./iapbuild/\libSTMCore.a(PortNames.o)
                              ./iapbuild/\libSTMCore.a(CoreIO.o) (GPIOPort)
./iapbuild/\libSTMCore.a(dwt.o)
                              ./iapbuild/\libSTMCore.a(Startup.o) (dwt_init)
./iapbuild/\libSTMCore.a(pinmap.o)
                              ./iapbuild/\libSTMCore.a(CoreIO.o) (pin_function)
./iapbuild/\libSTMCore.a(stm32_def.o)
                              ./iapbuild/\libSTMCore.a(variant.o) (_Error_Handler)
./iapbuild/\libSTMCore.a(stm32h7xx_hal.o)
                              ./iapbuild/\libSTMCore.a(Startup.o) (HAL_Init)
./iapbuild/\libSTMCore.a(stm32h7xx_hal_iwdg.o)
                              ./iapbuild/\libSTMCore.a(CoreIO.o) (HAL_IWDG_Init)
./iapbuild/\libSTMCore.a(stm32h7xx_hal_pwr_ex.o)
                              ./iapbuild/\libSTMCore.a(variant.o) (HAL_PWREx_ConfigSupply)
./iapbuild/\libSTMCore.a(stm32h7xx_hal_rcc.o)
                              ./iapbuild/\libSTMCore.a(variant.o) (HAL_RCC_OscConfig)
./iapbuild/\libSTMCore.a(stm32h7xx_hal_rcc_ex.o)
                              ./iapbuild/\libSTMCore.a(variant.o) (HAL_RCCEx_PeriphCLKConfig)
./iapbuild/\libSTMCore.a(stm32h7xx_hal_sd.o)
                              ./iapbuild/\libSTMCore.a(HardwareSDIO.o) (HAL_SD_DeInit)
./iapbuild/\libSTMCore.a(stm32h7xx_ll_sdmmc.o)
                              ./iapbuild/\libSTMCore.a(stm32h7xx_hal_sd.o) (SDMMC_Init)
./iapbuild/\libSTMCore.a(PeripheralPins.o)
                              ./iapbuild/\libSTMCore.a(HardwareSDIO.o) (PinMap_SD)
./iapbuild/\libSTMCore.a(stm32h7xx_hal_gpio.o)
                              ./iapbuild/\libSTMCore.a(stm32h7xx_hal_rcc.o) (HAL_GPIO_Init)
./iapbuild/\libSTMCore.a(stm32h7xx_hal_pwr.o)
                              ./iapbuild/\libSTMCore.a(stm32h7xx_hal_pwr_ex.o) (HAL_PWR_PVDCallback)
./iapbuild/\libRRFLibraries.a(SafeStrtod.o)
                              ./iapbuild/./RepRapFirmware/src/libc/atoi.o (StrToI32(char const*, char const**))
./iapbuild/\libRRFLibraries.a(NumericConverter.o)
                              ./iapbuild/\libRRFLibraries.a(SafeStrtod.o) (NumericConverter::FitsInInt32() const)
c:/program files (x86)/arm gnu toolchain arm-none-eabi/12.2 mpacbti-rel1/bin/../lib/gcc/arm-none-eabi/12.2.1/thumb/v7e-m+fp/hard\libc.a(libc_a-rand_r.o)
                              ./iapbuild/\libSTMCore.a(CoreIO.o) (rand_r)
c:/program files (x86)/arm gnu toolchain arm-none-eabi/12.2 mpacbti-rel1/bin/../lib/gcc/arm-none-eabi/12.2.1/thumb/v7e-m+fp/hard\libc.a(libc_a-isspace.o)
                              ./iapbuild/./RepRapFirmware/src/libc/strptime.o (isspace)
c:/program files (x86)/arm gnu toolchain arm-none-eabi/12.2 mpacbti-rel1/bin/../lib/gcc/arm-none-eabi/12.2.1/thumb/v7e-m+fp/hard\libc.a(libc_a-isxdigit.o)
                              ./iapbuild/\libRRFLibraries.a(NumericConverter.o) (isxdigit)
c:/program files (x86)/arm gnu toolchain arm-none-eabi/12.2 mpacbti-rel1/bin/../lib/gcc/arm-none-eabi/12.2.1/thumb/v7e-m+fp/hard\libc.a(libc_a-toupper.o)
                              ./iapbuild/\libRRFLibraries.a(NumericConverter.o) (toupper)
c:/program files (x86)/arm gnu toolchain arm-none-eabi/12.2 mpacbti-rel1/bin/../lib/gcc/arm-none-eabi/12.2.1/thumb/v7e-m+fp/hard\libc.a(libc_a-strchr.o)
                              ./iapbuild/./RepRapFirmware/src/Libraries/Fatfs/ff.o (strchr)
c:/program files (x86)/arm gnu toolchain arm-none-eabi/12.2 mpacbti-rel1/bin/../lib/gcc/arm-none-eabi/12.2.1/thumb/v7e-m+fp/hard\libc.a(libc_a-init.o)
[...]
Memory Configuration

Name             Origin             Length             Attributes
DTCMRAM          0x20000000         0x00020000         xrw
ITCMRAM          0x00000000         0x00010000         xrw
RAM_D1           0x24000000         0x00070000         xrw
RAM_D1NC         0x24070000         0x00010000         xrw
RAM_D2           0x30000000         0x00048000         xrw
RAM_D3           0x38000000         0x00010000         xrw
FLASH            0x08000000         0x00020000         xr
*default*        0x00000000         0xffffffff

Linker script and memory map

LOAD c:/program files (x86)/arm gnu toolchain arm-none-eabi/12.2 mpacbti-rel1/bin/../lib/gcc/arm-none-eabi/12.2.1/thumb/v7e-m+fp/hard/crti.o
LOAD c:/program files (x86)/arm gnu toolchain arm-none-eabi/12.2 mpacbti-rel1/bin/../lib/gcc/arm-none-eabi/12.2.1/thumb/v7e-m+fp/hard/crtbegin.o
LOAD c:/program files (x86)/arm gnu toolchain arm-none-eabi/12.2 mpacbti-rel1/bin/../lib/gcc/arm-none-eabi/12.2.1/thumb/v7e-m+fp/hard/crt0.o
                0x00200000                        LD_MAX_SIZE = 0x200000
                0x00080000                        LD_MAX_DATA_SIZE = 0x80000
                0x00000000                        LD_FLASH_OFFSET = 0x0
START GROUP
LOAD ./iapbuild/./RepRapFirmware/src/libc/errno.o
LOAD ./iapbuild/./RepRapFirmware/src/libc/memcmp.o
LOAD ./iapbuild/./RepRapFirmware/src/libc/memcpy.o
LOAD ./iapbuild/./RepRapFirmware/src/libc/memmove.o
LOAD ./iapbuild/./RepRapFirmware/src/libc/memset.o
LOAD ./iapbuild/./RepRapFirmware/src/libc/nano-mallocr.o
LOAD ./iapbuild/./RepRapFirmware/src/Libraries/Fatfs/ff.o
LOAD ./iapbuild/./RepRapFirmware/src/Libraries/Fatfs/ffunicode.o
LOAD ./iapbuild/./RepRapFirmware/src/libc/atoi.o
LOAD ./iapbuild/./RepRapFirmware/src/libc/strptime.o
LOAD ./iapbuild/./RepRapFirmware/src/Hardware/STM32/Libraries/Fatfs/SDCardSDIO.o
LOAD ./iapbuild/./RepRapFirmware/src/Hardware/STM32/Libraries/Fatfs/SDCardSPI.o
LOAD ./iapbuild/./RepRapFirmware/src/Hardware/STM32/Libraries/Fatfs/sd_mmc_wrapper.o
LOAD ./iapbuild/./RepRapFirmware/src/libcpp/eh_alloc.o
LOAD ./iapbuild/./RepRapFirmware/src/libcpp/vterminate.o
LOAD ./iapbuild/./IAP/src/main.o
LOAD ./iapbuild/./IAP/src/new.o
LOAD ./iapbuild/./IAP/src/FatFS/diskio.o
LOAD ./iapbuild/./IAP/src/FatFS/fattime_rtc.o
LOAD ./iapbuild/\libSTMCore.a
LOAD ./iapbuild/\libRRFLibraries.a
LOAD ./CoreN2G/src/STM32/system/CMSIS/CMSIS/DSP/Lib/GCC\libarm_cortexM7l_math.a
LOAD c:/program files (x86)/arm gnu toolchain arm-none-eabi/12.2 mpacbti-rel1/bin/../lib/gcc/arm-none-eabi/12.2.1/thumb/v7e-m+fp/hard\libc.a
LOAD c:/program files (x86)/arm gnu toolchain arm-none-eabi/12.2 mpacbti-rel1/bin/../lib/gcc/arm-none-eabi/12.2.1/thumb/v7e-m+fp/hard\libm.a
LOAD c:/program files (x86)/arm gnu toolchain arm-none-eabi/12.2 mpacbti-rel1/bin/../lib/gcc/arm-none-eabi/12.2.1/thumb/v7e-m+fp/hard\libgcc.a
LOAD c:/program files (x86)/arm gnu toolchain arm-none-eabi/12.2 mpacbti-rel1/bin/../lib/gcc/arm-none-eabi/12.2.1/thumb/v7e-m+fp/hard\libstdc++.a
END GROUP
START GROUP
LOAD c:/program files (x86)/arm gnu toolchain arm-none-eabi/12.2 mpacbti-rel1/bin/../lib/gcc/arm-none-eabi/12.2.1/thumb/v7e-m+fp/hard\libgcc.a
LOAD c:/program files (x86)/arm gnu toolchain arm-none-eabi/12.2 mpacbti-rel1/bin/../lib/gcc/arm-none-eabi/12.2.1/thumb/v7e-m+fp/hard\libc.a
END GROUP
START GROUP
LOAD c:/program files (x86)/arm gnu toolchain arm-none-eabi/12.2 mpacbti-rel1/bin/../lib/gcc/arm-none-eabi/12.2.1/thumb/v7e-m+fp/hard\libgcc.a
LOAD c:/program files (x86)/arm gnu toolchain arm-none-eabi/12.2 mpacbti-rel1/bin/../lib/gcc/arm-none-eabi/12.2.1/thumb/v7e-m+fp/hard\libc.a
LOAD c:/program files (x86)/arm gnu toolchain arm-none-eabi/12.2 mpacbti-rel1/bin/../lib/gcc/arm-none-eabi/12.2.1/thumb/v7e-m+fp/hard\libnosys.a
END GROUP
LOAD c:/program files (x86)/arm gnu toolchain arm-none-eabi/12.2 mpacbti-rel1/bin/../lib/gcc/arm-none-eabi/12.2.1/thumb/v7e-m+fp/hard/crtend.o
LOAD c:/program files (x86)/arm gnu toolchain arm-none-eabi/12.2 mpacbti-rel1/bin/../lib/gcc/arm-none-eabi/12.2.1/thumb/v7e-m+fp/hard/crtn.o
                0x00000200                        _Min_Heap_Size = 0x200
                0x00000400                        _Min_Stack_Size = 0x400

.isr_vector     0x08000000      0x298
                0x08000000                        . = ALIGN (0x4)
 *(.isr_vector)
 .isr_vector    0x08000000      0x298 ./iapbuild/\libSTMCore.a(startup_stm32yyxx.o)
                0x08000000                g_pfnVectors
                0x08000298                        . = ALIGN (0x4)

.text           0x08000298     0x6fec
                0x08000298                        . = ALIGN (0x4)
                0x08000298                        __etext_start = .
 *(.text)
 *(.text*)
 .text.deregister_tm_clones
                0x08000298       0x1c c:/program files (x86)/arm gnu toolchain arm-none-eabi/12.2 mpacbti-rel1/bin/../lib/gcc/arm-none-eabi/12.2.1/thumb/v7e-m+fp/hard/crtbegin.o
 .text.register_tm_clones
                0x080002b4       0x24 c:/program files (x86)/arm gnu toolchain arm-none-eabi/12.2 mpacbti-rel1/bin/../lib/gcc/arm-none-eabi/12.2.1/thumb/v7e-m+fp/hard/crtbegin.o
 .text.__do_global_dtors_aux
                0x080002d8       0x28 c:/program files (x86)/arm gnu toolchain arm-none-eabi/12.2 mpacbti-rel1/bin/../lib/gcc/arm-none-eabi/12.2.1/thumb/v7e-m+fp/hard/crtbegin.o
 .text.frame_dummy
                0x08000300       0x24 c:/program files (x86)/arm gnu toolchain arm-none-eabi/12.2 mpacbti-rel1/bin/../lib/gcc/arm-none-eabi/12.2.1/thumb/v7e-m+fp/hard/crtbegin.o
 .text.memcmp   0x08000324       0x20 ./iapbuild/./RepRapFirmware/src/libc/memcmp.o
                0x08000324                memcmp
 .text.memcpy   0x08000344       0x1a ./iapbuild/./RepRapFirmware/src/libc/memcpy.o
                0x08000344                memcpy
 .text.memset   0x0800035e       0x10 ./iapbuild/./RepRapFirmware/src/libc/memset.o
                0x0800035e                memset
 *fill*         0x0800036e        0x2 
 .text.sbrk_aligned
                0x08000370       0x3c ./iapbuild/./RepRapFirmware/src/libc/nano-mallocr.o
 .text.malloc   0x080003ac       0xdc ./iapbuild/./RepRapFirmware/src/libc/nano-mallocr.o
                0x080003ac                malloc
 .text.free     0x08000488       0x98 ./iapbuild/./RepRapFirmware/src/libc/nano-mallocr.o
                0x08000488                free
 .text.ld_dword
                0x08000520       0x16 ./iapbuild/./RepRapFirmware/src/Libraries/Fatfs/ff.o
 .text.st_dword
                0x08000536       0x10 ./iapbuild/./RepRapFirmware/src/Libraries/Fatfs/ff.o
 .text.clst2sect
                0x08000546       0x16 ./iapbuild/./RepRapFirmware/src/Libraries/Fatfs/ff.o
 .text.sum_sfn  0x0800055c       0x1e ./iapbuild/./RepRapFirmware/src/Libraries/Fatfs/ff.o
 .text.get_ldnumber
                0x0800057a       0x3a ./iapbuild/./RepRapFirmware/src/Libraries/Fatfs/ff.o
 .text.validate
                0x080005b4       0x34 ./iapbuild/./RepRapFirmware/src/Libraries/Fatfs/ff.o
 .text.sync_window
                0x080005e8       0x3e ./iapbuild/./RepRapFirmware/src/Libraries/Fatfs/ff.o
 .text.st_clust
                0x08000626       0x18 ./iapbuild/./RepRapFirmware/src/Libraries/Fatfs/ff.o
 .text.move_window
                0x0800063e       0x30 ./iapbuild/./RepRapFirmware/src/Libraries/Fatfs/ff.o
 *fill*         0x0800066e        0x2 
 .text.check_fs
                0x08000670       0xdc ./iapbuild/./RepRapFirmware/src/Libraries/Fatfs/ff.o
 .text.put_fat  0x0800074c       0xea ./iapbuild/./RepRapFirmware/src/Libraries/Fatfs/ff.o
 .text.dir_clear
                0x08000836       0x50 ./iapbuild/./RepRapFirmware/src/Libraries/Fatfs/ff.o
 .text.sync_fs  0x08000886       0x94 ./iapbuild/./RepRapFirmware/src/Libraries/Fatfs/ff.o
 *fill*         0x0800091a        0x2 
 .text.mount_volume
                0x0800091c      0x26c ./iapbuild/./RepRapFirmware/src/Libraries/Fatfs/ff.o
 .text.ld_clust.isra.0
                0x08000b88       0x1c ./iapbuild/./RepRapFirmware/src/Libraries/Fatfs/ff.o
 .text.get_fat.isra.0
                0x08000ba4       0xae ./iapbuild/./RepRapFirmware/src/Libraries/Fatfs/ff.o
 .text.remove_chain
                0x08000c52       0x6e ./iapbuild/./RepRapFirmware/src/Libraries/Fatfs/ff.o
 .text.create_chain
                0x08000cc0       0xe8 ./iapbuild/./RepRapFirmware/src/Libraries/Fatfs/ff.o
 .text.dir_next
                0x08000da8       0xaa ./iapbuild/./RepRapFirmware/src/Libraries/Fatfs/ff.o
 *fill*         0x08000e52        0x2 
 .text.dir_read.constprop.0
                0x08000e54      0x110 ./iapbuild/./RepRapFirmware/src/Libraries/Fatfs/ff.o
 .text.dir_sdi  0x08000f64       0x80 ./iapbuild/./RepRapFirmware/src/Libraries/Fatfs/ff.o
 .text.dir_remove
                0x08000fe4       0x4e ./iapbuild/./RepRapFirmware/src/Libraries/Fatfs/ff.o
 *fill*         0x08001032        0x2 
 .text.dir_find
                0x08001034      0x158 ./iapbuild/./RepRapFirmware/src/Libraries/Fatfs/ff.o
 .text.follow_path
                0x0800118c      0x364 ./iapbuild/./RepRapFirmware/src/Libraries/Fatfs/ff.o
 .text.dir_register
                0x080014f0      0x2a8 ./iapbuild/./RepRapFirmware/src/Libraries/Fatfs/ff.o
 .text.f_mount  0x08001798       0x50 ./iapbuild/./RepRapFirmware/src/Libraries/Fatfs/ff.o
                0x08001798                f_mount
 .text.f_open   0x080017e8      0x1b2 ./iapbuild/./RepRapFirmware/src/Libraries/Fatfs/ff.o
                0x080017e8                f_open
 *fill*         0x0800199a        0x2 
 .text.f_read   0x0800199c      0x148 ./iapbuild/./RepRapFirmware/src/Libraries/Fatfs/ff.o
                0x0800199c                f_read
 .text.f_sync   0x08001ae4       0x74 ./iapbuild/./RepRapFirmware/src/Libraries/Fatfs/ff.o
                0x08001ae4                f_sync
 .text.f_close  0x08001b58       0x1a ./iapbuild/./RepRapFirmware/src/Libraries/Fatfs/ff.o
                0x08001b58                f_close
 .text.f_unlink
                0x08001b72       0xa2 ./iapbuild/./RepRapFirmware/src/Libraries/Fatfs/ff.o
                0x08001b72                f_unlink
 .text.f_rename
                0x08001c14      0x100 ./iapbuild/./RepRapFirmware/src/Libraries/Fatfs/ff.o
                0x08001c14                f_rename
 .text.ff_uni2oem
                0x08001d14       0x3c ./iapbuild/./RepRapFirmware/src/Libraries/Fatfs/ffunicode.o
                0x08001d14                ff_uni2oem
 .text.ff_wtoupper
                0x08001d50       0x90 ./iapbuild/./RepRapFirmware/src/Libraries/Fatfs/ffunicode.o
                0x08001d50                ff_wtoupper
 .text._ZN10SDCardSDIOD2Ev
                0x08001de0        0x2 ./iapbuild/./RepRapFirmware/src/Hardware/STM32/Libraries/Fatfs/SDCardSDIO.o
                0x08001de0                SDCardSDIO::~SDCardSDIO()
                0x08001de0                SDCardSDIO::~SDCardSDIO()
 .text._ZN10SDCardSDIO17set_max_frequencyEm
                0x08001de2        0x2 ./iapbuild/./RepRapFirmware/src/Hardware/STM32/Libraries/Fatfs/SDCardSDIO.o
                0x08001de2                SDCardSDIO::set_max_frequency(unsigned long)
 .text._ZN10SDCardSDIO7unmountEv
                0x08001de4       0x14 ./iapbuild/./RepRapFirmware/src/Hardware/STM32/Libraries/Fatfs/SDCardSDIO.o
                0x08001de4                SDCardSDIO::unmount()
 .text._ZN10SDCardSDIO11disk_statusEv
                0x08001df8        0x4 ./iapbuild/./RepRapFirmware/src/Hardware/STM32/Libraries/Fatfs/SDCardSDIO.o
                0x08001df8                SDCardSDIO::disk_status()
 .text._ZN10SDCardSDIO15disk_initializeEv
                0x08001dfc       0x54 ./iapbuild/./RepRapFirmware/src/Hardware/STM32/Libraries/Fatfs/SDCardSDIO.o
                0x08001dfc                SDCardSDIO::disk_initialize()
 .text._ZN10SDCardSDIO10disk_ioctlEhPv
                0x08001e50       0x50 ./iapbuild/./RepRapFirmware/src/Hardware/STM32/Libraries/Fatfs/SDCardSDIO.o
                0x08001e50                SDCardSDIO::disk_ioctl(unsigned char, void*)
 .text._ZN10SDCardSDIOD0Ev
                0x08001ea0        0xe ./iapbuild/./RepRapFirmware/src/Hardware/STM32/Libraries/Fatfs/SDCardSDIO.o
                0x08001ea0                SDCardSDIO::~SDCardSDIO()
 *fill*         0x08001eae        0x2 
 .text._ZN10SDCardSDIO10disk_writeEPKhmm
                0x08001eb0       0x44 ./iapbuild/./RepRapFirmware/src/Hardware/STM32/Libraries/Fatfs/SDCardSDIO.o
                0x08001eb0                SDCardSDIO::disk_write(unsigned char const*, unsigned long, unsigned long)
 .text._ZN10SDCardSDIO9disk_readEPhmm
                0x08001ef4       0x38 ./iapbuild/./RepRapFirmware/src/Hardware/STM32/Libraries/Fatfs/SDCardSDIO.o
                0x08001ef4                SDCardSDIO::disk_read(unsigned char*, unsigned long, unsigned long)
 .text._ZN10SDCardSDIOC2Ev
                0x08001f2c       0x2c ./iapbuild/./RepRapFirmware/src/Hardware/STM32/Libraries/Fatfs/SDCardSDIO.o
                0x08001f2c                SDCardSDIO::SDCardSDIO()
                0x08001f2c                SDCardSDIO::SDCardSDIO()
 .text._Z20sd_mmc_setSSPChannelh10SSPChannel7PinName
                0x08001f58       0x40 ./iapbuild/./RepRapFirmware/src/Hardware/STM32/Libraries/Fatfs/sd_mmc_wrapper.o
                0x08001f58                sd_mmc_setSSPChannel(unsigned char, SSPChannel, PinName)
 .text._sbrk    0x08001f98       0x20 ./iapbuild/./IAP/src/main.o
                0x08001f98                _sbrk
 .text.__register_exitproc
                0x08001fb8        0x4 ./iapbuild/./IAP/src/main.o
                0x08001fb8                __register_exitproc
 .text.SysTick_Handler
                0x08001fbc        0xe ./iapbuild/./IAP/src/main.o
                0x08001fbc                SysTick_Handler
 .text.WWDG_IRQHandler
                0x08001fca        0x0 ./iapbuild/./IAP/src/main.o
                0x08001fca                WWDG_IRQHandler
 .text.debugPrintf
                0x08001fca        0x6 ./iapbuild/./IAP/src/main.o
                0x08001fca                debugPrintf
 .text.assert_failed
                0x08001fd0        0x2 ./iapbuild/./IAP/src/main.o
                0x08001fd0                assert_failed
 .text.vAssertCalled
                0x08001fd2        0x2 ./iapbuild/./IAP/src/main.o
                0x08001fd2                vAssertCalled
 .text.GetMallocMutex
                0x08001fd4        0x2 ./iapbuild/./IAP/src/main.o
                0x08001fd4                GetMallocMutex
 .text.ReleaseMallocMutex
                0x08001fd6        0x2 ./iapbuild/./IAP/src/main.o
                0x08001fd6                ReleaseMallocMutex
 .text._Z8FlushECCPvi
                0x08001fd8       0x4a ./iapbuild/./IAP/src/main.o
                0x08001fd8                FlushECC(void*, int)
 *fill*         0x08002022        0x2 
 .text._Z12GetParamsPtrv
                0x08002024       0x10 ./iapbuild/./IAP/src/main.o
                0x08002024                GetParamsPtr()
 .text._Z7AppInitv
                0x08002034        0x6 ./iapbuild/./IAP/src/main.o
                0x08002034                AppInit()
 *fill*         0x0800203a        0x2 
 .text._Z4Initb
                0x0800203c       0x60 ./iapbuild/./IAP/src/main.o
                0x0800203c                Init(bool)
 .text._Z11FlashVerifymPKhj
                0x0800209c       0x24 ./iapbuild/./IAP/src/main.o
                0x0800209c                FlashVerify(unsigned long, unsigned char const*, unsigned int)
 .text._Z13FlashEraseAllv
                0x080020c0      0x14c ./iapbuild/./IAP/src/main.o
                0x080020c0                FlashEraseAll()
 .text._Z9GetParamsv
                0x0800220c       0x20 ./iapbuild/./IAP/src/main.o
                0x0800220c                GetParams()
 .text._Z9SetParamsm
                0x0800222c       0x20 ./iapbuild/./IAP/src/main.o
                0x0800222c                SetParams(unsigned long)
 .text._Z13StartFirmwarev
                0x0800224c       0x38 ./iapbuild/./IAP/src/main.o
                0x0800224c                StartFirmware()
 .text._Z18CheckValidFirmwarePK13DeviceVectors
                0x08002284       0x44 ./iapbuild/./IAP/src/main.o
                0x08002284                CheckValidFirmware(DeviceVectors const*)
 .text._Z10AppPreInitv
                0x080022c8       0x28 ./iapbuild/./IAP/src/main.o
                0x080022c8                AppPreInit()
 .text._Z19TransferDataToFlashP3FIL
                0x080022f0       0xe0 ./iapbuild/./IAP/src/main.o
                0x080022f0                TransferDataToFlash(FIL*)
 .text._Z7AppMainv
                0x080023d0       0x98 ./iapbuild/./IAP/src/main.o
                0x080023d0                AppMain()
 .text._Znwj    0x08002468       0x18 ./iapbuild/./IAP/src/new.o
                0x08002468                operator new(unsigned int)
 .text._ZdlPvj  0x08002480        0x4 ./iapbuild/./IAP/src/new.o
                0x08002480                operator delete(void*, unsigned int)
 .text.disk_initialize
                0x08002484       0x10 ./iapbuild/./IAP/src/FatFS/diskio.o
                0x08002484                disk_initialize
 .text.disk_status
                0x08002494       0x10 ./iapbuild/./IAP/src/FatFS/diskio.o
                0x08002494                disk_status
 .text.disk_read
                0x080024a4       0x58 ./iapbuild/./IAP/src/FatFS/diskio.o
                0x080024a4                disk_read
 .text.disk_write
                0x080024fc       0x58 ./iapbuild/./IAP/src/FatFS/diskio.o
                0x080024fc                disk_write
 .text.disk_ioctl
                0x08002554       0x10 ./iapbuild/./IAP/src/FatFS/diskio.o
                0x08002554                disk_ioctl
 .text.get_fattime
                0x08002564        0x8 ./iapbuild/./IAP/src/FatFS/fattime_rtc.o
                0x08002564                get_fattime
 .text.SystemInit
                0x0800256c       0x68 ./iapbuild/\libSTMCore.a(system_stm32yyxx.o)
                0x0800256c                SystemInit
 .text.SystemCoreClockUpdate
                0x080025d4       0xf4 ./iapbuild/\libSTMCore.a(system_stm32yyxx.o)
                0x080025d4                SystemCoreClockUpdate
 .text.HAL_NVIC_SetPriorityGrouping
                0x080026c8       0x3c ./iapbuild/\libSTMCore.a(stm32h7xx_hal_cortex.o)
                0x080026c8                HAL_NVIC_SetPriorityGrouping
 .text.HAL_NVIC_SetPriority
                0x08002704       0x88 ./iapbuild/\libSTMCore.a(stm32h7xx_hal_cortex.o)
                0x08002704                HAL_NVIC_SetPriority
 .text.HAL_NVIC_DisableIRQ
                0x0800278c       0x30 ./iapbuild/\libSTMCore.a(stm32h7xx_hal_cortex.o)
                0x0800278c                HAL_NVIC_DisableIRQ
 .text.HAL_SYSTICK_Config
                0x080027bc       0x28 ./iapbuild/\libSTMCore.a(stm32h7xx_hal_cortex.o)
                0x080027bc                HAL_SYSTICK_Config
 .text.HAL_SYSTICK_CLKSourceConfig
                0x080027e4       0x30 ./iapbuild/\libSTMCore.a(stm32h7xx_hal_cortex.o)
                0x080027e4                HAL_SYSTICK_CLKSourceConfig
 .text.HAL_FLASH_Unlock
                0x08002814       0x4c ./iapbuild/\libSTMCore.a(stm32h7xx_hal_flash.o)
                0x08002814                HAL_FLASH_Unlock
 .text.HAL_FLASH_Lock
                0x08002860       0x30 ./iapbuild/\libSTMCore.a(stm32h7xx_hal_flash.o)
                0x08002860                HAL_FLASH_Lock
 .text.FLASH_WaitForLastOperation
                0x08002890       0xd4 ./iapbuild/\libSTMCore.a(stm32h7xx_hal_flash.o)
                0x08002890                FLASH_WaitForLastOperation
 .text.HAL_FLASH_Program
                0x08002964       0xd8 ./iapbuild/\libSTMCore.a(stm32h7xx_hal_flash.o)
                0x08002964                HAL_FLASH_Program
 .text.FLASH_MassErase
                0x08002a3c       0xac ./iapbuild/\libSTMCore.a(stm32h7xx_hal_flash_ex.o)
 .text.FLASH_Erase_Sector
                0x08002ae8       0x84 ./iapbuild/\libSTMCore.a(stm32h7xx_hal_flash_ex.o)
                0x08002ae8                FLASH_Erase_Sector
 .text.HAL_FLASHEx_Erase
                0x08002b6c      0x160 ./iapbuild/\libSTMCore.a(stm32h7xx_hal_flash_ex.o)
                0x08002b6c                HAL_FLASHEx_Erase
 .text._ZN5Cache4InitEv
                0x08002ccc        0x2 ./iapbuild/\libSTMCore.a(Cache.o)
                0x08002ccc                Cache::Init()
 *fill*         0x08002cce        0x2 
 .text._ZN5Cache6EnableEv
                0x08002cd0       0x94 ./iapbuild/\libSTMCore.a(Cache.o)
                0x08002cd0                Cache::Enable()
 .text._ZN5Cache7DisableEv
                0x08002d64       0x94 ./iapbuild/\libSTMCore.a(Cache.o)
                0x08002d64                Cache::Disable()
 .text.millis   0x08002df8        0xc ./iapbuild/\libSTMCore.a(CoreIO.o)
                0x08002df8                millis
 .text.delay    0x08002e04       0x1c ./iapbuild/\libSTMCore.a(CoreIO.o)
                0x08002e04                delay
 .text._Z11CoreSysTickv
                0x08002e20       0x1c ./iapbuild/\libSTMCore.a(CoreIO.o)
                0x08002e20                CoreSysTick()
 .text._Z8CoreInitv
                0x08002e3c        0x2 ./iapbuild/\libSTMCore.a(CoreIO.o)
                0x08002e3c                CoreInit()
 *fill*         0x08002e3e        0x2 
 .text._Z12WatchdogInitv
                0x08002e40       0x20 ./iapbuild/\libSTMCore.a(CoreIO.o)
                0x08002e40                WatchdogInit()
 .text._Z13WatchdogResetv
                0x08002e60        0xc ./iapbuild/\libSTMCore.a(CoreIO.o)
                0x08002e60                WatchdogReset()
 .text._Z14ResetProcessorv
                0x08002e6c       0x24 ./iapbuild/\libSTMCore.a(CoreIO.o)
                0x08002e6c                ResetProcessor()
 .text._Z11initVariantv
                0x08002e90        0x2 ./iapbuild/\libSTMCore.a(Startup.o)
                0x08002e90                initVariant()
 *fill*         0x08002e92        0x2 
 .text.startup._Z7premainv
                0x08002e94       0x50 ./iapbuild/\libSTMCore.a(Startup.o)
                0x08002e94                premain()
 .text.startup.main
                0x08002ee4        0xe ./iapbuild/\libSTMCore.a(Startup.o)
                0x08002ee4                main
 *fill*         0x08002ef2        0x2 
 .text.SystemClockStartupInit.part.0
                0x08002ef4      0x1f0 ./iapbuild/\libSTMCore.a(variant.o)
 .text.SystemClockStartupInit
                0x080030e4       0x10 ./iapbuild/\libSTMCore.a(variant.o)
                0x080030e4                SystemClockStartupInit
 .text.MPU_Convert_Bytes_To_POT
                0x080030f4       0x14 ./iapbuild/\libSTMCore.a(variant.o)
                0x080030f4                MPU_Convert_Bytes_To_POT
 .text.MPU_Set_Protection
                0x08003108       0x78 ./iapbuild/\libSTMCore.a(variant.o)
                0x08003108                MPU_Set_Protection
 .text.MPU_Memory_Protection
                0x08003180       0x7c ./iapbuild/\libSTMCore.a(variant.o)
                0x08003180                MPU_Memory_Protection
 .text.SystemClock_Config
                0x080031fc       0x5c ./iapbuild/\libSTMCore.a(variant.o)
                0x080031fc                SystemClock_Config
 .text.HAL_SD_TxCpltCallback
                0x08003258       0x10 ./iapbuild/\libSTMCore.a(HardwareSDIO.o)
                0x08003258                HAL_SD_TxCpltCallback
 .text.HAL_SD_RxCpltCallback
                0x08003268       0x10 ./iapbuild/\libSTMCore.a(HardwareSDIO.o)
                0x08003268                HAL_SD_RxCpltCallback
 .text.SDMMC1_IRQHandler
                0x08003278        0xc ./iapbuild/\libSTMCore.a(HardwareSDIO.o)
                0x08003278                SDMMC1_IRQHandler
 .text._ZN12HardwareSDIO7tryInitEb
                0x08003284       0xd8 ./iapbuild/\libSTMCore.a(HardwareSDIO.o)
                0x08003284                HardwareSDIO::tryInit(bool)
 .text._ZN12HardwareSDIO8InitPinsEm
                0x0800335c        0x6 ./iapbuild/\libSTMCore.a(HardwareSDIO.o)
                0x0800335c                HardwareSDIO::InitPins(unsigned long)
 *fill*         0x08003362        0x2 
 .text._ZN12HardwareSDIO4InitEv
                0x08003364       0x90 ./iapbuild/\libSTMCore.a(HardwareSDIO.o)
                0x08003364                HardwareSDIO::Init()
 .text._ZN12HardwareSDIO10ReadBlocksEPmmmm
                0x080033f4       0x98 ./iapbuild/\libSTMCore.a(HardwareSDIO.o)
                0x080033f4                HardwareSDIO::ReadBlocks(unsigned long*, unsigned long, unsigned long, unsigned long)
 .text._ZN12HardwareSDIO11WriteBlocksEPmmmm
                0x0800348c       0x8c ./iapbuild/\libSTMCore.a(HardwareSDIO.o)
                0x0800348c                HardwareSDIO::WriteBlocks(unsigned long*, unsigned long, unsigned long, unsigned long)
 .text._ZN12HardwareSDIO12GetCardStateEv
                0x08003518        0xe ./iapbuild/\libSTMCore.a(HardwareSDIO.o)
                0x08003518                HardwareSDIO::GetCardState()
 .text._ZN12HardwareSDIO11GetCardInfoEP22HAL_SD_CardInfoTypeDef
                0x08003526        0x4 ./iapbuild/\libSTMCore.a(HardwareSDIO.o)
                0x08003526                HardwareSDIO::GetCardInfo(HAL_SD_CardInfoTypeDef*)
 *fill*         0x0800352a        0x2 
 .text.Reset_Handler
                0x0800352c       0x4c ./iapbuild/\libSTMCore.a(startup_stm32yyxx.o)
                0x0800352c                Reset_Handler
 .text.Default_Handler
                0x08003578        0x2 ./iapbuild/\libSTMCore.a(startup_stm32yyxx.o)
                0x08003578                RTC_Alarm_IRQHandler
                0x08003578                EXTI2_IRQHandler
                0x08003578                TIM8_CC_IRQHandler
                0x08003578                HRTIM1_Master_IRQHandler
                0x08003578                DebugMon_Handler
                0x08003578                UART8_IRQHandler
                0x08003578                SPI4_IRQHandler
                0x08003578                TIM1_CC_IRQHandler
                0x08003578                BDMA_Channel6_IRQHandler
                0x08003578                DMA2_Stream5_IRQHandler
                0x08003578                HardFault_Handler
                0x08003578                HRTIM1_FLT_IRQHandler
                0x08003578                JPEG_IRQHandler
                0x08003578                DMA1_Stream5_IRQHandler
                0x08003578                BDMA_Channel1_IRQHandler
                0x08003578                HRTIM1_TIMD_IRQHandler
                0x08003578                TAMP_STAMP_IRQHandler
                0x08003578                PendSV_Handler
                0x08003578                NMI_Handler
                0x08003578                EXTI3_IRQHandler
                0x08003578                LPTIM4_IRQHandler
                0x08003578                TIM8_TRG_COM_TIM14_IRQHandler
                0x08003578                LPTIM2_IRQHandler
                0x08003578                DFSDM1_FLT1_IRQHandler
                0x08003578                DMAMUX2_OVR_IRQHandler
                0x08003578                TIM8_UP_TIM13_IRQHandler
                0x08003578                I2C3_ER_IRQHandler
                0x08003578                DFSDM1_FLT2_IRQHandler
                0x08003578                MDMA_IRQHandler
                0x08003578                LPTIM3_IRQHandler
                0x08003578                HSEM1_IRQHandler
                0x08003578                EXTI0_IRQHandler
                0x08003578                I2C2_EV_IRQHandler
                0x08003578                DMA1_Stream2_IRQHandler
                0x08003578                FPU_IRQHandler
                0x08003578                OTG_HS_WKUP_IRQHandler
                0x08003578                FDCAN1_IT1_IRQHandler
                0x08003578                UsageFault_Handler
                0x08003578                LTDC_ER_IRQHandler
                0x08003578                DMA2_Stream2_IRQHandler
                0x08003578                HRTIM1_TIME_IRQHandler
                0x08003578                SPI1_IRQHandler
                0x08003578                TIM6_DAC_IRQHandler
                0x08003578                DCMI_IRQHandler
                0x08003578                HRTIM1_TIMC_IRQHandler
                0x08003578                DMA2_Stream3_IRQHandler
                0x08003578                SAI2_IRQHandler
                0x08003578                DFSDM1_FLT3_IRQHandler
                0x08003578                USART6_IRQHandler
                0x08003578                TIM17_IRQHandler
                0x08003578                USART3_IRQHandler
                0x08003578                BDMA_Channel7_IRQHandler
                0x08003578                LPTIM5_IRQHandler
                0x08003578                UART5_IRQHandler
                0x08003578                ADC3_IRQHandler
                0x08003578                DMA2_Stream0_IRQHandler
                0x08003578                TIM4_IRQHandler
                0x08003578                BDMA_Channel2_IRQHandler
                0x08003578                QUADSPI_IRQHandler
                0x08003578                I2C1_EV_IRQHandler
                0x08003578                DMA1_Stream6_IRQHandler
                0x08003578                DMAMUX1_OVR_IRQHandler
                0x08003578                DMA1_Stream1_IRQHandler
                0x08003578                TIM16_IRQHandler
                0x08003578                UART4_IRQHandler
                0x08003578                BDMA_Channel5_IRQHandler
                0x08003578                TIM3_IRQHandler
                0x08003578                RCC_IRQHandler
                0x08003578                TIM8_BRK_TIM12_IRQHandler
                0x08003578                TIM1_TRG_COM_IRQHandler
                0x08003578                Default_Handler
                0x08003578                ECC_IRQHandler
                0x08003578                CEC_IRQHandler
                0x08003578                EXTI15_10_IRQHandler
                0x08003578                BDMA_Channel0_IRQHandler
                0x08003578                ADC_IRQHandler
                0x08003578                DMA1_Stream7_IRQHandler
                0x08003578                HRTIM1_TIMA_IRQHandler
                0x08003578                SPI5_IRQHandler
                0x08003578                TIM7_IRQHandler
                0x08003578                TIM5_IRQHandler
                0x08003578                DMA2_Stream7_IRQHandler
                0x08003578                TIM15_IRQHandler
                0x08003578                PVD_AVD_IRQHandler
                0x08003578                I2C3_EV_IRQHandler
                0x08003578                EXTI9_5_IRQHandler
                0x08003578                RTC_WKUP_IRQHandler
                0x08003578                LTDC_IRQHandler
                0x08003578                SAI3_IRQHandler
                0x08003578                ETH_WKUP_IRQHandler
                0x08003578                SPDIF_RX_IRQHandler
                0x08003578                SPI2_IRQHandler
                0x08003578                OTG_HS_EP1_IN_IRQHandler
                0x08003578                MemManage_Handler
                0x08003578                DMA1_Stream0_IRQHandler
                0x08003578                SVC_Handler
                0x08003578                CRS_IRQHandler
                0x08003578                EXTI4_IRQHandler
                0x08003578                RNG_IRQHandler
                0x08003578                HRTIM1_TIMB_IRQHandler
                0x08003578                FDCAN2_IT1_IRQHandler
                0x08003578                ETH_IRQHandler
                0x08003578                TIM1_UP_IRQHandler
                0x08003578                BDMA_Channel4_IRQHandler
                0x08003578                OTG_HS_EP1_OUT_IRQHandler
                0x08003578                SPI6_IRQHandler
                0x08003578                MDIOS_IRQHandler
                0x08003578                I2C4_EV_IRQHandler
                0x08003578                FDCAN2_IT0_IRQHandler
                0x08003578                LPUART1_IRQHandler
                0x08003578                FDCAN1_IT0_IRQHandler
                0x08003578                TIM2_IRQHandler
                0x08003578                OTG_FS_WKUP_IRQHandler
                0x08003578                OTG_HS_IRQHandler
                0x08003578                DMA2D_IRQHandler
                0x08003578                TIM1_BRK_IRQHandler
                0x08003578                EXTI1_IRQHandler
                0x08003578                SDMMC2_IRQHandler
                0x08003578                OTG_FS_EP1_OUT_IRQHandler
                0x08003578                BDMA_Channel3_IRQHandler
                0x08003578                UART7_IRQHandler
                0x08003578                MDIOS_WKUP_IRQHandler
                0x08003578                USART2_IRQHandler
                0x08003578                DFSDM1_FLT0_IRQHandler
                0x08003578                SAI4_IRQHandler
                0x08003578                I2C2_ER_IRQHandler
                0x08003578                DMA2_Stream1_IRQHandler
                0x08003578                FLASH_IRQHandler
                0x08003578                DMA2_Stream4_IRQHandler
                0x08003578                BusFault_Handler
                0x08003578                USART1_IRQHandler
                0x08003578                OTG_FS_IRQHandler
                0x08003578                SPI3_IRQHandler
                0x08003578                WAKEUP_PIN_IRQHandler
                0x08003578                DMA1_Stream4_IRQHandler
                0x08003578                OTG_FS_EP1_IN_IRQHandler
                0x08003578                I2C1_ER_IRQHandler
                0x08003578                FMC_IRQHandler
                0x08003578                FDCAN_CAL_IRQHandler
                0x08003578                SWPMI1_IRQHandler
                0x08003578                COMP1_IRQHandler
                0x08003578                LPTIM1_IRQHandler
                0x08003578                I2C4_ER_IRQHandler
                0x08003578                DMA2_Stream6_IRQHandler
                0x08003578                SAI1_IRQHandler
                0x08003578                DMA1_Stream3_IRQHandler
 *fill*         0x0800357a        0x2 
 .text.set_GPIO_Port_Clock
                0x0800357c      0x198 ./iapbuild/\libSTMCore.a(PortNames.o)
                0x0800357c                set_GPIO_Port_Clock
 .text.dwt_access
                0x08003714       0x28 ./iapbuild/\libSTMCore.a(dwt.o)
                0x08003714                dwt_access
 .text.dwt_init
                0x0800373c       0x44 ./iapbuild/\libSTMCore.a(dwt.o)
                0x0800373c                dwt_init
 .text.pin_function
                0x08003780       0xf8 ./iapbuild/\libSTMCore.a(pinmap.o)
                0x08003780                pin_function
 .text.pinmap_pinout
                0x08003878       0x24 ./iapbuild/\libSTMCore.a(pinmap.o)
                0x08003878                pinmap_pinout
 .text._Error_Handler
                0x0800389c       0x14 ./iapbuild/\libSTMCore.a(stm32_def.o)
                0x0800389c                _Error_Handler
 .text.HAL_MspInit
                0x080038b0        0x2 ./iapbuild/\libSTMCore.a(stm32h7xx_hal.o)
                0x080038b0                HAL_MspInit
 *fill*         0x080038b2        0x2 
 .text.HAL_InitTick
                0x080038b4       0x4c ./iapbuild/\libSTMCore.a(stm32h7xx_hal.o)
                0x080038b4                HAL_InitTick
 .text.HAL_Init
                0x08003900       0x5c ./iapbuild/\libSTMCore.a(stm32h7xx_hal.o)
                0x08003900                HAL_Init
 .text.HAL_IncTick
                0x0800395c       0x18 ./iapbuild/\libSTMCore.a(stm32h7xx_hal.o)
                0x0800395c                HAL_IncTick
 .text.HAL_GetTick
                0x08003974        0xc ./iapbuild/\libSTMCore.a(stm32h7xx_hal.o)
                0x08003974                HAL_GetTick
 .text.HAL_Delay
                0x08003980       0x24 ./iapbuild/\libSTMCore.a(stm32h7xx_hal.o)
                0x08003980                HAL_Delay
 .text.HAL_GetREVID
                0x080039a4        0xc ./iapbuild/\libSTMCore.a(stm32h7xx_hal.o)
                0x080039a4                HAL_GetREVID
 .text.HAL_IWDG_Init
                0x080039b0       0xa4 ./iapbuild/\libSTMCore.a(stm32h7xx_hal_iwdg.o)
                0x080039b0                HAL_IWDG_Init
 .text.HAL_IWDG_Refresh
                0x08003a54        0xc ./iapbuild/\libSTMCore.a(stm32h7xx_hal_iwdg.o)
                0x08003a54                HAL_IWDG_Refresh
 .text.HAL_PWREx_ConfigSupply
                0x08003a60       0x5c ./iapbuild/\libSTMCore.a(stm32h7xx_hal_pwr_ex.o)
                0x08003a60                HAL_PWREx_ConfigSupply
 .text.HAL_RCC_OscConfig
                0x08003abc      0x6b4 ./iapbuild/\libSTMCore.a(stm32h7xx_hal_rcc.o)
                0x08003abc                HAL_RCC_OscConfig
 .text.HAL_RCC_GetSysClockFreq
                0x08004170      0x144 ./iapbuild/\libSTMCore.a(stm32h7xx_hal_rcc.o)
                0x08004170                HAL_RCC_GetSysClockFreq
 .text.HAL_RCC_ClockConfig
                0x080042b4      0x3c8 ./iapbuild/\libSTMCore.a(stm32h7xx_hal_rcc.o)
                0x080042b4                HAL_RCC_ClockConfig
 .text.HAL_RCC_GetHCLKFreq
                0x0800467c       0x44 ./iapbuild/\libSTMCore.a(stm32h7xx_hal_rcc.o)
                0x0800467c                HAL_RCC_GetHCLKFreq
 .text.RCCEx_PLL2_Config
                0x080046c0      0x184 ./iapbuild/\libSTMCore.a(stm32h7xx_hal_rcc_ex.o)
 .text.RCCEx_PLL3_Config
                0x08004844      0x184 ./iapbuild/\libSTMCore.a(stm32h7xx_hal_rcc_ex.o)
 .text.HAL_RCCEx_PeriphCLKConfig
                0x080049c8      0xad0 ./iapbuild/\libSTMCore.a(stm32h7xx_hal_rcc_ex.o)
                0x080049c8                HAL_RCCEx_PeriphCLKConfig
 .text.HAL_RCCEx_GetD3PCLK1Freq
                0x08005498       0x24 ./iapbuild/\libSTMCore.a(stm32h7xx_hal_rcc_ex.o)
                0x08005498                HAL_RCCEx_GetD3PCLK1Freq
 .text.HAL_RCCEx_GetPLL2ClockFreq
                0x080054bc      0x154 ./iapbuild/\libSTMCore.a(stm32h7xx_hal_rcc_ex.o)
                0x080054bc                HAL_RCCEx_GetPLL2ClockFreq
 .text.HAL_RCCEx_GetPLL3ClockFreq
                0x08005610      0x154 ./iapbuild/\libSTMCore.a(stm32h7xx_hal_rcc_ex.o)
                0x08005610                HAL_RCCEx_GetPLL3ClockFreq
 .text.HAL_RCCEx_GetPLL1ClockFreq
                0x08005764      0x154 ./iapbuild/\libSTMCore.a(stm32h7xx_hal_rcc_ex.o)
                0x08005764                HAL_RCCEx_GetPLL1ClockFreq
 .text.HAL_RCCEx_GetPeriphCLKFreq
                0x080058b8      0x2d8 ./iapbuild/\libSTMCore.a(stm32h7xx_hal_rcc_ex.o)
                0x080058b8                HAL_RCCEx_GetPeriphCLKFreq
 .text.SD_FindSCR.constprop.0
                0x08005b90       0xcc ./iapbuild/\libSTMCore.a(stm32h7xx_hal_sd.o)
 .text.HAL_SD_MspInit
                0x08005c5c        0x2 ./iapbuild/\libSTMCore.a(stm32h7xx_hal_sd.o)
                0x08005c5c                HAL_SD_MspInit
 .text.HAL_SD_MspDeInit
                0x08005c5e        0x2 ./iapbuild/\libSTMCore.a(stm32h7xx_hal_sd.o)
                0x08005c5e                HAL_SD_MspDeInit
 .text.HAL_SD_DeInit
                0x08005c60       0x4c ./iapbuild/\libSTMCore.a(stm32h7xx_hal_sd.o)
                0x08005c60                HAL_SD_DeInit
 .text.HAL_SD_ReadBlocks_DMA
                0x08005cac       0xc4 ./iapbuild/\libSTMCore.a(stm32h7xx_hal_sd.o)
                0x08005cac                HAL_SD_ReadBlocks_DMA
 .text.HAL_SD_WriteBlocks_DMA
                0x08005d70       0xc8 ./iapbuild/\libSTMCore.a(stm32h7xx_hal_sd.o)
                0x08005d70                HAL_SD_WriteBlocks_DMA
 .text.HAL_SD_GetError
                0x08005e38        0x4 ./iapbuild/\libSTMCore.a(stm32h7xx_hal_sd.o)
                0x08005e38                HAL_SD_GetError
 .text.HAL_SD_ErrorCallback
                0x08005e3c        0x2 ./iapbuild/\libSTMCore.a(stm32h7xx_hal_sd.o)
                0x08005e3c                HAL_SD_ErrorCallback
 *fill*         0x08005e3e        0x2 
 .text.HAL_SD_GetCardCSD
                0x08005e40      0x16c ./iapbuild/\libSTMCore.a(stm32h7xx_hal_sd.o)
                0x08005e40                HAL_SD_GetCardCSD
 .text.HAL_SD_InitCard
                0x08005fac      0x20c ./iapbuild/\libSTMCore.a(stm32h7xx_hal_sd.o)
                0x08005fac                HAL_SD_InitCard
 .text.HAL_SD_GetCardStatus
                0x080061b8      0x180 ./iapbuild/\libSTMCore.a(stm32h7xx_hal_sd.o)
                0x080061b8                HAL_SD_GetCardStatus
 .text.HAL_SD_GetCardInfo
                0x08006338       0x24 ./iapbuild/\libSTMCore.a(stm32h7xx_hal_sd.o)
                0x08006338                HAL_SD_GetCardInfo
 .text.HAL_SD_ConfigWideBusOperation
                0x0800635c      0x198 ./iapbuild/\libSTMCore.a(stm32h7xx_hal_sd.o)
                0x0800635c                HAL_SD_ConfigWideBusOperation
 .text.HAL_SD_GetCardState
                0x080064f4       0x28 ./iapbuild/\libSTMCore.a(stm32h7xx_hal_sd.o)
                0x080064f4                HAL_SD_GetCardState
 .text.HAL_SD_Init
                0x0800651c      0x128 ./iapbuild/\libSTMCore.a(stm32h7xx_hal_sd.o)
                0x0800651c                HAL_SD_Init
 .text.HAL_SDEx_Read_DMADoubleBuf0CpltCallback
                0x08006644        0x2 ./iapbuild/\libSTMCore.a(stm32h7xx_hal_sd.o)
                0x08006644                HAL_SDEx_Read_DMADoubleBuf0CpltCallback
 .text.HAL_SDEx_Read_DMADoubleBuf1CpltCallback
                0x08006646        0x2 ./iapbuild/\libSTMCore.a(stm32h7xx_hal_sd.o)
                0x08006646                HAL_SDEx_Read_DMADoubleBuf1CpltCallback
 .text.HAL_SDEx_Write_DMADoubleBuf0CpltCallback
                0x08006648        0x2 ./iapbuild/\libSTMCore.a(stm32h7xx_hal_sd.o)
                0x08006648                HAL_SDEx_Write_DMADoubleBuf0CpltCallback
 .text.HAL_SDEx_Write_DMADoubleBuf1CpltCallback
                0x0800664a        0x2 ./iapbuild/\libSTMCore.a(stm32h7xx_hal_sd.o)
                0x0800664a                HAL_SDEx_Write_DMADoubleBuf1CpltCallback
 .text.HAL_SD_IRQHandler
                0x0800664c      0x244 ./iapbuild/\libSTMCore.a(stm32h7xx_hal_sd.o)
                0x0800664c                HAL_SD_IRQHandler
 .text.SDMMC_Init
                0x08006890       0xac ./iapbuild/\libSTMCore.a(stm32h7xx_ll_sdmmc.o)
                0x08006890                SDMMC_Init
 .text.SDMMC_ReadFIFO
                0x0800693c        0x6 ./iapbuild/\libSTMCore.a(stm32h7xx_ll_sdmmc.o)
                0x0800693c                SDMMC_ReadFIFO
 .text.SDMMC_WriteFIFO
                0x08006942        0xa ./iapbuild/\libSTMCore.a(stm32h7xx_ll_sdmmc.o)
                0x08006942                SDMMC_WriteFIFO
 .text.SDMMC_PowerState_ON
                0x0800694c        0xc ./iapbuild/\libSTMCore.a(stm32h7xx_ll_sdmmc.o)
                0x0800694c                SDMMC_PowerState_ON
 .text.SDMMC_PowerState_OFF
                0x08006958        0xc ./iapbuild/\libSTMCore.a(stm32h7xx_ll_sdmmc.o)
                0x08006958                SDMMC_PowerState_OFF
 .text.SDMMC_GetPowerState
                0x08006964        0x8 ./iapbuild/\libSTMCore.a(stm32h7xx_ll_sdmmc.o)
                0x08006964                SDMMC_GetPowerState
 .text.SDMMC_SendCommand
                0x0800696c       0x80 ./iapbuild/\libSTMCore.a(stm32h7xx_ll_sdmmc.o)
                0x0800696c                SDMMC_SendCommand
 .text.SDMMC_GetResponse
                0x080069ec       0x28 ./iapbuild/\libSTMCore.a(stm32h7xx_ll_sdmmc.o)
                0x080069ec                SDMMC_GetResponse
 .text.SDMMC_ConfigData
                0x08006a14       0x9c ./iapbuild/\libSTMCore.a(stm32h7xx_ll_sdmmc.o)
                0x08006a14                SDMMC_ConfigData
 .text.SDMMC_CmdGoIdleState
                0x08006ab0       0x50 ./iapbuild/\libSTMCore.a(stm32h7xx_ll_sdmmc.o)
                0x08006ab0                SDMMC_CmdGoIdleState
 .text.SDMMC_GetCmdResp1
                0x08006b00      0x124 ./iapbuild/\libSTMCore.a(stm32h7xx_ll_sdmmc.o)
                0x08006b00                SDMMC_GetCmdResp1
 .text.SDMMC_CmdBlockLength
                0x08006c24       0x34 ./iapbuild/\libSTMCore.a(stm32h7xx_ll_sdmmc.o)
                0x08006c24                SDMMC_CmdBlockLength
 .text.SDMMC_CmdReadSingleBlock
                0x08006c58       0x34 ./iapbuild/\libSTMCore.a(stm32h7xx_ll_sdmmc.o)
                0x08006c58                SDMMC_CmdReadSingleBlock
 .text.SDMMC_CmdReadMultiBlock
                0x08006c8c       0x34 ./iapbuild/\libSTMCore.a(stm32h7xx_ll_sdmmc.o)
                0x08006c8c                SDMMC_CmdReadMultiBlock
 .text.SDMMC_CmdWriteSingleBlock
                0x08006cc0       0x34 ./iapbuild/\libSTMCore.a(stm32h7xx_ll_sdmmc.o)
                0x08006cc0                SDMMC_CmdWriteSingleBlock
 .text.SDMMC_CmdWriteMultiBlock
                0x08006cf4       0x34 ./iapbuild/\libSTMCore.a(stm32h7xx_ll_sdmmc.o)
                0x08006cf4                SDMMC_CmdWriteMultiBlock
 .text.SDMMC_CmdStopTransfer
                0x08006d28       0x54 ./iapbuild/\libSTMCore.a(stm32h7xx_ll_sdmmc.o)
                0x08006d28                SDMMC_CmdStopTransfer
 .text.SDMMC_CmdSelDesel
                0x08006d7c       0x34 ./iapbuild/\libSTMCore.a(stm32h7xx_ll_sdmmc.o)
                0x08006d7c                SDMMC_CmdSelDesel
 .text.SDMMC_CmdAppCommand
                0x08006db0       0x34 ./iapbuild/\libSTMCore.a(stm32h7xx_ll_sdmmc.o)
                0x08006db0                SDMMC_CmdAppCommand
 .text.SDMMC_CmdBusWidth
                0x08006de4       0x34 ./iapbuild/\libSTMCore.a(stm32h7xx_ll_sdmmc.o)
                0x08006de4                SDMMC_CmdBusWidth
 .text.SDMMC_CmdSendSCR
                0x08006e18       0x34 ./iapbuild/\libSTMCore.a(stm32h7xx_ll_sdmmc.o)
                0x08006e18                SDMMC_CmdSendSCR
 .text.SDMMC_CmdSendStatus
                0x08006e4c       0x34 ./iapbuild/\libSTMCore.a(stm32h7xx_ll_sdmmc.o)
                0x08006e4c                SDMMC_CmdSendStatus
 .text.SDMMC_CmdStatusRegister
                0x08006e80       0x34 ./iapbuild/\libSTMCore.a(stm32h7xx_ll_sdmmc.o)
                0x08006e80                SDMMC_CmdStatusRegister
 .text.SDMMC_GetCmdResp2
                0x08006eb4       0x50 ./iapbuild/\libSTMCore.a(stm32h7xx_ll_sdmmc.o)
                0x08006eb4                SDMMC_GetCmdResp2
 .text.SDMMC_CmdSendCID
                0x08006f04       0x2e ./iapbuild/\libSTMCore.a(stm32h7xx_ll_sdmmc.o)
                0x08006f04                SDMMC_CmdSendCID
 .text.SDMMC_CmdSendCSD
                0x08006f32       0x2e ./iapbuild/\libSTMCore.a(stm32h7xx_ll_sdmmc.o)
                0x08006f32                SDMMC_CmdSendCSD
 .text.SDMMC_GetCmdResp3
                0x08006f60       0x48 ./iapbuild/\libSTMCore.a(stm32h7xx_ll_sdmmc.o)
                0x08006f60                SDMMC_GetCmdResp3
 .text.SDMMC_CmdAppOperCommand
                0x08006fa8       0x2e ./iapbuild/\libSTMCore.a(stm32h7xx_ll_sdmmc.o)
                0x08006fa8                SDMMC_CmdAppOperCommand
 *fill*         0x08006fd6        0x2 
 .text.SDMMC_GetCmdResp6
                0x08006fd8       0x84 ./iapbuild/\libSTMCore.a(stm32h7xx_ll_sdmmc.o)
                0x08006fd8                SDMMC_GetCmdResp6
 .text.SDMMC_CmdSetRelAdd
                0x0800705c       0x34 ./iapbuild/\libSTMCore.a(stm32h7xx_ll_sdmmc.o)
                0x0800705c                SDMMC_CmdSetRelAdd
 .text.SDMMC_GetCmdResp7
                0x08007090       0x54 ./iapbuild/\libSTMCore.a(stm32h7xx_ll_sdmmc.o)
                0x08007090                SDMMC_GetCmdResp7
 .text.SDMMC_CmdOperCond
                0x080070e4       0x32 ./iapbuild/\libSTMCore.a(stm32h7xx_ll_sdmmc.o)
                0x080070e4                SDMMC_CmdOperCond
 *fill*         0x08007116        0x2 
 .text.strchr   0x08007118       0xd0 c:/program files (x86)/arm gnu toolchain arm-none-eabi/12.2 mpacbti-rel1/bin/../lib/gcc/arm-none-eabi/12.2.1/thumb/v7e-m+fp/hard\libc.a(libc_a-strchr.o)
                0x08007118                strchr
 .text.__libc_init_array
                0x080071e8       0x50 c:/program files (x86)/arm gnu toolchain arm-none-eabi/12.2 mpacbti-rel1/bin/../lib/gcc/arm-none-eabi/12.2.1/thumb/v7e-m+fp/hard\libc.a(libc_a-init.o)
                0x080071e8                __libc_init_array
 .text._ZN12_GLOBAL__N_113constant_initD2Ev
                0x08007238        0x4 c:/program files (x86)/arm gnu toolchain arm-none-eabi/12.2 mpacbti-rel1/bin/../lib/gcc/arm-none-eabi/12.2.1/thumb/v7e-m+fp/hard\libstdc++.a(eh_globals.o)
 .text.startup._GLOBAL__sub_I___cxa_get_globals_fast
                0x0800723c       0x18 c:/program files (x86)/arm gnu toolchain arm-none-eabi/12.2 mpacbti-rel1/bin/../lib/gcc/arm-none-eabi/12.2.1/thumb/v7e-m+fp/hard\libstdc++.a(eh_globals.o)
 .text.__aeabi_atexit
                0x08007254        0xc c:/program files (x86)/arm gnu toolchain arm-none-eabi/12.2 mpacbti-rel1/bin/../lib/gcc/arm-none-eabi/12.2.1/thumb/v7e-m+fp/hard\libstdc++.a(atexit_arm.o)
                0x08007254                __aeabi_atexit
 .text.__cxa_atexit
                0x08007260        0xc c:/program files (x86)/arm gnu toolchain arm-none-eabi/12.2 mpacbti-rel1/bin/../lib/gcc/arm-none-eabi/12.2.1/thumb/v7e-m+fp/hard\libc.a(libc_a-cxa_atexit.o)
                0x08007260                __cxa_atexit
 *(.glue_7)
 .glue_7        0x0800726c        0x0 linker stubs
 *(.glue_7t)
 .glue_7t       0x0800726c        0x0 linker stubs
 *(.eh_frame)
 .eh_frame      0x0800726c        0x0 c:/program files (x86)/arm gnu toolchain arm-none-eabi/12.2 mpacbti-rel1/bin/../lib/gcc/arm-none-eabi/12.2.1/thumb/v7e-m+fp/hard/crtbegin.o
 *(.init)
 .init          0x0800726c        0x4 c:/program files (x86)/arm gnu toolchain arm-none-eabi/12.2 mpacbti-rel1/bin/../lib/gcc/arm-none-eabi/12.2.1/thumb/v7e-m+fp/hard/crti.o
                0x0800726c                _init
 .init          0x08007270        0x8 c:/program files (x86)/arm gnu toolchain arm-none-eabi/12.2 mpacbti-rel1/bin/../lib/gcc/arm-none-eabi/12.2.1/thumb/v7e-m+fp/hard/crtn.o
 *(.fini)
 .fini          0x08007278        0x4 c:/program files (x86)/arm gnu toolchain arm-none-eabi/12.2 mpacbti-rel1/bin/../lib/gcc/arm-none-eabi/12.2.1/thumb/v7e-m+fp/hard/crti.o
                0x08007278                _fini
 .fini          0x0800727c        0x8 c:/program files (x86)/arm gnu toolchain arm-none-eabi/12.2 mpacbti-rel1/bin/../lib/gcc/arm-none-eabi/12.2.1/thumb/v7e-m+fp/hard/crtn.o
                0x08007284                        . = ALIGN (0x4)
                0x08007284                        _etext = .

.vfp11_veneer   0x08007284        0x0
 .vfp11_veneer  0x08007284        0x0 linker stubs

.v4_bx          0x08007284        0x0
 .v4_bx         0x08007284        0x0 linker stubs

.iplt           0x08007284        0x0
 .iplt          0x08007284        0x0 c:/program files (x86)/arm gnu toolchain arm-none-eabi/12.2 mpacbti-rel1/bin/../lib/gcc/arm-none-eabi/12.2.1/thumb/v7e-m+fp/hard/crtbegin.o

.rodata         0x08007284      0xb94
                0x08007284                        . = ALIGN (0x4)
 *(.rodata)
 *(.rodata*)
 .rodata.free.str1.1
                0x08007284       0x27 ./iapbuild/./RepRapFirmware/src/libc/nano-mallocr.o
 .rodata.check_fs.str1.1
                0x080072ab        0x9 ./iapbuild/./RepRapFirmware/src/Libraries/Fatfs/ff.o
 .rodata.follow_path.str1.1
                0x080072b4       0x10 ./iapbuild/./RepRapFirmware/src/Libraries/Fatfs/ff.o
 .rodata.ExCvt  0x080072c4       0x80 ./iapbuild/./RepRapFirmware/src/Libraries/Fatfs/ff.o
 .rodata.LfnOfs
                0x08007344        0xd ./iapbuild/./RepRapFirmware/src/Libraries/Fatfs/ff.o
 *fill*         0x08007351        0x1 
 .rodata.cvt2.0
                0x08007352       0xbc ./iapbuild/./RepRapFirmware/src/Libraries/Fatfs/ffunicode.o
 .rodata.cvt1.1
                0x0800740e      0x1f2 ./iapbuild/./RepRapFirmware/src/Libraries/Fatfs/ffunicode.o
 .rodata.uc850  0x08007600      0x100 ./iapbuild/./RepRapFirmware/src/Libraries/Fatfs/ffunicode.o
 .rodata._ZN10SDCardSDIO10disk_writeEPKhmm.str1.1
                0x08007700       0x21 ./iapbuild/./RepRapFirmware/src/Hardware/STM32/Libraries/Fatfs/SDCardSDIO.o
 .rodata._ZN10SDCardSDIO9disk_readEPhmm.str1.1
                0x08007721       0x23 ./iapbuild/./RepRapFirmware/src/Hardware/STM32/Libraries/Fatfs/SDCardSDIO.o
 .rodata._ZTV10SDCardSDIO
                0x08007744       0x2c ./iapbuild/./RepRapFirmware/src/Hardware/STM32/Libraries/Fatfs/SDCardSDIO.o
                0x08007744                vtable for SDCardSDIO
 .rodata._Z20sd_mmc_setSSPChannelh10SSPChannel7PinName.str1.1
                0x08007770       0x22 ./iapbuild/./RepRapFirmware/src/Hardware/STM32/Libraries/Fatfs/sd_mmc_wrapper.o
 .rodata._Z7AppMainv.str1.1
                0x08007792        0x3 ./iapbuild/./IAP/src/main.o
 .rodata.VersionText
                0x08007795       0x2b ./iapbuild/./IAP/src/main.o
                0x08007795                VersionText
 .rodata._ZL15badFirmwarePath
                0x080077c0       0x10 ./iapbuild/./IAP/src/main.o
 .rodata._ZL16goodFirmwarePath
                0x080077d0       0x10 ./iapbuild/./IAP/src/main.o
 .rodata._ZL12firmwarePath
                0x080077e0       0x10 ./iapbuild/./IAP/src/main.o
 .rodata.D1CorePrescTable
                0x080077f0       0x10 ./iapbuild/\libSTMCore.a(system_stm32yyxx.o)
                0x080077f0                D1CorePrescTable
 .rodata.HAL_NVIC_SetPriorityGrouping.str1.1
                0x08007800       0x51 ./iapbuild/\libSTMCore.a(stm32h7xx_hal_cortex.o)
 .rodata.FLASH_WaitForLastOperation.str1.1
                0x08007851       0x50 ./iapbuild/\libSTMCore.a(stm32h7xx_hal_flash.o)
 .rodata.FLASH_MassErase.str1.1
                0x080078a1       0x53 ./iapbuild/\libSTMCore.a(stm32h7xx_hal_flash_ex.o)
 .rodata.SystemClockStartupInit.part.0.str1.1
                0x080078f4       0x31 ./iapbuild/\libSTMCore.a(variant.o)
 .rodata._ZN12HardwareSDIO7tryInitEb.str1.1
                0x08007925       0xaf ./iapbuild/\libSTMCore.a(HardwareSDIO.o)
 .rodata._ZN12HardwareSDIO10ReadBlocksEPmmmm.str1.1
                0x080079d4       0x59 ./iapbuild/\libSTMCore.a(HardwareSDIO.o)
 .rodata._ZN12HardwareSDIO11WriteBlocksEPmmmm.str1.1
                0x08007a2d       0x54 ./iapbuild/\libSTMCore.a(HardwareSDIO.o)
 .rodata.pin_get_function.str1.1
                0x08007a81       0x1b ./iapbuild/\libSTMCore.a(pinmap.o)
 .rodata.pin_map_ll
                0x08007a9c       0x40 ./iapbuild/\libSTMCore.a(pinmap.o)
                0x08007a9c                pin_map_ll
 .rodata._Error_Handler.str1.1
                0x08007adc       0x10 ./iapbuild/\libSTMCore.a(stm32_def.o)
 .rodata.HAL_IWDG_Init.str1.1
                0x08007aec       0x4f ./iapbuild/\libSTMCore.a(stm32h7xx_hal_iwdg.o)
 .rodata.HAL_PWREx_ConfigSupply.str1.1
                0x08007b3b       0x51 ./iapbuild/\libSTMCore.a(stm32h7xx_hal_pwr_ex.o)
 .rodata.HAL_RCC_OscConfig.str1.1
                0x08007b8c       0x4e ./iapbuild/\libSTMCore.a(stm32h7xx_hal_rcc.o)
 .rodata.RCCEx_PLL2_Config.str1.1
                0x08007bda       0x51 ./iapbuild/\libSTMCore.a(stm32h7xx_hal_rcc_ex.o)
 .rodata.HAL_SD_DeInit.str1.1
                0x08007c2b       0x4d ./iapbuild/\libSTMCore.a(stm32h7xx_hal_sd.o)
 .rodata.SDMMC_Init.str1.1
                0x08007c78       0x4f ./iapbuild/\libSTMCore.a(stm32h7xx_ll_sdmmc.o)
 *fill*         0x08007cc7        0x1 
 .rodata.PinMap_SD
                0x08007cc8      0x150 ./iapbuild/\libSTMCore.a(PeripheralPins.o)
                0x08007cc8                PinMap_SD
                0x08007e18                        . = ALIGN (0x4)

.ARM.extab      0x08007e18        0x0
                0x08007e18                        . = ALIGN (0x4)
 *(.ARM.extab* .gnu.linkonce.armextab.*)
                0x08007e18                        . = ALIGN (0x4)

.ARM            0x08007e18        0x8
                0x08007e18                        . = ALIGN (0x4)
                0x08007e18                        __exidx_start = .
 *(.ARM.exidx*)
 .ARM.exidx.text._ZN12_GLOBAL__N_113constant_initD2Ev
                0x08007e18        0x8 c:/program files (x86)/arm gnu toolchain arm-none-eabi/12.2 mpacbti-rel1/bin/../lib/gcc/arm-none-eabi/12.2.1/thumb/v7e-m+fp/hard\libstdc++.a(eh_globals.o)
 .ARM.exidx.text.startup._GLOBAL__sub_I___cxa_get_globals_fast
                0x08007e20        0x0 c:/program files (x86)/arm gnu toolchain arm-none-eabi/12.2 mpacbti-rel1/bin/../lib/gcc/arm-none-eabi/12.2.1/thumb/v7e-m+fp/hard\libstdc++.a(eh_globals.o)
                                  0x8 (size before relaxing)
 .ARM.exidx.text.__aeabi_atexit
                0x08007e20        0x0 c:/program files (x86)/arm gnu toolchain arm-none-eabi/12.2 mpacbti-rel1/bin/../lib/gcc/arm-none-eabi/12.2.1/thumb/v7e-m+fp/hard\libstdc++.a(atexit_arm.o)
                                  0x8 (size before relaxing)
                0x08007e20                        __exidx_end = .
                0x08007e20                        . = ALIGN (0x4)

.rel.dyn        0x08007e20        0x0
 .rel.iplt      0x08007e20        0x0 c:/program files (x86)/arm gnu toolchain arm-none-eabi/12.2 mpacbti-rel1/bin/../lib/gcc/arm-none-eabi/12.2.1/thumb/v7e-m+fp/hard/crtbegin.o

.preinit_array  0x08007e20        0x0
                0x08007e20                        . = ALIGN (0x4)
                0x08007e20                        PROVIDE (__preinit_array_start = .)
 *(.preinit_array*)
                0x08007e20                        PROVIDE (__preinit_array_end = .)
                0x08007e20                        . = ALIGN (0x4)

.init_array     0x08007e20        0xc
                0x08007e20                        . = ALIGN (0x4)
                0x08007e20                        PROVIDE (__init_array_start = .)
 *(SORT_BY_NAME(.init_array.*))
 .init_array.00101
                0x08007e20        0x4 ./iapbuild/\libSTMCore.a(Startup.o)
 *(.init_array*)
 .init_array    0x08007e24        0x4 c:/program files (x86)/arm gnu toolchain arm-none-eabi/12.2 mpacbti-rel1/bin/../lib/gcc/arm-none-eabi/12.2.1/thumb/v7e-m+fp/hard/crtbegin.o
 .init_array    0x08007e28        0x4 c:/program files (x86)/arm gnu toolchain arm-none-eabi/12.2 mpacbti-rel1/bin/../lib/gcc/arm-none-eabi/12.2.1/thumb/v7e-m+fp/hard\libstdc++.a(eh_globals.o)
                0x08007e2c                        PROVIDE (__init_array_end = .)
                0x08007e2c                        . = ALIGN (0x4)

.fini_array     0x08007e2c        0x4
                0x08007e2c                        . = ALIGN (0x4)
                [!provide]                        PROVIDE (__fini_array_start = .)
 *(SORT_BY_NAME(.fini_array.*))
 *(.fini_array*)
 .fini_array    0x08007e2c        0x4 c:/program files (x86)/arm gnu toolchain arm-none-eabi/12.2 mpacbti-rel1/bin/../lib/gcc/arm-none-eabi/12.2.1/thumb/v7e-m+fp/hard/crtbegin.o
                [!provide]                        PROVIDE (__fini_array_end = .)
                0x08007e30                        . = ALIGN (0x4)
                0x08007e30                        _sidata = LOADADDR (.data)

.data           0x24000000       0x1c load address 0x08007e30
                0x24000000                        . = ALIGN (0x4)
                0x24000000                        _sdata = .
 *(.data)
 *(.data*)
 .data.__dso_handle
                0x24000000        0x4 c:/program files (x86)/arm gnu toolchain arm-none-eabi/12.2 mpacbti-rel1/bin/../lib/gcc/arm-none-eabi/12.2.1/thumb/v7e-m+fp/hard/crtbegin.o
                0x24000000                __dso_handle
 .data.heapTop  0x24000004        0x4 ./iapbuild/./IAP/src/main.o
                0x24000004                heapTop
 .data.heapLimit
                0x24000008        0x4 ./iapbuild/./IAP/src/main.o
                0x24000008                heapLimit
 .data.SystemD2Clock
                0x2400000c        0x4 ./iapbuild/\libSTMCore.a(system_stm32yyxx.o)
                0x2400000c                SystemD2Clock
 .data.SystemCoreClock
                0x24000010        0x4 ./iapbuild/\libSTMCore.a(system_stm32yyxx.o)
                0x24000010                SystemCoreClock
 .data._ZZ22SystemClockStartupInitE10first_call
                0x24000014        0x1 ./iapbuild/\libSTMCore.a(variant.o)
 .data.uwTickFreq
                0x24000015        0x1 ./iapbuild/\libSTMCore.a(stm32h7xx_hal.o)
                0x24000015                uwTickFreq
 *fill*         0x24000016        0x2 
 .data.uwTickPrio
                0x24000018        0x4 ./iapbuild/\libSTMCore.a(stm32h7xx_hal.o)
                0x24000018                uwTickPrio
                0x2400001c                        . = ALIGN (0x4)
                0x2400001c                        _edata = .
                0x08007e4c                        _firmware_end = (_sidata + (_edata - _sdata))

.tm_clone_table
                0x2400001c        0x0 load address 0x08007e4c
 .tm_clone_table
                0x2400001c        0x0 c:/program files (x86)/arm gnu toolchain arm-none-eabi/12.2 mpacbti-rel1/bin/../lib/gcc/arm-none-eabi/12.2.1/thumb/v7e-m+fp/hard/crtbegin.o
 .tm_clone_table
                0x2400001c        0x0 c:/program files (x86)/arm gnu toolchain arm-none-eabi/12.2 mpacbti-rel1/bin/../lib/gcc/arm-none-eabi/12.2.1/thumb/v7e-m+fp/hard/crtend.o

.igot.plt       0x2400001c        0x0 load address 0x08007e4c
 .igot.plt      0x2400001c        0x0 c:/program files (x86)/arm gnu toolchain arm-none-eabi/12.2 mpacbti-rel1/bin/../lib/gcc/arm-none-eabi/12.2.1/thumb/v7e-m+fp/hard/crtbegin.o
                0x2400001c                        . = ALIGN (0x4)

.bss            0x24000020      0xbf4 load address 0x08007e4c
                0x24000020                        _sbss = .
                0x24000020                        __bss_start__ = _sbss
 *(.bss)
 *(.bss*)
 .bss.completed.1
                0x24000020        0x1 c:/program files (x86)/arm gnu toolchain arm-none-eabi/12.2 mpacbti-rel1/bin/../lib/gcc/arm-none-eabi/12.2.1/thumb/v7e-m+fp/hard/crtbegin.o
 *fill*         0x24000021        0x3 
 .bss.object.0  0x24000024       0x18 c:/program files (x86)/arm gnu toolchain arm-none-eabi/12.2 mpacbti-rel1/bin/../lib/gcc/arm-none-eabi/12.2.1/thumb/v7e-m+fp/hard/crtbegin.o
 .bss.__malloc_sbrk_start
                0x2400003c        0x4 ./iapbuild/./RepRapFirmware/src/libc/nano-mallocr.o
                0x2400003c                __malloc_sbrk_start
 .bss.__malloc_free_list
                0x24000040        0x4 ./iapbuild/./RepRapFirmware/src/libc/nano-mallocr.o
                0x24000040                __malloc_free_list
 .bss.Fsid      0x24000044        0x2 ./iapbuild/./RepRapFirmware/src/Libraries/Fatfs/ff.o
 *fill*         0x24000046        0x2 
 .bss.FatFs     0x24000048        0x8 ./iapbuild/./RepRapFirmware/src/Libraries/Fatfs/ff.o
 .bss._ffs      0x24000050        0x8 ./iapbuild/./RepRapFirmware/src/Hardware/STM32/Libraries/Fatfs/sd_mmc_wrapper.o
                0x24000050                _ffs
 .bss._ZZ7AppMainvE12sectorBuffer
                0x24000058      0x200 ./iapbuild/./IAP/src/main.o
 .bss.ioBuffer  0x24000258      0x800 ./iapbuild/./IAP/src/main.o
                0x24000258                ioBuffer
 .bss.pFlash    0x24000a58       0x1c ./iapbuild/\libSTMCore.a(stm32h7xx_hal_flash.o)
                0x24000a58                pFlash
 *fill*         0x24000a74        0x4 
 .bss._ZL10g_ms_ticks
                0x24000a78        0x8 ./iapbuild/\libSTMCore.a(CoreIO.o)
 .bss._ZL8wdHandle
                0x24000a80       0x10 ./iapbuild/\libSTMCore.a(CoreIO.o)
 .bss._ZN12HardwareSDIO5SDIO1E
                0x24000a90      0x174 ./iapbuild/\libSTMCore.a(HardwareSDIO.o)
                0x24000a90                HardwareSDIO::SDIO1
 .bss.uwTick    0x24000c04        0x4 ./iapbuild/\libSTMCore.a(stm32h7xx_hal.o)
                0x24000c04                uwTick
 .bss._ZN12_GLOBAL__N_110eh_globalsE
                0x24000c08        0xc c:/program files (x86)/arm gnu toolchain arm-none-eabi/12.2 mpacbti-rel1/bin/../lib/gcc/arm-none-eabi/12.2.1/thumb/v7e-m+fp/hard\libstdc++.a(eh_globals.o)
 *(COMMON)
                0x24000c14                        . = ALIGN (0x4)
                0x24000c14                        _ebss = .
                0x24000c14                        __bss_end__ = _ebss

._user_heap_stack
                0x24000c14      0x604 load address 0x08007e4c
                0x24000c18                        . = ALIGN (0x8)
 *fill*         0x24000c14        0x4 
                [!provide]                        PROVIDE (end = .)
                0x24000c18                        PROVIDE (_end = .)
                0x24000e18                        . = (. + _Min_Heap_Size)
 *fill*         0x24000c18      0x200 
                0x24001218                        . = (. + _Min_Stack_Size)
 *fill*         0x24000e18      0x400 
                0x24001218                        . = ALIGN (0x8)

.ram_nocache2   0x24070000        0x0
                0x24070000                        . = ALIGN (0x4)
                0x24070000                        _szero_nocache2 = .
 *(.ram_nocache2 .ram_nocache2.*)
                0x24070000                        . = ALIGN (0x4)
                0x24070000                        _ezero_nocache2 = .

.ram_nocache    0x30000000        0x0
                0x30000000                        . = ALIGN (0x4)
                0x30000000                        _szero_nocache = .
 *(.CanMessage .CanMessage.*)
 *(.ram_nocache .ram_nocache.*)
                0x30000000                        . = ALIGN (0x4)
                0x30000000                        _ezero_nocache = .

/DISCARD/
 libc.a(*)
 libm.a(*)
 libgcc.a(*)

.ARM.attributes
                0x00000000       0x32
 *(.ARM.attributes)
 .ARM.attributes
                0x00000000       0x22 c:/program files (x86)/arm gnu toolchain arm-none-eabi/12.2 mpacbti-rel1/bin/../lib/gcc/arm-none-eabi/12.2.1/thumb/v7e-m+fp/hard/crti.o
 .ARM.attributes
                0x00000022       0x34 c:/program files (x86)/arm gnu toolchain arm-none-eabi/12.2 mpacbti-rel1/bin/../lib/gcc/arm-none-eabi/12.2.1/thumb/v7e-m+fp/hard/crtbegin.o
 .ARM.attributes
                0x00000056       0x34 ./iapbuild/./RepRapFirmware/src/libc/memcmp.o
 .ARM.attributes
                0x0000008a       0x34 ./iapbuild/./RepRapFirmware/src/libc/memcpy.o
 .ARM.attributes
                0x000000be       0x34 ./iapbuild/./RepRapFirmware/src/libc/memset.o
 .ARM.attributes
                0x000000f2       0x34 ./iapbuild/./RepRapFirmware/src/libc/nano-mallocr.o
 .ARM.attributes
                0x00000126       0x34 ./iapbuild/./RepRapFirmware/src/Libraries/Fatfs/ff.o
 .ARM.attributes
                0x0000015a       0x34 ./iapbuild/./RepRapFirmware/src/Libraries/Fatfs/ffunicode.o
 .ARM.attributes
                0x0000018e       0x34 ./iapbuild/./RepRapFirmware/src/Hardware/STM32/Libraries/Fatfs/SDCardSDIO.o
 .ARM.attributes
                0x000001c2       0x34 ./iapbuild/./RepRapFirmware/src/Hardware/STM32/Libraries/Fatfs/sd_mmc_wrapper.o
 .ARM.attributes
                0x000001f6       0x34 ./iapbuild/./IAP/src/main.o
 .ARM.attributes
                0x0000022a       0x34 ./iapbuild/./IAP/src/new.o
 .ARM.attributes
                0x0000025e       0x34 ./iapbuild/./IAP/src/FatFS/diskio.o
 .ARM.attributes
                0x00000292       0x34 ./iapbuild/./IAP/src/FatFS/fattime_rtc.o
 .ARM.attributes
                0x000002c6       0x34 ./iapbuild/\libSTMCore.a(system_stm32yyxx.o)
 .ARM.attributes
                0x000002fa       0x34 ./iapbuild/\libSTMCore.a(stm32h7xx_hal_cortex.o)
 .ARM.attributes
                0x0000032e       0x34 ./iapbuild/\libSTMCore.a(stm32h7xx_hal_flash.o)
 .ARM.attributes
                0x00000362       0x34 ./iapbuild/\libSTMCore.a(stm32h7xx_hal_flash_ex.o)
 .ARM.attributes
                0x00000396       0x34 ./iapbuild/\libSTMCore.a(Cache.o)
 .ARM.attributes
                0x000003ca       0x34 ./iapbuild/\libSTMCore.a(CoreIO.o)
 .ARM.attributes
                0x000003fe       0x34 ./iapbuild/\libSTMCore.a(Startup.o)
 .ARM.attributes
                0x00000432       0x34 ./iapbuild/\libSTMCore.a(variant.o)
 .ARM.attributes
                0x00000466       0x34 ./iapbuild/\libSTMCore.a(HardwareSDIO.o)
 .ARM.attributes
                0x0000049a       0x21 ./iapbuild/\libSTMCore.a(startup_stm32yyxx.o)
 .ARM.attributes
                0x000004bb       0x34 ./iapbuild/\libSTMCore.a(PortNames.o)
 .ARM.attributes
                0x000004ef       0x34 ./iapbuild/\libSTMCore.a(dwt.o)
 .ARM.attributes
                0x00000523       0x34 ./iapbuild/\libSTMCore.a(pinmap.o)
 .ARM.attributes
                0x00000557       0x34 ./iapbuild/\libSTMCore.a(stm32_def.o)
 .ARM.attributes
                0x0000058b       0x34 ./iapbuild/\libSTMCore.a(stm32h7xx_hal.o)
 .ARM.attributes
                0x000005bf       0x34 ./iapbuild/\libSTMCore.a(stm32h7xx_hal_iwdg.o)
 .ARM.attributes
                0x000005f3       0x34 ./iapbuild/\libSTMCore.a(stm32h7xx_hal_pwr_ex.o)
 .ARM.attributes
                0x00000627       0x34 ./iapbuild/\libSTMCore.a(stm32h7xx_hal_rcc.o)
 .ARM.attributes
                0x0000065b       0x34 ./iapbuild/\libSTMCore.a(stm32h7xx_hal_rcc_ex.o)
 .ARM.attributes
                0x0000068f       0x34 ./iapbuild/\libSTMCore.a(stm32h7xx_hal_sd.o)
 .ARM.attributes
                0x000006c3       0x34 ./iapbuild/\libSTMCore.a(stm32h7xx_ll_sdmmc.o)
 .ARM.attributes
                0x000006f7       0x34 ./iapbuild/\libSTMCore.a(PeripheralPins.o)
 .ARM.attributes
                0x0000072b       0x34 c:/program files (x86)/arm gnu toolchain arm-none-eabi/12.2 mpacbti-rel1/bin/../lib/gcc/arm-none-eabi/12.2.1/thumb/v7e-m+fp/hard\libc.a(libc_a-strchr.o)
 .ARM.attributes
                0x0000075f       0x34 c:/program files (x86)/arm gnu toolchain arm-none-eabi/12.2 mpacbti-rel1/bin/../lib/gcc/arm-none-eabi/12.2.1/thumb/v7e-m+fp/hard\libc.a(libc_a-init.o)
 .ARM.attributes
                0x00000793       0x34 c:/program files (x86)/arm gnu toolchain arm-none-eabi/12.2 mpacbti-rel1/bin/../lib/gcc/arm-none-eabi/12.2.1/thumb/v7e-m+fp/hard\libstdc++.a(eh_globals.o)
 .ARM.attributes
                0x000007c7       0x34 c:/program files (x86)/arm gnu toolchain arm-none-eabi/12.2 mpacbti-rel1/bin/../lib/gcc/arm-none-eabi/12.2.1/thumb/v7e-m+fp/hard\libstdc++.a(atexit_arm.o)
 .ARM.attributes
                0x000007fb       0x34 c:/program files (x86)/arm gnu toolchain arm-none-eabi/12.2 mpacbti-rel1/bin/../lib/gcc/arm-none-eabi/12.2.1/thumb/v7e-m+fp/hard\libc.a(libc_a-cxa_atexit.o)
 .ARM.attributes
                0x0000082f       0x34 c:/program files (x86)/arm gnu toolchain arm-none-eabi/12.2 mpacbti-rel1/bin/../lib/gcc/arm-none-eabi/12.2.1/thumb/v7e-m+fp/hard/crtend.o
 .ARM.attributes
                0x00000863       0x22 c:/program files (x86)/arm gnu toolchain arm-none-eabi/12.2 mpacbti-rel1/bin/../lib/gcc/arm-none-eabi/12.2.1/thumb/v7e-m+fp/hard/crtn.o
                0x30000000                        PROVIDE (_nocache_ram_start = ORIGIN (RAM_D2))
                0x30048000                        PROVIDE (_nocache_ram_end = (ORIGIN (RAM_D2) + LENGTH (RAM_D2)))
                0x24070000                        PROVIDE (_nocache2_ram_start = ORIGIN (RAM_D1NC))
                0x24080000                        PROVIDE (_nocache2_ram_end = (ORIGIN (RAM_D1NC) + LENGTH (RAM_D1NC)))
                0x2406ffc0                        PROVIDE (_estack = ((ORIGIN (RAM_D1) + LENGTH (RAM_D1)) - 0x40))
                0x08007e4c                        PROVIDE (_firmware_crc = _firmware_end)
OUTPUT(./iapbuild/stm32h7_bootloader_2.elf elf32-littlearm)
LOAD linker stubs
LOAD c:/program files (x86)/arm gnu toolchain arm-none-eabi/12.2 mpacbti-rel1/bin/../lib/gcc/arm-none-eabi/12.2.1/thumb/v7e-m+fp/hard\libc.a
LOAD c:/program files (x86)/arm gnu toolchain arm-none-eabi/12.2 mpacbti-rel1/bin/../lib/gcc/arm-none-eabi/12.2.1/thumb/v7e-m+fp/hard\libm.a
LOAD c:/program files (x86)/arm gnu toolchain arm-none-eabi/12.2 mpacbti-rel1/bin/../lib/gcc/arm-none-eabi/12.2.1/thumb/v7e-m+fp/hard\libgcc.a

.debug_info     0x00000000    0x37760
 .debug_info    0x00000000      0x104 ./iapbuild/./RepRapFirmware/src/libc/memcmp.o
 .debug_info    0x00000104      0x125 ./iapbuild/./RepRapFirmware/src/libc/memcpy.o
 .debug_info    0x00000229       0xe0 ./iapbuild/./RepRapFirmware/src/libc/memset.o
 .debug_info    0x00000309      0xef1 ./iapbuild/./RepRapFirmware/src/libc/nano-mallocr.o
 .debug_info    0x000011fa     0x4463 ./iapbuild/./RepRapFirmware/src/Libraries/Fatfs/ff.o
 .debug_info    0x0000565d      0x71a ./iapbuild/./RepRapFirmware/src/Libraries/Fatfs/ffunicode.o
 .debug_info    0x00005d77     0x38b0 ./iapbuild/./RepRapFirmware/src/Hardware/STM32/Libraries/Fatfs/SDCardSDIO.o
 .debug_info    0x00009627     0x2194 ./iapbuild/./RepRapFirmware/src/Hardware/STM32/Libraries/Fatfs/sd_mmc_wrapper.o
 .debug_info    0x0000b7bb     0x5387 ./iapbuild/./IAP/src/main.o
 .debug_info    0x00010b42     0x24da ./iapbuild/./IAP/src/new.o
 .debug_info    0x0001301c     0x1d8e ./iapbuild/./IAP/src/FatFS/diskio.o
 .debug_info    0x00014daa     0x19eb ./iapbuild/./IAP/src/FatFS/fattime_rtc.o
 .debug_info    0x00016795      0x9d4 ./iapbuild/\libSTMCore.a(system_stm32yyxx.o)
 .debug_info    0x00017169     0x159c ./iapbuild/\libSTMCore.a(stm32h7xx_hal_cortex.o)
 .debug_info    0x00018705      0xb70 ./iapbuild/\libSTMCore.a(stm32h7xx_hal_flash.o)
 .debug_info    0x00019275     0x16e6 ./iapbuild/\libSTMCore.a(stm32h7xx_hal_flash_ex.o)
 .debug_info    0x0001a95b     0x2a16 ./iapbuild/\libSTMCore.a(Cache.o)
 .debug_info    0x0001d371     0x3186 ./iapbuild/\libSTMCore.a(CoreIO.o)
 .debug_info    0x000204f7     0x23f2 ./iapbuild/\libSTMCore.a(Startup.o)
 .debug_info    0x000228e9     0x392d ./iapbuild/\libSTMCore.a(variant.o)
 .debug_info    0x00026216     0x3e91 ./iapbuild/\libSTMCore.a(HardwareSDIO.o)
 .debug_info    0x0002a0a7       0x30 ./iapbuild/\libSTMCore.a(startup_stm32yyxx.o)
 .debug_info    0x0002a0d7      0x6ac ./iapbuild/\libSTMCore.a(PortNames.o)
 .debug_info    0x0002a783      0x2ca ./iapbuild/\libSTMCore.a(dwt.o)
 .debug_info    0x0002aa4d     0x1213 ./iapbuild/\libSTMCore.a(pinmap.o)
 .debug_info    0x0002bc60       0xff ./iapbuild/\libSTMCore.a(stm32_def.o)
 .debug_info    0x0002bd5f     0x190b ./iapbuild/\libSTMCore.a(stm32h7xx_hal.o)
 .debug_info    0x0002d66a      0x2d2 ./iapbuild/\libSTMCore.a(stm32h7xx_hal_iwdg.o)
 .debug_info    0x0002d93c     0x1390 ./iapbuild/\libSTMCore.a(stm32h7xx_hal_pwr_ex.o)
 .debug_info    0x0002eccc     0x1628 ./iapbuild/\libSTMCore.a(stm32h7xx_hal_rcc.o)
 .debug_info    0x000302f4     0x1c0f ./iapbuild/\libSTMCore.a(stm32h7xx_hal_rcc_ex.o)
 .debug_info    0x00031f03     0x2669 ./iapbuild/\libSTMCore.a(stm32h7xx_hal_sd.o)
 .debug_info    0x0003456c     0x1d30 ./iapbuild/\libSTMCore.a(stm32h7xx_ll_sdmmc.o)
 .debug_info    0x0003629c     0x14c4 ./iapbuild/\libSTMCore.a(PeripheralPins.o)

.debug_abbrev   0x00000000     0x6d59
 .debug_abbrev  0x00000000       0x90 ./iapbuild/./RepRapFirmware/src/libc/memcmp.o
 .debug_abbrev  0x00000090       0xc3 ./iapbuild/./RepRapFirmware/src/libc/memcpy.o
 .debug_abbrev  0x00000153       0x9e ./iapbuild/./RepRapFirmware/src/libc/memset.o
 .debug_abbrev  0x000001f1      0x3c6 ./iapbuild/./RepRapFirmware/src/libc/nano-mallocr.o
 .debug_abbrev  0x000005b7      0x3cb ./iapbuild/./RepRapFirmware/src/Libraries/Fatfs/ff.o
 .debug_abbrev  0x00000982      0x13c ./iapbuild/./RepRapFirmware/src/Libraries/Fatfs/ffunicode.o
 .debug_abbrev  0x00000abe      0x619 ./iapbuild/./RepRapFirmware/src/Hardware/STM32/Libraries/Fatfs/SDCardSDIO.o
 .debug_abbrev  0x000010d7      0x47f ./iapbuild/./RepRapFirmware/src/Hardware/STM32/Libraries/Fatfs/sd_mmc_wrapper.o
 .debug_abbrev  0x00001556      0xad0 ./iapbuild/./IAP/src/main.o
 .debug_abbrev  0x00002026      0x487 ./iapbuild/./IAP/src/new.o
 .debug_abbrev  0x000024ad      0x2b5 ./iapbuild/./IAP/src/FatFS/diskio.o
 .debug_abbrev  0x00002762      0x18e ./iapbuild/./IAP/src/FatFS/fattime_rtc.o
 .debug_abbrev  0x000028f0      0x1bf ./iapbuild/\libSTMCore.a(system_stm32yyxx.o)
 .debug_abbrev  0x00002aaf      0x3e6 ./iapbuild/\libSTMCore.a(stm32h7xx_hal_cortex.o)
 .debug_abbrev  0x00002e95      0x361 ./iapbuild/\libSTMCore.a(stm32h7xx_hal_flash.o)
 .debug_abbrev  0x000031f6      0x365 ./iapbuild/\libSTMCore.a(stm32h7xx_hal_flash_ex.o)
 .debug_abbrev  0x0000355b      0x4b0 ./iapbuild/\libSTMCore.a(Cache.o)
 .debug_abbrev  0x00003a0b      0x760 ./iapbuild/\libSTMCore.a(CoreIO.o)
 .debug_abbrev  0x0000416b      0x3c9 ./iapbuild/\libSTMCore.a(Startup.o)
 .debug_abbrev  0x00004534      0x4ef ./iapbuild/\libSTMCore.a(variant.o)
 .debug_abbrev  0x00004a23      0x65b ./iapbuild/\libSTMCore.a(HardwareSDIO.o)
 .debug_abbrev  0x0000507e       0x24 ./iapbuild/\libSTMCore.a(startup_stm32yyxx.o)
 .debug_abbrev  0x000050a2      0x16b ./iapbuild/\libSTMCore.a(PortNames.o)
 .debug_abbrev  0x0000520d      0x124 ./iapbuild/\libSTMCore.a(dwt.o)
 .debug_abbrev  0x00005331      0x3c9 ./iapbuild/\libSTMCore.a(pinmap.o)
 .debug_abbrev  0x000056fa       0x9c ./iapbuild/\libSTMCore.a(stm32_def.o)
 .debug_abbrev  0x00005796      0x301 ./iapbuild/\libSTMCore.a(stm32h7xx_hal.o)
 .debug_abbrev  0x00005a97      0x18d ./iapbuild/\libSTMCore.a(stm32h7xx_hal_iwdg.o)
 .debug_abbrev  0x00005c24      0x316 ./iapbuild/\libSTMCore.a(stm32h7xx_hal_pwr_ex.o)
 .debug_abbrev  0x00005f3a      0x30e ./iapbuild/\libSTMCore.a(stm32h7xx_hal_rcc.o)
 .debug_abbrev  0x00006248      0x2bd ./iapbuild/\libSTMCore.a(stm32h7xx_hal_rcc_ex.o)
 .debug_abbrev  0x00006505      0x385 ./iapbuild/\libSTMCore.a(stm32h7xx_hal_sd.o)
 .debug_abbrev  0x0000688a      0x365 ./iapbuild/\libSTMCore.a(stm32h7xx_ll_sdmmc.o)
 .debug_abbrev  0x00006bef      0x16a ./iapbuild/\libSTMCore.a(PeripheralPins.o)

.debug_loclists
                0x00000000     0xafcf
 .debug_loclists
                0x00000000       0xa1 ./iapbuild/./RepRapFirmware/src/libc/memcmp.o
 .debug_loclists
                0x000000a1       0x8f ./iapbuild/./RepRapFirmware/src/libc/memcpy.o
 .debug_loclists
                0x00000130       0x47 ./iapbuild/./RepRapFirmware/src/libc/memset.o
 .debug_loclists
                0x00000177      0x4e4 ./iapbuild/./RepRapFirmware/src/libc/nano-mallocr.o
 .debug_loclists
                0x0000065b     0x3432 ./iapbuild/./RepRapFirmware/src/Libraries/Fatfs/ff.o
 .debug_loclists
                0x00003a8d      0x1ef ./iapbuild/./RepRapFirmware/src/Libraries/Fatfs/ffunicode.o
 .debug_loclists
                0x00003c7c      0x30d ./iapbuild/./RepRapFirmware/src/Hardware/STM32/Libraries/Fatfs/SDCardSDIO.o
 .debug_loclists
                0x00003f89      0x1f8 ./iapbuild/./RepRapFirmware/src/Hardware/STM32/Libraries/Fatfs/sd_mmc_wrapper.o
 .debug_loclists
                0x00004181      0x697 ./iapbuild/./IAP/src/main.o
 .debug_loclists
                0x00004818      0x231 ./iapbuild/./IAP/src/new.o
 .debug_loclists
                0x00004a49      0x1f9 ./iapbuild/./IAP/src/FatFS/diskio.o
 .debug_loclists
                0x00004c42      0x17b ./iapbuild/\libSTMCore.a(system_stm32yyxx.o)
 .debug_loclists
                0x00004dbd      0x3f6 ./iapbuild/\libSTMCore.a(stm32h7xx_hal_cortex.o)
 .debug_loclists
                0x000051b3      0x4b8 ./iapbuild/\libSTMCore.a(stm32h7xx_hal_flash.o)
 .debug_loclists
                0x0000566b      0x673 ./iapbuild/\libSTMCore.a(stm32h7xx_hal_flash_ex.o)
 .debug_loclists
                0x00005cde      0x1eb ./iapbuild/\libSTMCore.a(Cache.o)
 .debug_loclists
                0x00005ec9      0x53e ./iapbuild/\libSTMCore.a(CoreIO.o)
 .debug_loclists
                0x00006407      0x202 ./iapbuild/\libSTMCore.a(variant.o)
 .debug_loclists
                0x00006609      0x3cf ./iapbuild/\libSTMCore.a(HardwareSDIO.o)
 .debug_loclists
                0x000069d8      0x208 ./iapbuild/\libSTMCore.a(PortNames.o)
 .debug_loclists
                0x00006be0       0x17 ./iapbuild/\libSTMCore.a(dwt.o)
 .debug_loclists
                0x00006bf7      0x851 ./iapbuild/\libSTMCore.a(pinmap.o)
 .debug_loclists
                0x00007448       0x48 ./iapbuild/\libSTMCore.a(stm32_def.o)
 .debug_loclists
                0x00007490      0x45f ./iapbuild/\libSTMCore.a(stm32h7xx_hal.o)
 .debug_loclists
                0x000078ef       0x65 ./iapbuild/\libSTMCore.a(stm32h7xx_hal_iwdg.o)
 .debug_loclists
                0x00007954      0x3ca ./iapbuild/\libSTMCore.a(stm32h7xx_hal_pwr_ex.o)
 .debug_loclists
                0x00007d1e      0x503 ./iapbuild/\libSTMCore.a(stm32h7xx_hal_rcc.o)
 .debug_loclists
                0x00008221      0xbd5 ./iapbuild/\libSTMCore.a(stm32h7xx_hal_rcc_ex.o)
 .debug_loclists
                0x00008df6     0x1375 ./iapbuild/\libSTMCore.a(stm32h7xx_hal_sd.o)
 .debug_loclists
                0x0000a16b      0xe64 ./iapbuild/\libSTMCore.a(stm32h7xx_ll_sdmmc.o)

.debug_aranges  0x00000000     0x1238
 .debug_aranges
                0x00000000       0x20 ./iapbuild/./RepRapFirmware/src/libc/memcmp.o
 .debug_aranges
                0x00000020       0x20 ./iapbuild/./RepRapFirmware/src/libc/memcpy.o
 .debug_aranges
                0x00000040       0x20 ./iapbuild/./RepRapFirmware/src/libc/memset.o
 .debug_aranges
                0x00000060       0x58 ./iapbuild/./RepRapFirmware/src/libc/nano-mallocr.o
 .debug_aranges
                0x000000b8      0x188 ./iapbuild/./RepRapFirmware/src/Libraries/Fatfs/ff.o
 .debug_aranges
                0x00000240       0x30 ./iapbuild/./RepRapFirmware/src/Libraries/Fatfs/ffunicode.o
 .debug_aranges
                0x00000270       0x68 ./iapbuild/./RepRapFirmware/src/Hardware/STM32/Libraries/Fatfs/SDCardSDIO.o
 .debug_aranges
                0x000002d8       0x58 ./iapbuild/./RepRapFirmware/src/Hardware/STM32/Libraries/Fatfs/sd_mmc_wrapper.o
 .debug_aranges
                0x00000330      0x148 ./iapbuild/./IAP/src/main.o
 .debug_aranges
                0x00000478       0xe0 ./iapbuild/./IAP/src/new.o
 .debug_aranges
                0x00000558       0x40 ./iapbuild/./IAP/src/FatFS/diskio.o
 .debug_aranges
                0x00000598       0x20 ./iapbuild/./IAP/src/FatFS/fattime_rtc.o
 .debug_aranges
                0x000005b8       0x28 ./iapbuild/\libSTMCore.a(system_stm32yyxx.o)
 .debug_aranges
                0x000005e0       0xb0 ./iapbuild/\libSTMCore.a(stm32h7xx_hal_cortex.o)
 .debug_aranges
                0x00000690       0x88 ./iapbuild/\libSTMCore.a(stm32h7xx_hal_flash.o)
 .debug_aranges
                0x00000718       0x70 ./iapbuild/\libSTMCore.a(stm32h7xx_hal_flash_ex.o)
 .debug_aranges
                0x00000788       0x58 ./iapbuild/\libSTMCore.a(Cache.o)
 .debug_aranges
                0x000007e0       0xd8 ./iapbuild/\libSTMCore.a(CoreIO.o)
 .debug_aranges
                0x000008b8       0x38 ./iapbuild/\libSTMCore.a(Startup.o)
 .debug_aranges
                0x000008f0       0x48 ./iapbuild/\libSTMCore.a(variant.o)
 .debug_aranges
                0x00000938       0x88 ./iapbuild/\libSTMCore.a(HardwareSDIO.o)
 .debug_aranges
                0x000009c0       0x28 ./iapbuild/\libSTMCore.a(startup_stm32yyxx.o)
 .debug_aranges
                0x000009e8       0x20 ./iapbuild/\libSTMCore.a(PortNames.o)
 .debug_aranges
                0x00000a08       0x28 ./iapbuild/\libSTMCore.a(dwt.o)
 .debug_aranges
                0x00000a30       0x80 ./iapbuild/\libSTMCore.a(pinmap.o)
 .debug_aranges
                0x00000ab0       0x20 ./iapbuild/\libSTMCore.a(stm32_def.o)
 .debug_aranges
                0x00000ad0      0x198 ./iapbuild/\libSTMCore.a(stm32h7xx_hal.o)
 .debug_aranges
                0x00000c68       0x28 ./iapbuild/\libSTMCore.a(stm32h7xx_hal_iwdg.o)
 .debug_aranges
                0x00000c90      0x158 ./iapbuild/\libSTMCore.a(stm32h7xx_hal_pwr_ex.o)
 .debug_aranges
                0x00000de8       0x88 ./iapbuild/\libSTMCore.a(stm32h7xx_hal_rcc.o)
 .debug_aranges
                0x00000e70       0xf8 ./iapbuild/\libSTMCore.a(stm32h7xx_hal_rcc_ex.o)
 .debug_aranges
                0x00000f68      0x128 ./iapbuild/\libSTMCore.a(stm32h7xx_hal_sd.o)
 .debug_aranges
                0x00001090      0x190 ./iapbuild/\libSTMCore.a(stm32h7xx_ll_sdmmc.o)
 .debug_aranges
                0x00001220       0x18 ./iapbuild/\libSTMCore.a(PeripheralPins.o)

.debug_rnglists
                0x00000000     0x1324
 .debug_rnglists
                0x00000000       0x13 ./iapbuild/./RepRapFirmware/src/libc/memcmp.o
 .debug_rnglists
                0x00000013       0x13 ./iapbuild/./RepRapFirmware/src/libc/memcpy.o
 .debug_rnglists
                0x00000026       0x13 ./iapbuild/./RepRapFirmware/src/libc/memset.o
 .debug_rnglists
                0x00000039       0x6b ./iapbuild/./RepRapFirmware/src/libc/nano-mallocr.o
 .debug_rnglists
                0x000000a4      0x26f ./iapbuild/./RepRapFirmware/src/Libraries/Fatfs/ff.o
 .debug_rnglists
                0x00000313       0x20 ./iapbuild/./RepRapFirmware/src/Libraries/Fatfs/ffunicode.o
 .debug_rnglists
                0x00000333       0x55 ./iapbuild/./RepRapFirmware/src/Hardware/STM32/Libraries/Fatfs/SDCardSDIO.o
 .debug_rnglists
                0x00000388       0x3d ./iapbuild/./RepRapFirmware/src/Hardware/STM32/Libraries/Fatfs/sd_mmc_wrapper.o
 .debug_rnglists
                0x000003c5      0x1bb ./iapbuild/./IAP/src/main.o
 .debug_rnglists
                0x00000580       0xa3 ./iapbuild/./IAP/src/new.o
 .debug_rnglists
                0x00000623       0x49 ./iapbuild/./IAP/src/FatFS/diskio.o
 .debug_rnglists
                0x0000066c       0x13 ./iapbuild/./IAP/src/FatFS/fattime_rtc.o
 .debug_rnglists
                0x0000067f       0x26 ./iapbuild/\libSTMCore.a(system_stm32yyxx.o)
 .debug_rnglists
                0x000006a5       0xe4 ./iapbuild/\libSTMCore.a(stm32h7xx_hal_cortex.o)
 .debug_rnglists
                0x00000789       0x66 ./iapbuild/\libSTMCore.a(stm32h7xx_hal_flash.o)
 .debug_rnglists
                0x000007ef       0xfa ./iapbuild/\libSTMCore.a(stm32h7xx_hal_flash_ex.o)
 .debug_rnglists
                0x000008e9       0x3f ./iapbuild/\libSTMCore.a(Cache.o)
 .debug_rnglists
                0x00000928      0x112 ./iapbuild/\libSTMCore.a(CoreIO.o)
 .debug_rnglists
                0x00000a3a       0x31 ./iapbuild/\libSTMCore.a(Startup.o)
 .debug_rnglists
                0x00000a6b       0x3e ./iapbuild/\libSTMCore.a(variant.o)
 .debug_rnglists
                0x00000aa9       0x80 ./iapbuild/\libSTMCore.a(HardwareSDIO.o)
 .debug_rnglists
                0x00000b29       0x19 ./iapbuild/\libSTMCore.a(startup_stm32yyxx.o)
 .debug_rnglists
                0x00000b42       0x98 ./iapbuild/\libSTMCore.a(PortNames.o)
 .debug_rnglists
                0x00000bda       0x19 ./iapbuild/\libSTMCore.a(dwt.o)
 .debug_rnglists
                0x00000bf3       0xb1 ./iapbuild/\libSTMCore.a(pinmap.o)
 .debug_rnglists
                0x00000ca4       0x13 ./iapbuild/\libSTMCore.a(stm32_def.o)
 .debug_rnglists
                0x00000cb7      0x130 ./iapbuild/\libSTMCore.a(stm32h7xx_hal.o)
 .debug_rnglists
                0x00000de7       0x1a ./iapbuild/\libSTMCore.a(stm32h7xx_hal_iwdg.o)
 .debug_rnglists
                0x00000e01      0x10d ./iapbuild/\libSTMCore.a(stm32h7xx_hal_pwr_ex.o)
 .debug_rnglists
                0x00000f0e       0xac ./iapbuild/\libSTMCore.a(stm32h7xx_hal_rcc.o)
 .debug_rnglists
                0x00000fba       0xbf ./iapbuild/\libSTMCore.a(stm32h7xx_hal_rcc_ex.o)
 .debug_rnglists
                0x00001079      0x15a ./iapbuild/\libSTMCore.a(stm32h7xx_hal_sd.o)
 .debug_rnglists
                0x000011d3      0x151 ./iapbuild/\libSTMCore.a(stm32h7xx_ll_sdmmc.o)

.debug_line     0x00000000    0x17521
 .debug_line    0x00000000      0x178 ./iapbuild/./RepRapFirmware/src/libc/memcmp.o
 .debug_line    0x00000178      0x167 ./iapbuild/./RepRapFirmware/src/libc/memcpy.o
 .debug_line    0x000002df      0x159 ./iapbuild/./RepRapFirmware/src/libc/memset.o
 .debug_line    0x00000438      0x838 ./iapbuild/./RepRapFirmware/src/libc/nano-mallocr.o
 .debug_line    0x00000c70     0x3d03 ./iapbuild/./RepRapFirmware/src/Libraries/Fatfs/ff.o
 .debug_line    0x00004973      0x370 ./iapbuild/./RepRapFirmware/src/Libraries/Fatfs/ffunicode.o
 .debug_line    0x00004ce3      0x914 ./iapbuild/./RepRapFirmware/src/Hardware/STM32/Libraries/Fatfs/SDCardSDIO.o
 .debug_line    0x000055f7      0x77a ./iapbuild/./RepRapFirmware/src/Hardware/STM32/Libraries/Fatfs/sd_mmc_wrapper.o
 .debug_line    0x00005d71     0x12e9 ./iapbuild/./IAP/src/main.o
 .debug_line    0x0000705a      0x7e3 ./iapbuild/./IAP/src/new.o
 .debug_line    0x0000783d      0x687 ./iapbuild/./IAP/src/FatFS/diskio.o
 .debug_line    0x00007ec4      0x432 ./iapbuild/./IAP/src/FatFS/fattime_rtc.o
 .debug_line    0x000082f6      0x42a ./iapbuild/\libSTMCore.a(system_stm32yyxx.o)
 .debug_line    0x00008720      0x9fb ./iapbuild/\libSTMCore.a(stm32h7xx_hal_cortex.o)
 .debug_line    0x0000911b      0xc40 ./iapbuild/\libSTMCore.a(stm32h7xx_hal_flash.o)
 .debug_line    0x00009d5b      0xfa5 ./iapbuild/\libSTMCore.a(stm32h7xx_hal_flash_ex.o)
 .debug_line    0x0000ad00      0x944 ./iapbuild/\libSTMCore.a(Cache.o)
 .debug_line    0x0000b644      0xcfd ./iapbuild/\libSTMCore.a(CoreIO.o)
 .debug_line    0x0000c341      0x707 ./iapbuild/\libSTMCore.a(Startup.o)
 .debug_line    0x0000ca48      0xb07 ./iapbuild/\libSTMCore.a(variant.o)
 .debug_line    0x0000d54f      0xab0 ./iapbuild/\libSTMCore.a(HardwareSDIO.o)
 .debug_line    0x0000dfff       0x7a ./iapbuild/\libSTMCore.a(startup_stm32yyxx.o)
 .debug_line    0x0000e079      0x27d ./iapbuild/\libSTMCore.a(PortNames.o)
 .debug_line    0x0000e2f6      0x203 ./iapbuild/\libSTMCore.a(dwt.o)
 .debug_line    0x0000e4f9      0x797 ./iapbuild/\libSTMCore.a(pinmap.o)
 .debug_line    0x0000ec90       0x72 ./iapbuild/\libSTMCore.a(stm32_def.o)
 .debug_line    0x0000ed02      0xbdc ./iapbuild/\libSTMCore.a(stm32h7xx_hal.o)
 .debug_line    0x0000f8de      0x356 ./iapbuild/\libSTMCore.a(stm32h7xx_hal_iwdg.o)
 .debug_line    0x0000fc34      0xce6 ./iapbuild/\libSTMCore.a(stm32h7xx_hal_pwr_ex.o)
 .debug_line    0x0001091a     0x14aa ./iapbuild/\libSTMCore.a(stm32h7xx_hal_rcc.o)
 .debug_line    0x00011dc4     0x1b00 ./iapbuild/\libSTMCore.a(stm32h7xx_hal_rcc_ex.o)
 .debug_line    0x000138c4     0x2700 ./iapbuild/\libSTMCore.a(stm32h7xx_hal_sd.o)
 .debug_line    0x00015fc4     0x1362 ./iapbuild/\libSTMCore.a(stm32h7xx_ll_sdmmc.o)
 .debug_line    0x00017326      0x1fb ./iapbuild/\libSTMCore.a(PeripheralPins.o)

.debug_str      0x00000000     0x89f3
 .debug_str     0x00000000      0x1a0 ./iapbuild/./RepRapFirmware/src/libc/memcmp.o
                                0x1e0 (size before relaxing)
 .debug_str     0x000001a0       0x35 ./iapbuild/./RepRapFirmware/src/libc/memcpy.o
                                0x1f4 (size before relaxing)
 .debug_str     0x000001d5       0x21 ./iapbuild/./RepRapFirmware/src/libc/memset.o
                                0x1e0 (size before relaxing)
 .debug_str     0x000001f6      0x4e7 ./iapbuild/./RepRapFirmware/src/libc/nano-mallocr.o
                                0x753 (size before relaxing)
 .debug_str     0x000006dd      0xa14 ./iapbuild/./RepRapFirmware/src/Libraries/Fatfs/ff.o
                                0xca2 (size before relaxing)
 .debug_str     0x000010f1       0x3f ./iapbuild/./RepRapFirmware/src/Libraries/Fatfs/ffunicode.o
                                0x625 (size before relaxing)
 .debug_str     0x00001130     0x1fe1 ./iapbuild/./RepRapFirmware/src/Hardware/STM32/Libraries/Fatfs/SDCardSDIO.o
                               0x27d5 (size before relaxing)
 .debug_str     0x00003111      0x2b7 ./iapbuild/./RepRapFirmware/src/Hardware/STM32/Libraries/Fatfs/sd_mmc_wrapper.o
                               0x1613 (size before relaxing)
 .debug_str     0x000033c8      0xe27 ./iapbuild/./IAP/src/main.o
                               0x366e (size before relaxing)
 .debug_str     0x000041ef       0xb4 ./iapbuild/./IAP/src/new.o
                               0x140b (size before relaxing)
 .debug_str     0x000042a3       0x55 ./iapbuild/./IAP/src/FatFS/diskio.o
                               0x11af (size before relaxing)
 .debug_str     0x000042f8       0x1e ./iapbuild/./IAP/src/FatFS/fattime_rtc.o
                               0x1067 (size before relaxing)
 .debug_str     0x00004316      0x273 ./iapbuild/\libSTMCore.a(system_stm32yyxx.o)
                                0x5d0 (size before relaxing)
 .debug_str     0x00004589      0x431 ./iapbuild/\libSTMCore.a(stm32h7xx_hal_cortex.o)
                               0x10b6 (size before relaxing)
 .debug_str     0x000049ba      0x32e ./iapbuild/\libSTMCore.a(stm32h7xx_hal_flash.o)
                                0x752 (size before relaxing)
 .debug_str     0x00004ce8      0x417 ./iapbuild/\libSTMCore.a(stm32h7xx_hal_flash_ex.o)
                                0xa14 (size before relaxing)
 .debug_str     0x000050ff      0x1a8 ./iapbuild/\libSTMCore.a(Cache.o)
                               0x16f8 (size before relaxing)
 .debug_str     0x000052a7      0x526 ./iapbuild/\libSTMCore.a(CoreIO.o)
                               0x1ba2 (size before relaxing)
 .debug_str     0x000057cd       0x7f ./iapbuild/\libSTMCore.a(Startup.o)
                               0x158c (size before relaxing)
 .debug_str     0x0000584c      0x6ca ./iapbuild/\libSTMCore.a(variant.o)
                               0x271a (size before relaxing)
 .debug_str     0x00005f16      0x247 ./iapbuild/\libSTMCore.a(HardwareSDIO.o)
                               0x2acd (size before relaxing)
 .debug_str     0x0000615d       0x76 ./iapbuild/\libSTMCore.a(startup_stm32yyxx.o)
                                 0xa2 (size before relaxing)
 .debug_str     0x000061d3       0x9f ./iapbuild/\libSTMCore.a(PortNames.o)
                                0x4d6 (size before relaxing)
 .debug_str     0x00006272       0x4a ./iapbuild/\libSTMCore.a(dwt.o)
                                0x2eb (size before relaxing)
 .debug_str     0x000062bc      0x20e ./iapbuild/\libSTMCore.a(pinmap.o)
                                0x8f0 (size before relaxing)
 .debug_str     0x000064ca       0x1e ./iapbuild/\libSTMCore.a(stm32_def.o)
                                0x1f7 (size before relaxing)
 .debug_str     0x000064e8      0x756 ./iapbuild/\libSTMCore.a(stm32h7xx_hal.o)
                               0x1514 (size before relaxing)